Component: Arm Compiler for Embedded 6.24 Tool: armlink [5f371500]

==============================================================================

Section Cross References

    startup_stm32l073xx.o(STACK) refers (Special) to heapauxi.o(.text) for __use_two_region_memory
    startup_stm32l073xx.o(HEAP) refers (Special) to heapauxi.o(.text) for __use_two_region_memory
    startup_stm32l073xx.o(RESET) refers (Special) to heapauxi.o(.text) for __use_two_region_memory
    startup_stm32l073xx.o(RESET) refers to startup_stm32l073xx.o(STACK) for __initial_sp
    startup_stm32l073xx.o(RESET) refers to startup_stm32l073xx.o(.text) for Reset_Handler
    startup_stm32l073xx.o(RESET) refers to main.o(.text.SysTick_Handler) for SysTick_Handler
    startup_stm32l073xx.o(RESET) refers to main.o(.text.USART1_IRQHandler) for USART1_IRQHandler
    startup_stm32l073xx.o(RESET) refers to main.o(.text.USART2_IRQHandler) for USART2_IRQHandler
    startup_stm32l073xx.o(.text) refers (Special) to heapauxi.o(.text) for __use_two_region_memory
    startup_stm32l073xx.o(.text) refers to main.o(.text.SystemInit) for SystemInit
    startup_stm32l073xx.o(.text) refers to __main.o(!!!main) for __main
    startup_stm32l073xx.o(.text) refers to startup_stm32l073xx.o(HEAP) for Heap_Mem
    startup_stm32l073xx.o(.text) refers to startup_stm32l073xx.o(STACK) for Stack_Mem
    main.o(.text) refers (Special) to _printf_percent.o(.ARM.Collect$$_printf_percent$$00000000) for _printf_percent
    main.o(.text) refers (Special) to _printf_u.o(.ARM.Collect$$_printf_percent$$0000000A) for _printf_u
    main.o(.text) refers (Special) to _printf_f.o(.ARM.Collect$$_printf_percent$$00000003) for _printf_f
    main.o(.text) refers (Special) to _printf_dec.o(.text) for _printf_int_dec
    main.o(.text) refers (Special) to printf1.o(x$fpl$printf1) for _printf_fp_dec
    main.o(.text.SystemInit) refers (Special) to _printf_percent.o(.ARM.Collect$$_printf_percent$$00000000) for _printf_percent
    main.o(.text.SystemInit) refers (Special) to _printf_u.o(.ARM.Collect$$_printf_percent$$0000000A) for _printf_u
    main.o(.text.SystemInit) refers (Special) to _printf_f.o(.ARM.Collect$$_printf_percent$$00000003) for _printf_f
    main.o(.text.SystemInit) refers (Special) to _printf_dec.o(.text) for _printf_int_dec
    main.o(.text.SystemInit) refers (Special) to printf1.o(x$fpl$printf1) for _printf_fp_dec
    main.o(.ARM.exidx.text.SystemInit) refers (Special) to _printf_percent.o(.ARM.Collect$$_printf_percent$$00000000) for _printf_percent
    main.o(.ARM.exidx.text.SystemInit) refers (Special) to _printf_u.o(.ARM.Collect$$_printf_percent$$0000000A) for _printf_u
    main.o(.ARM.exidx.text.SystemInit) refers (Special) to _printf_f.o(.ARM.Collect$$_printf_percent$$00000003) for _printf_f
    main.o(.ARM.exidx.text.SystemInit) refers (Special) to _printf_dec.o(.text) for _printf_int_dec
    main.o(.ARM.exidx.text.SystemInit) refers (Special) to printf1.o(x$fpl$printf1) for _printf_fp_dec
    main.o(.ARM.exidx.text.SystemInit) refers to main.o(.text.SystemInit) for [Anonymous Symbol]
    main.o(.text.SysTick_Handler) refers (Special) to _printf_percent.o(.ARM.Collect$$_printf_percent$$00000000) for _printf_percent
    main.o(.text.SysTick_Handler) refers (Special) to _printf_u.o(.ARM.Collect$$_printf_percent$$0000000A) for _printf_u
    main.o(.text.SysTick_Handler) refers (Special) to _printf_f.o(.ARM.Collect$$_printf_percent$$00000003) for _printf_f
    main.o(.text.SysTick_Handler) refers (Special) to _printf_dec.o(.text) for _printf_int_dec
    main.o(.text.SysTick_Handler) refers (Special) to printf1.o(x$fpl$printf1) for _printf_fp_dec
    main.o(.text.SysTick_Handler) refers to main.o(.bss..L_MergedGlobals) for [Anonymous Symbol]
    main.o(.ARM.exidx.text.SysTick_Handler) refers (Special) to _printf_percent.o(.ARM.Collect$$_printf_percent$$00000000) for _printf_percent
    main.o(.ARM.exidx.text.SysTick_Handler) refers (Special) to _printf_u.o(.ARM.Collect$$_printf_percent$$0000000A) for _printf_u
    main.o(.ARM.exidx.text.SysTick_Handler) refers (Special) to _printf_f.o(.ARM.Collect$$_printf_percent$$00000003) for _printf_f
    main.o(.ARM.exidx.text.SysTick_Handler) refers (Special) to _printf_dec.o(.text) for _printf_int_dec
    main.o(.ARM.exidx.text.SysTick_Handler) refers (Special) to printf1.o(x$fpl$printf1) for _printf_fp_dec
    main.o(.ARM.exidx.text.SysTick_Handler) refers to main.o(.text.SysTick_Handler) for [Anonymous Symbol]
    main.o(.text.TIM2_us_init) refers (Special) to _printf_percent.o(.ARM.Collect$$_printf_percent$$00000000) for _printf_percent
    main.o(.text.TIM2_us_init) refers (Special) to _printf_u.o(.ARM.Collect$$_printf_percent$$0000000A) for _printf_u
    main.o(.text.TIM2_us_init) refers (Special) to _printf_f.o(.ARM.Collect$$_printf_percent$$00000003) for _printf_f
    main.o(.text.TIM2_us_init) refers (Special) to _printf_dec.o(.text) for _printf_int_dec
[...]
    main.o(.text.USART2_IRQHandler) refers (Special) to _printf_u.o(.ARM.Collect$$_printf_percent$$0000000A) for _printf_u
    main.o(.text.USART2_IRQHandler) refers (Special) to _printf_f.o(.ARM.Collect$$_printf_percent$$00000003) for _printf_f
    main.o(.text.USART2_IRQHandler) refers (Special) to _printf_dec.o(.text) for _printf_int_dec
    main.o(.text.USART2_IRQHandler) refers (Special) to printf1.o(x$fpl$printf1) for _printf_fp_dec
    main.o(.text.USART2_IRQHandler) refers to main.o(.bss.c) for c
    main.o(.ARM.exidx.text.USART2_IRQHandler) refers (Special) to _printf_percent.o(.ARM.Collect$$_printf_percent$$00000000) for _printf_percent
    main.o(.ARM.exidx.text.USART2_IRQHandler) refers (Special) to _printf_u.o(.ARM.Collect$$_printf_percent$$0000000A) for _printf_u
    main.o(.ARM.exidx.text.USART2_IRQHandler) refers (Special) to _printf_f.o(.ARM.Collect$$_printf_percent$$00000003) for _printf_f
    main.o(.ARM.exidx.text.USART2_IRQHandler) refers (Special) to _printf_dec.o(.text) for _printf_int_dec
    main.o(.ARM.exidx.text.USART2_IRQHandler) refers (Special) to printf1.o(x$fpl$printf1) for _printf_fp_dec
    main.o(.ARM.exidx.text.USART2_IRQHandler) refers to main.o(.text.USART2_IRQHandler) for [Anonymous Symbol]
    main.o(.data.SystemCoreClock) refers (Special) to _printf_percent.o(.ARM.Collect$$_printf_percent$$00000000) for _printf_percent
    main.o(.data.SystemCoreClock) refers (Special) to _printf_u.o(.ARM.Collect$$_printf_percent$$0000000A) for _printf_u
    main.o(.data.SystemCoreClock) refers (Special) to _printf_f.o(.ARM.Collect$$_printf_percent$$00000003) for _printf_f
    main.o(.data.SystemCoreClock) refers (Special) to _printf_dec.o(.text) for _printf_int_dec
    main.o(.data.SystemCoreClock) refers (Special) to printf1.o(x$fpl$printf1) for _printf_fp_dec
    main.o(.data.tx_buffer) refers (Special) to _printf_percent.o(.ARM.Collect$$_printf_percent$$00000000) for _printf_percent
    main.o(.data.tx_buffer) refers (Special) to _printf_u.o(.ARM.Collect$$_printf_percent$$0000000A) for _printf_u
    main.o(.data.tx_buffer) refers (Special) to _printf_f.o(.ARM.Collect$$_printf_percent$$00000003) for _printf_f
    main.o(.data.tx_buffer) refers (Special) to _printf_dec.o(.text) for _printf_int_dec
    main.o(.data.tx_buffer) refers (Special) to printf1.o(x$fpl$printf1) for _printf_fp_dec
    main.o(.bss.rx_data) refers (Special) to _printf_percent.o(.ARM.Collect$$_printf_percent$$00000000) for _printf_percent
    main.o(.bss.rx_data) refers (Special) to _printf_u.o(.ARM.Collect$$_printf_percent$$0000000A) for _printf_u
    main.o(.bss.rx_data) refers (Special) to _printf_f.o(.ARM.Collect$$_printf_percent$$00000003) for _printf_f
    main.o(.bss.rx_data) refers (Special) to _printf_dec.o(.text) for _printf_int_dec
    main.o(.bss.rx_data) refers (Special) to printf1.o(x$fpl$printf1) for _printf_fp_dec
    main.o(.data.str) refers (Special) to _printf_percent.o(.ARM.Collect$$_printf_percent$$00000000) for _printf_percent
    main.o(.data.str) refers (Special) to _printf_u.o(.ARM.Collect$$_printf_percent$$0000000A) for _printf_u
    main.o(.data.str) refers (Special) to _printf_f.o(.ARM.Collect$$_printf_percent$$00000003) for _printf_f
    main.o(.data.str) refers (Special) to _printf_dec.o(.text) for _printf_int_dec
    main.o(.data.str) refers (Special) to printf1.o(x$fpl$printf1) for _printf_fp_dec
    main.o(.data.str) refers to main.o(.bss.rx_data) for rx_data
    main.o(.bss.rx_buffer) refers (Special) to _printf_percent.o(.ARM.Collect$$_printf_percent$$00000000) for _printf_percent
    main.o(.bss.rx_buffer) refers (Special) to _printf_u.o(.ARM.Collect$$_printf_percent$$0000000A) for _printf_u
    main.o(.bss.rx_buffer) refers (Special) to _printf_f.o(.ARM.Collect$$_printf_percent$$00000003) for _printf_f
    main.o(.bss.rx_buffer) refers (Special) to _printf_dec.o(.text) for _printf_int_dec
    main.o(.bss.rx_buffer) refers (Special) to printf1.o(x$fpl$printf1) for _printf_fp_dec
    main.o(.data.cmd) refers (Special) to _printf_percent.o(.ARM.Collect$$_printf_percent$$00000000) for _printf_percent
    main.o(.data.cmd) refers (Special) to _printf_u.o(.ARM.Collect$$_printf_percent$$0000000A) for _printf_u
    main.o(.data.cmd) refers (Special) to _printf_f.o(.ARM.Collect$$_printf_percent$$00000003) for _printf_f
    main.o(.data.cmd) refers (Special) to _printf_dec.o(.text) for _printf_int_dec
    main.o(.data.cmd) refers (Special) to printf1.o(x$fpl$printf1) for _printf_fp_dec
    main.o(.data.cmd) refers to main.o(.bss.rx_buffer) for rx_buffer
    main.o(.bss.c) refers (Special) to _printf_percent.o(.ARM.Collect$$_printf_percent$$00000000) for _printf_percent
    main.o(.bss.c) refers (Special) to _printf_u.o(.ARM.Collect$$_printf_percent$$0000000A) for _printf_u
    main.o(.bss.c) refers (Special) to _printf_f.o(.ARM.Collect$$_printf_percent$$00000003) for _printf_f
    main.o(.bss.c) refers (Special) to _printf_dec.o(.text) for _printf_int_dec
    main.o(.bss.c) refers (Special) to printf1.o(x$fpl$printf1) for _printf_fp_dec
    main.o(.bss.rx_indx) refers (Special) to _printf_percent.o(.ARM.Collect$$_printf_percent$$00000000) for _printf_percent
    main.o(.bss.rx_indx) refers (Special) to _printf_u.o(.ARM.Collect$$_printf_percent$$0000000A) for _printf_u
    main.o(.bss.rx_indx) refers (Special) to _printf_f.o(.ARM.Collect$$_printf_percent$$00000003) for _printf_f
    main.o(.bss.rx_indx) refers (Special) to _printf_dec.o(.text) for _printf_int_dec
    main.o(.bss.rx_indx) refers (Special) to printf1.o(x$fpl$printf1) for _printf_fp_dec
    main.o(.ARM.use_no_argv) refers (Special) to _printf_percent.o(.ARM.Collect$$_printf_percent$$00000000) for _printf_percent
    main.o(.ARM.use_no_argv) refers (Special) to _printf_u.o(.ARM.Collect$$_printf_percent$$0000000A) for _printf_u
    main.o(.ARM.use_no_argv) refers (Special) to _printf_f.o(.ARM.Collect$$_printf_percent$$00000003) for _printf_f
    main.o(.ARM.use_no_argv) refers (Special) to _printf_dec.o(.text) for _printf_int_dec
    main.o(.ARM.use_no_argv) refers (Special) to printf1.o(x$fpl$printf1) for _printf_fp_dec
    main.o(.bss..L_MergedGlobals) refers (Special) to _printf_percent.o(.ARM.Collect$$_printf_percent$$00000000) for _printf_percent
    main.o(.bss..L_MergedGlobals) refers (Special) to _printf_u.o(.ARM.Collect$$_printf_percent$$0000000A) for _printf_u
    main.o(.bss..L_MergedGlobals) refers (Special) to _printf_f.o(.ARM.Collect$$_printf_percent$$00000003) for _printf_f
    main.o(.bss..L_MergedGlobals) refers (Special) to _printf_dec.o(.text) for _printf_int_dec
    main.o(.bss..L_MergedGlobals) refers (Special) to printf1.o(x$fpl$printf1) for _printf_fp_dec
    __2sprintf.o(.text) refers to _printf_char_common.o(.text) for _printf_char_common
    __2sprintf.o(.text) refers to _sputc.o(.text) for _sputc
    noretval__2sprintf.o(.text) refers to _printf_char_common.o(.text) for _printf_char_common
    noretval__2sprintf.o(.text) refers to _sputc.o(.text) for _sputc
    __printf.o(.text) refers to _printf_percent.o(.ARM.Collect$$_printf_percent$$00000000) for _printf_percent
    _printf_dec.o(.text) refers to rtudiv10.o(.text) for __rt_udiv10
    _printf_dec.o(.text) refers to _printf_intcommon.o(.text) for _printf_int_common
    __printf_flags.o(.text) refers to _printf_percent.o(.ARM.Collect$$_printf_percent$$00000000) for _printf_percent
    __printf_flags.o(.text) refers to __printf_flags.o(.constdata) for .constdata
    __printf_ss.o(.text) refers to _printf_percent.o(.ARM.Collect$$_printf_percent$$00000000) for _printf_percent
    __printf_flags_ss.o(.text) refers to _printf_percent.o(.ARM.Collect$$_printf_percent$$00000000) for _printf_percent
    __printf_flags_ss.o(.text) refers to __printf_flags_ss.o(.constdata) for .constdata
    __printf_wp.o(.text) refers to __printf_wp.o(i._is_digit) for _is_digit
    __printf_wp.o(.text) refers to _printf_percent.o(.ARM.Collect$$_printf_percent$$00000000) for _printf_percent
    __printf_flags_wp.o(.text) refers to __printf_wp.o(i._is_digit) for _is_digit
    __printf_flags_wp.o(.text) refers to _printf_percent.o(.ARM.Collect$$_printf_percent$$00000000) for _printf_percent
    __printf_flags_wp.o(.text) refers to __printf_flags_wp.o(.constdata) for .constdata
    __printf_ss_wp.o(.text) refers to __printf_wp.o(i._is_digit) for _is_digit
    __printf_ss_wp.o(.text) refers to _printf_percent.o(.ARM.Collect$$_printf_percent$$00000000) for _printf_percent
    __printf_flags_ss_wp.o(.text) refers to __printf_wp.o(i._is_digit) for _is_digit
    __printf_flags_ss_wp.o(.text) refers to _printf_percent.o(.ARM.Collect$$_printf_percent$$00000000) for _printf_percent
    __printf_flags_ss_wp.o(.text) refers to __printf_flags_ss_wp.o(.constdata) for .constdata
    _printf_u.o(.ARM.Collect$$_printf_percent$$0000000A) refers (Weak) to _printf_dec.o(.text) for _printf_int_dec
    _printf_f.o(.ARM.Collect$$_printf_percent$$00000003) refers (Weak) to printf1.o(x$fpl$printf1) for _printf_fp_dec
    _printf_percent.o(.ARM.Collect$$_printf_percent$$00000000) refers (Special) to _printf_percent_end.o(.ARM.Collect$$_printf_percent$$00000017) for _printf_percent_end
    __main.o(!!!main) refers to __rtentry.o(.ARM.Collect$$rtentry$$00000000) for __rt_entry
    d2f.o(.text) refers (Special) to usenofp.o(x$fpl$usenofp) for __I$use$fp
    ddiv.o(.text) refers (Special) to usenofp.o(x$fpl$usenofp) for __I$use$fp
    ddiv.o(.text) refers to ddiv.o(.constdata) for .constdata
    ddiv.o(.constdata) refers (Special) to usenofp.o(x$fpl$usenofp) for __I$use$fp
    dflti.o(.text) refers (Special) to usenofp.o(x$fpl$usenofp) for __I$use$fp
    f2d.o(.text) refers (Special) to usenofp.o(x$fpl$usenofp) for __I$use$fp
    printf1.o(x$fpl$printf1) refers to _printf_fp_dec.o(.text) for _printf_fp_dec_real
    __rtentry.o(.ARM.Collect$$rtentry$$00000000) refers (Special) to __rtentry2.o(.ARM.Collect$$rtentry$$0000000A) for __rt_entry_li
    __rtentry.o(.ARM.Collect$$rtentry$$00000000) refers (Special) to __rtentry2.o(.ARM.Collect$$rtentry$$0000000D) for __rt_entry_main
    __rtentry.o(.ARM.Collect$$rtentry$$00000000) refers (Special) to __rtentry2.o(.ARM.Collect$$rtentry$$0000000C) for __rt_entry_postli_1
    __rtentry.o(.ARM.Collect$$rtentry$$00000000) refers (Special) to __rtentry2.o(.ARM.Collect$$rtentry$$00000009) for __rt_entry_postsh_1
    __rtentry.o(.ARM.Collect$$rtentry$$00000000) refers (Special) to __rtentry2.o(.ARM.Collect$$rtentry$$00000002) for __rt_entry_presh_1
    __rtentry.o(.ARM.Collect$$rtentry$$00000000) refers (Special) to __rtentry4.o(.ARM.Collect$$rtentry$$00000004) for __rt_entry_sh
    aeabi_idiv0_sigfpe.o(.text) refers to rt_div0.o(.text) for __rt_div0
    _printf_fp_dec.o(.text) refers (Special) to usenofp.o(x$fpl$usenofp) for __I$use$fp
    _printf_fp_dec.o(.text) refers (Special) to lc_numeric_c.o(locale$$code) for _get_lc_numeric
    _printf_fp_dec.o(.text) refers to bigflt0.o(.text) for _btod_etento
    _printf_fp_dec.o(.text) refers to btod.o(.text) for _btod_d2e
    _printf_fp_dec.o(.text) refers to lludiv10.o(.text) for _ll_udiv10
    _printf_fp_dec.o(.text) refers to fpclassify.o(i.__ARM_fpclassify) for __ARM_fpclassify
    _printf_fp_dec.o(.text) refers to _printf_fp_infnan.o(.text) for _printf_fp_infnan
    _printf_fp_dec.o(.text) refers to rtudiv10.o(.text) for __rt_udiv10
    _printf_fp_dec.o(.text) refers to rt_locale_intlibspace.o(.text) for __rt_locale
    _printf_fp_dec_accurate.o(.text) refers (Special) to usenofp.o(x$fpl$usenofp) for __I$use$fp
    _printf_fp_dec_accurate.o(.text) refers (Special) to lc_numeric_c.o(locale$$code) for _get_lc_numeric
    _printf_fp_dec_accurate.o(.text) refers to btod_accurate.o(.text) for _btod_main
    _printf_fp_dec_accurate.o(.text) refers to fpclassify.o(i.__ARM_fpclassify) for __ARM_fpclassify
    _printf_fp_dec_accurate.o(.text) refers to _printf_fp_infnan.o(.text) for _printf_fp_infnan
    _printf_fp_dec_accurate.o(.text) refers to rtudiv10.o(.text) for __rt_udiv10
    _printf_fp_dec_accurate.o(.text) refers to rt_locale_intlibspace.o(.text) for __rt_locale
    _printf_char_common.o(.text) refers to __printf_wp.o(.text) for __printf
    __rtentry2.o(.ARM.Collect$$rtentry$$00000008) refers to boardinit2.o(.text) for _platform_post_stackheap_init
    __rtentry2.o(.ARM.Collect$$rtentry$$0000000A) refers to libinit.o(.ARM.Collect$$libinit$$00000000) for __rt_lib_init
    __rtentry2.o(.ARM.Collect$$rtentry$$0000000B) refers to boardinit3.o(.text) for _platform_post_lib_init
    __rtentry2.o(.ARM.Collect$$rtentry$$0000000D) refers to main.o(.text.main) for main
    __rtentry2.o(.ARM.Collect$$rtentry$$0000000D) refers to exit.o(.text) for exit
    __rtentry2.o(.ARM.exidx) refers to __rtentry2.o(.ARM.Collect$$rtentry$$00000001) for .ARM.Collect$$rtentry$$00000001
    __rtentry2.o(.ARM.exidx) refers to __rtentry2.o(.ARM.Collect$$rtentry$$00000008) for .ARM.Collect$$rtentry$$00000008
    __rtentry2.o(.ARM.exidx) refers to __rtentry2.o(.ARM.Collect$$rtentry$$0000000A) for .ARM.Collect$$rtentry$$0000000A
    __rtentry2.o(.ARM.exidx) refers to __rtentry2.o(.ARM.Collect$$rtentry$$0000000B) for .ARM.Collect$$rtentry$$0000000B
    __rtentry2.o(.ARM.exidx) refers to __rtentry2.o(.ARM.Collect$$rtentry$$0000000D) for .ARM.Collect$$rtentry$$0000000D
    __rtentry4.o(.ARM.Collect$$rtentry$$00000004) refers to sys_stackheap_outer.o(.text) for __user_setup_stackheap
    __rtentry4.o(.ARM.exidx) refers to __rtentry4.o(.ARM.Collect$$rtentry$$00000004) for .ARM.Collect$$rtentry$$00000004
    rt_div0.o(.text) refers to defsig_fpe_outer.o(.text) for __rt_SIGFPE
    rt_locale.o(.text) refers to rt_locale.o(.bss) for __rt_locale_data
    rt_locale_intlibspace.o(.text) refers to libspace.o(.bss) for __libspace_start
    bigflt0.o(.text) refers (Special) to usenofp.o(x$fpl$usenofp) for __I$use$fp
    bigflt0.o(.text) refers to aeabi_sdivfast.o(.text) for __aeabi_idivmod
    bigflt0.o(.text) refers to btod.o(.text) for _btod_emul
    bigflt0.o(.text) refers to bigflt0.o(.constdata) for .constdata
    bigflt0.o(.constdata) refers (Special) to usenofp.o(x$fpl$usenofp) for __I$use$fp
    btod.o(.text) refers to btod.o(i.__ARM_common_ll_muluu) for __ARM_common_ll_muluu
    btod_accurate.o(.text) refers to btod_accurate_common.o(.text) for _btod_common
    lc_numeric_c.o(locale$$data) refers (Special) to libinit2.o(.ARM.Collect$$libinit$$00000018) for __rt_lib_init_lc_numeric_2
    lc_numeric_c.o(locale$$code) refers (Special) to libinit2.o(.ARM.Collect$$libinit$$00000018) for __rt_lib_init_lc_numeric_2
    lc_numeric_c.o(locale$$code) refers to strcmpv6m.o(.text) for strcmp
    lc_numeric_c.o(locale$$code) refers to lc_numeric_c.o(locale$$data) for __lcnum_c_name
    ieee_status.o(.text) refers (Special) to usenofp.o(x$fpl$usenofp) for __I$use$fp
    fpclassify.o(i.__ARM_fpclassify) refers (Special) to usenofp.o(x$fpl$usenofp) for __I$use$fp
    libspace.o(.text) refers to libspace.o(.bss) for __libspace_start
    sys_stackheap_outer.o(.text) refers to libspace.o(.text) for __user_perproc_libspace
    sys_stackheap_outer.o(.text) refers to startup_stm32l073xx.o(.text) for __user_initial_stackheap
    sys_stackheap_outer.o(__vectab_stack_and_reset_area) refers to tempstk.o(.text) for __temporary_stack_top
    sys_stackheap_outer.o(__vectab_stack_and_reset_area) refers to __main.o(!!!main) for __main
    btod_accurate_common.o(.text) refers to aeabi_sdivfast.o(.text) for __aeabi_uidivmod
    btod_accurate_common.o(.text) refers to llushr.o(.text) for __aeabi_llsr
    exit.o(.text) refers to rtexit.o(.ARM.Collect$$rtexit$$00000000) for __rt_exit
    defsig_fpe_outer.o(.text) refers to defsig_fpe_inner.o(.text) for __rt_SIGFPE_inner
    defsig_fpe_outer.o(.text) refers to defsig_exit.o(.text) for __sig_exit
    defsig_fpe_formal.o(.text) refers to rt_raise.o(.text) for __rt_raise
    libinit.o(.ARM.Collect$$libinit$$00000000) refers (Special) to libinit2.o(.ARM.Collect$$libinit$$00000030) for __rt_lib_init_alloca_1
    libinit.o(.ARM.Collect$$libinit$$00000000) refers (Special) to libinit2.o(.ARM.Collect$$libinit$$0000002E) for __rt_lib_init_argv_1
    libinit.o(.ARM.Collect$$libinit$$00000000) refers (Special) to libinit2.o(.ARM.Collect$$libinit$$0000001D) for __rt_lib_init_atexit_1
    libinit.o(.ARM.Collect$$libinit$$00000000) refers (Special) to libinit2.o(.ARM.Collect$$libinit$$00000023) for __rt_lib_init_clock_1
    libinit.o(.ARM.Collect$$libinit$$00000000) refers (Special) to libinit2.o(.ARM.Collect$$libinit$$00000034) for __rt_lib_init_cpp_1
    libinit.o(.ARM.Collect$$libinit$$00000000) refers (Special) to libinit2.o(.ARM.Collect$$libinit$$00000032) for __rt_lib_init_exceptions_1
    libinit.o(.ARM.Collect$$libinit$$00000000) refers (Special) to libinit2.o(.ARM.Collect$$libinit$$00000002) for __rt_lib_init_fp_1
    libinit.o(.ARM.Collect$$libinit$$00000000) refers (Special) to libinit2.o(.ARM.Collect$$libinit$$00000021) for __rt_lib_init_fp_trap_1
    libinit.o(.ARM.Collect$$libinit$$00000000) refers (Special) to libinit2.o(.ARM.Collect$$libinit$$00000025) for __rt_lib_init_getenv_1
    libinit.o(.ARM.Collect$$libinit$$00000000) refers (Special) to libinit2.o(.ARM.Collect$$libinit$$0000000C) for __rt_lib_init_heap_1
    libinit.o(.ARM.Collect$$libinit$$00000000) refers (Special) to libinit2.o(.ARM.Collect$$libinit$$00000013) for __rt_lib_init_lc_collate_1
    libinit.o(.ARM.Collect$$libinit$$00000000) refers (Special) to libinit2.o(.ARM.Collect$$libinit$$00000015) for __rt_lib_init_lc_ctype_1
    libinit.o(.ARM.Collect$$libinit$$00000000) refers (Special) to libinit2.o(.ARM.Collect$$libinit$$00000017) for __rt_lib_init_lc_monetary_1
    libinit.o(.ARM.Collect$$libinit$$00000000) refers (Special) to libinit2.o(.ARM.Collect$$libinit$$00000019) for __rt_lib_init_lc_numeric_1
    libinit.o(.ARM.Collect$$libinit$$00000000) refers (Special) to libinit2.o(.ARM.Collect$$libinit$$0000001B) for __rt_lib_init_lc_time_1
    libinit.o(.ARM.Collect$$libinit$$00000000) refers (Special) to libinit2.o(.ARM.Collect$$libinit$$00000006) for __rt_lib_init_preinit_1
    libinit.o(.ARM.Collect$$libinit$$00000000) refers (Special) to libinit2.o(.ARM.Collect$$libinit$$00000010) for __rt_lib_init_rand_1
    libinit.o(.ARM.Collect$$libinit$$00000000) refers (Special) to libinit2.o(.ARM.Collect$$libinit$$00000004) for __rt_lib_init_relocate_pie_1
    libinit.o(.ARM.Collect$$libinit$$00000000) refers (Special) to libinit2.o(.ARM.Collect$$libinit$$00000035) for __rt_lib_init_return
    libinit.o(.ARM.Collect$$libinit$$00000000) refers (Special) to libinit2.o(.ARM.Collect$$libinit$$0000001F) for __rt_lib_init_signal_1
    libinit.o(.ARM.Collect$$libinit$$00000000) refers (Special) to libinit2.o(.ARM.Collect$$libinit$$00000027) for __rt_lib_init_stdio_1
    libinit.o(.ARM.Collect$$libinit$$00000000) refers (Special) to libinit2.o(.ARM.Collect$$libinit$$0000000E) for __rt_lib_init_user_alloc_1
    libinit2.o(.ARM.Collect$$libinit$$00000011) refers (Weak) to rt_locale_intlibspace.o(.text) for __rt_locale
    libinit2.o(.ARM.Collect$$libinit$$00000012) refers to libinit2.o(.ARM.Collect$$libinit$$00000011) for .ARM.Collect$$libinit$$00000011
    libinit2.o(.ARM.Collect$$libinit$$00000014) refers to libinit2.o(.ARM.Collect$$libinit$$00000011) for .ARM.Collect$$libinit$$00000011
    libinit2.o(.ARM.Collect$$libinit$$00000016) refers to libinit2.o(.ARM.Collect$$libinit$$00000011) for .ARM.Collect$$libinit$$00000011
    libinit2.o(.ARM.Collect$$libinit$$00000018) refers to libinit2.o(.ARM.Collect$$libinit$$00000011) for .ARM.Collect$$libinit$$00000011
    libinit2.o(.ARM.Collect$$libinit$$00000018) refers (Weak) to lc_numeric_c.o(locale$$code) for _get_lc_numeric
    libinit2.o(.ARM.Collect$$libinit$$0000001A) refers to libinit2.o(.ARM.Collect$$libinit$$00000011) for .ARM.Collect$$libinit$$00000011
    libinit2.o(.ARM.Collect$$libinit$$00000028) refers to argv_veneer.o(.text) for __ARM_argv_veneer
    libinit2.o(.ARM.Collect$$libinit$$00000029) refers to argv_veneer.o(.text) for __ARM_argv_veneer
    rtexit.o(.ARM.Collect$$rtexit$$00000000) refers (Special) to rtexit2.o(.ARM.Collect$$rtexit$$00000004) for __rt_exit_exit
    rtexit.o(.ARM.Collect$$rtexit$$00000000) refers (Special) to rtexit2.o(.ARM.Collect$$rtexit$$00000003) for __rt_exit_ls
    rtexit.o(.ARM.Collect$$rtexit$$00000000) refers (Special) to rtexit2.o(.ARM.Collect$$rtexit$$00000002) for __rt_exit_prels_1
    rtexit.o(.ARM.exidx) refers (Special) to rtexit2.o(.ARM.Collect$$rtexit$$00000004) for __rt_exit_exit
    rtexit.o(.ARM.exidx) refers (Special) to rtexit2.o(.ARM.Collect$$rtexit$$00000003) for __rt_exit_ls
    rtexit.o(.ARM.exidx) refers (Special) to rtexit2.o(.ARM.Collect$$rtexit$$00000002) for __rt_exit_prels_1
    rtexit.o(.ARM.exidx) refers to rtexit.o(.ARM.Collect$$rtexit$$00000000) for .ARM.Collect$$rtexit$$00000000
    rt_raise.o(.text) refers to __raise.o(.text) for __raise
    rt_raise.o(.text) refers to sys_exit.o(.text) for _sys_exit
    defsig_exit.o(.text) refers to sys_exit.o(.text) for _sys_exit
    defsig_fpe_inner.o(.text) refers to defsig_general.o(.text) for __default_signal_display
    sys_exit.o(.text) refers (Special) to use_no_semi.o(.text) for __I$use$semihosting
    sys_exit.o(.text) refers (Special) to indicate_semi.o(.text) for __semihosting_library_function
    sys_exit_hlt.o(.text) refers (Special) to use_no_semi.o(.text) for __I$use$semihosting
    sys_exit_hlt.o(.text) refers (Special) to indicate_semi.o(.text) for __semihosting_library_function
    rtexit2.o(.ARM.Collect$$rtexit$$00000003) refers to libshutdown.o(.ARM.Collect$$libshutdown$$00000000) for __rt_lib_shutdown
    rtexit2.o(.ARM.Collect$$rtexit$$00000004) refers to sys_exit.o(.text) for _sys_exit
    rtexit2.o(.ARM.exidx) refers to rtexit2.o(.ARM.Collect$$rtexit$$00000001) for .ARM.Collect$$rtexit$$00000001
    rtexit2.o(.ARM.exidx) refers to rtexit2.o(.ARM.Collect$$rtexit$$00000003) for .ARM.Collect$$rtexit$$00000003
    rtexit2.o(.ARM.exidx) refers to rtexit2.o(.ARM.Collect$$rtexit$$00000004) for .ARM.Collect$$rtexit$$00000004
    __raise.o(.text) refers to defsig.o(CL$$defsig) for __default_signal_handler
    defsig_general.o(.text) refers to sys_wrch.o(.text) for _ttywrch
    _get_argv_nomalloc.o(.text) refers (Special) to hrguard.o(.text) for __heap_region$guard
    _get_argv_nomalloc.o(.text) refers to defsig_rtmem_outer.o(.text) for __rt_SIGRTMEM
    _get_argv_nomalloc.o(.text) refers to sys_command.o(.text) for _sys_command_string
    sys_wrch.o(.text) refers (Special) to use_no_semi.o(.text) for __I$use$semihosting
    sys_wrch.o(.text) refers (Special) to indicate_semi.o(.text) for __semihosting_library_function
    sys_command.o(.text) refers (Special) to use_no_semi.o(.text) for __I$use$semihosting
    sys_command.o(.text) refers (Special) to indicate_semi.o(.text) for __semihosting_library_function
    sys_wrch_hlt.o(.text) refers (Special) to use_no_semi.o(.text) for __I$use$semihosting
    sys_wrch_hlt.o(.text) refers (Special) to indicate_semi.o(.text) for __semihosting_library_function
    sys_command_hlt.o(.text) refers (Special) to use_no_semi.o(.text) for __I$use$semihosting
    sys_command_hlt.o(.text) refers (Special) to indicate_semi.o(.text) for __semihosting_library_function
    defsig_rtmem_outer.o(.text) refers to defsig_rtmem_inner.o(.text) for __rt_SIGRTMEM_inner
    defsig_rtmem_outer.o(.text) refers to defsig_exit.o(.text) for __sig_exit
    defsig_rtmem_formal.o(.text) refers to rt_raise.o(.text) for __rt_raise
    defsig.o(CL$$defsig) refers to defsig_fpe_inner.o(.text) for __rt_SIGFPE_inner
    defsig.o(CL$$defsig) refers to defsig_rtmem_inner.o(.text) for __rt_SIGRTMEM_inner
    libshutdown.o(.ARM.Collect$$libshutdown$$00000000) refers (Special) to libshutdown2.o(.ARM.Collect$$libshutdown$$00000002) for __rt_lib_shutdown_cpp_1
    libshutdown.o(.ARM.Collect$$libshutdown$$00000000) refers (Special) to libshutdown2.o(.ARM.Collect$$libshutdown$$00000007) for __rt_lib_shutdown_fp_trap_1
    libshutdown.o(.ARM.Collect$$libshutdown$$00000000) refers (Special) to libshutdown2.o(.ARM.Collect$$libshutdown$$0000000F) for __rt_lib_shutdown_heap_1
    libshutdown.o(.ARM.Collect$$libshutdown$$00000000) refers (Special) to libshutdown2.o(.ARM.Collect$$libshutdown$$00000010) for __rt_lib_shutdown_return
    libshutdown.o(.ARM.Collect$$libshutdown$$00000000) refers (Special) to libshutdown2.o(.ARM.Collect$$libshutdown$$0000000A) for __rt_lib_shutdown_signal_1
    libshutdown.o(.ARM.Collect$$libshutdown$$00000000) refers (Special) to libshutdown2.o(.ARM.Collect$$libshutdown$$00000004) for __rt_lib_shutdown_stdio_1
    libshutdown.o(.ARM.Collect$$libshutdown$$00000000) refers (Special) to libshutdown2.o(.ARM.Collect$$libshutdown$$0000000C) for __rt_lib_shutdown_user_alloc_1
    defsig_abrt_inner.o(.text) refers to defsig_general.o(.text) for __default_signal_display
    defsig_rtred_inner.o(.text) refers to defsig_general.o(.text) for __default_signal_display
    defsig_rtmem_inner.o(.text) refers to defsig_general.o(.text) for __default_signal_display
    defsig_stak_inner.o(.text) refers to defsig_general.o(.text) for __default_signal_display
    defsig_pvfn_inner.o(.text) refers to defsig_general.o(.text) for __default_signal_display
    defsig_cppl_inner.o(.text) refers to defsig_general.o(.text) for __default_signal_display
    defsig_segv_inner.o(.text) refers to defsig_general.o(.text) for __default_signal_display
    defsig_other.o(.text) refers to defsig_general.o(.text) for __default_signal_display


==============================================================================

Removing Unused input sections from the image.

    Removing main.o(.text), (0 bytes).
    Removing main.o(.ARM.exidx.text.SystemInit), (8 bytes).
    Removing main.o(.ARM.exidx.text.SysTick_Handler), (8 bytes).
    Removing main.o(.text.TIM2_us_init), (64 bytes).
    Removing main.o(.ARM.exidx.text.TIM2_us_init), (8 bytes).
    Removing main.o(.text.delay_us), (36 bytes).
    Removing main.o(.ARM.exidx.text.delay_us), (8 bytes).
    Removing main.o(.text.delayMicroseconds), (132 bytes).
    Removing main.o(.ARM.exidx.text.delayMicroseconds), (8 bytes).
    Removing main.o(.text.HAL_GPIO_ReadPin), (10 bytes).
    Removing main.o(.ARM.exidx.text.HAL_GPIO_ReadPin), (8 bytes).
    Removing main.o(.text.HAL_GPIO_Init), (396 bytes).
    Removing main.o(.ARM.exidx.text.HAL_GPIO_Init), (8 bytes).
    Removing main.o(.text.HAL_GPIO_WritePin), (16 bytes).
    Removing main.o(.ARM.exidx.text.HAL_GPIO_WritePin), (8 bytes).
    Removing main.o(.text.Set_Pin_Output), (28 bytes).
    Removing main.o(.ARM.exidx.text.Set_Pin_Output), (8 bytes).
    Removing main.o(.text.Set_Pin_Input), (26 bytes).
    Removing main.o(.ARM.exidx.text.Set_Pin_Input), (8 bytes).
    Removing main.o(.text.DHT22_Start), (120 bytes).
    Removing main.o(.ARM.exidx.text.DHT22_Start), (8 bytes).
    Removing main.o(.text.DHT22_Check_Response), (144 bytes).
    Removing main.o(.ARM.exidx.text.DHT22_Check_Response), (8 bytes).
    Removing main.o(.ARM.exidx.text.DHT22_Read), (8 bytes).
    Removing main.o(.text.ADC1_Init), (196 bytes).
    Removing main.o(.ARM.exidx.text.ADC1_Init), (8 bytes).
    Removing main.o(.text.ADC1_Read), (44 bytes).
    Removing main.o(.ARM.exidx.text.ADC1_Read), (8 bytes).
    Removing main.o(.text.PWM_Init), (168 bytes).
    Removing main.o(.ARM.exidx.text.PWM_Init), (8 bytes).
    Removing main.o(.text.TIM6_Init), (64 bytes).
    Removing main.o(.ARM.exidx.text.TIM6_Init), (8 bytes).
    Removing main.o(.ARM.exidx.text.main), (8 bytes).
    Removing main.o(.ARM.exidx.text.USART1_IRQHandler), (8 bytes).
    Removing main.o(.ARM.exidx.text.USART2_IRQHandler), (8 bytes).
    Removing main.o(.data.tx_buffer), (27 bytes).
    Removing main.o(.bss.rx_data), (8 bytes).
    Removing main.o(.data.str), (4 bytes).
    Removing main.o(.bss.rx_buffer), (100 bytes).
    Removing main.o(.data.cmd), (4 bytes).
    Removing main.o(.bss.rx_indx), (1 bytes).
    Removing main.o(.ARM.use_no_argv), (4 bytes).

42 unused section(s) (total 1752 bytes) removed from the image.

==============================================================================

Image Symbol Table

    Local Symbols

    Symbol Name                              Value     Ov Type        Size  Object(Section)

    ../clib/angel/boardlib.s                 0x00000000   Number         0  boardinit1.o ABSOLUTE
    ../clib/angel/boardlib.s                 0x00000000   Number         0  boardinit2.o ABSOLUTE
    ../clib/angel/boardlib.s                 0x00000000   Number         0  boardinit3.o ABSOLUTE
    ../clib/angel/boardlib.s                 0x00000000   Number         0  boardshut.o ABSOLUTE
    ../clib/angel/handlers.s                 0x00000000   Number         0  __scatter_copy.o ABSOLUTE
    ../clib/angel/handlers.s                 0x00000000   Number         0  __scatter_zi.o ABSOLUTE
    ../clib/angel/kernel.s                   0x00000000   Number         0  __rtentry.o ABSOLUTE
    ../clib/angel/kernel.s                   0x00000000   Number         0  __rtentry2.o ABSOLUTE
    ../clib/angel/kernel.s                   0x00000000   Number         0  __rtentry4.o ABSOLUTE
    ../clib/angel/kernel.s                   0x00000000   Number         0  rtexit.o ABSOLUTE
    ../clib/angel/kernel.s                   0x00000000   Number         0  rtexit2.o ABSOLUTE
    ../clib/angel/rt.s                       0x00000000   Number         0  aeabi_idiv0.o ABSOLUTE
    ../clib/angel/rt.s                       0x00000000   Number         0  aeabi_idiv0_sigfpe.o ABSOLUTE
    ../clib/angel/rt.s                       0x00000000   Number         0  rt_div0.o ABSOLUTE
    ../clib/angel/rt.s                       0x00000000   Number         0  rt_locale.o ABSOLUTE
    ../clib/angel/rt.s                       0x00000000   Number         0  rt_locale_intlibspace.o ABSOLUTE
    ../clib/angel/rt.s                       0x00000000   Number         0  rt_raise.o ABSOLUTE
    ../clib/angel/scatterp.s                 0x00000000   Number         0  __scatter.o ABSOLUTE
    ../clib/angel/startup.s                  0x00000000   Number         0  __main.o ABSOLUTE
    ../clib/angel/sys.s                      0x00000000   Number         0  libspace.o ABSOLUTE
    ../clib/angel/sys.s                      0x00000000   Number         0  sys_stackheap_outer.o ABSOLUTE
    ../clib/angel/sys.s                      0x00000000   Number         0  tempstk.o ABSOLUTE
    ../clib/angel/sys.s                      0x00000000   Number         0  use_no_semi.o ABSOLUTE
    ../clib/angel/sys.s                      0x00000000   Number         0  indicate_semi.o ABSOLUTE
    ../clib/angel/sysapp.c                   0x00000000   Number         0  sys_exit.o ABSOLUTE
    ../clib/angel/sysapp.c                   0x00000000   Number         0  sys_exit_hlt.o ABSOLUTE
    ../clib/angel/sysapp.c                   0x00000000   Number         0  sys_wrch.o ABSOLUTE
    ../clib/angel/sysapp.c                   0x00000000   Number         0  sys_command.o ABSOLUTE
    ../clib/angel/sysapp.c                   0x00000000   Number         0  sys_wrch_hlt.o ABSOLUTE
    ../clib/angel/sysapp.c                   0x00000000   Number         0  sys_command_hlt.o ABSOLUTE
    ../clib/armsys.c                         0x00000000   Number         0  argv_veneer.o ABSOLUTE
    ../clib/armsys.c                         0x00000000   Number         0  _get_argv_nomalloc.o ABSOLUTE
    ../clib/armsys.c                         0x00000000   Number         0  no_argv.o ABSOLUTE
    ../clib/bigflt.c                         0x00000000   Number         0  bigflt0.o ABSOLUTE
    ../clib/btod.c                           0x00000000   Number         0  btod.o ABSOLUTE
    ../clib/btod_accurate.c                  0x00000000   Number         0  btod_accurate.o ABSOLUTE
    ../clib/btod_accurate.c                  0x00000000   Number         0  btod_accurate_common.o ABSOLUTE
    ../clib/division.c                       0x00000000   Number         0  rtudiv10.o ABSOLUTE
    ../clib/division.c                       0x00000000   Number         0  lludiv10.o ABSOLUTE
    ../clib/division.s                       0x00000000   Number         0  aeabi_sdivfast.o ABSOLUTE
    ../clib/division.s                       0x00000000   Number         0  aeabi_sdivfast_div0.o ABSOLUTE
    ../clib/heapalloc.c                      0x00000000   Number         0  hrguard.o ABSOLUTE
    ../clib/heapaux.c                        0x00000000   Number         0  heapauxi.o ABSOLUTE
    ../clib/libinit.s                        0x00000000   Number         0  libinit.o ABSOLUTE
    ../clib/libinit.s                        0x00000000   Number         0  libinit2.o ABSOLUTE
    ../clib/libinit.s                        0x00000000   Number         0  libshutdown.o ABSOLUTE
    ../clib/libinit.s                        0x00000000   Number         0  libshutdown2.o ABSOLUTE
    ../clib/locale.s                         0x00000000   Number         0  lc_numeric_c.o ABSOLUTE
    ../clib/longlong.c                       0x00000000   Number         0  llushr.o ABSOLUTE
    ../clib/memcpset.s                       0x00000000   Number         0  strcmpv6m.o ABSOLUTE
    ../clib/misc.s                           0x00000000   Number         0  printf_stubs.o ABSOLUTE
    ../clib/printf.c                         0x00000000   Number         0  __2sprintf.o ABSOLUTE
    ../clib/printf.c                         0x00000000   Number         0  noretval__2sprintf.o ABSOLUTE
    ../clib/printf.c                         0x00000000   Number         0  __printf.o ABSOLUTE
    ../clib/printf.c                         0x00000000   Number         0  _printf_dec.o ABSOLUTE
    ../clib/printf.c                         0x00000000   Number         0  __printf_flags.o ABSOLUTE
    ../clib/printf.c                         0x00000000   Number         0  __printf_ss.o ABSOLUTE
    ../clib/printf.c                         0x00000000   Number         0  __printf_flags_ss.o ABSOLUTE
    ../clib/printf.c                         0x00000000   Number         0  __printf_wp.o ABSOLUTE
    ../clib/printf.c                         0x00000000   Number         0  __printf_flags_wp.o ABSOLUTE
    ../clib/printf.c                         0x00000000   Number         0  __printf_ss_wp.o ABSOLUTE
    ../clib/printf.c                         0x00000000   Number         0  __printf_flags_ss_wp.o ABSOLUTE
    ../clib/printf.c                         0x00000000   Number         0  _printf_intcommon.o ABSOLUTE
    ../clib/printf.c                         0x00000000   Number         0  _printf_fp_dec.o ABSOLUTE
    ../clib/printf.c                         0x00000000   Number         0  _printf_fp_dec_accurate.o ABSOLUTE
    ../clib/printf.c                         0x00000000   Number         0  _printf_char_common.o ABSOLUTE
    ../clib/printf.c                         0x00000000   Number         0  _sputc.o ABSOLUTE
    ../clib/printf.c                         0x00000000   Number         0  _printf_fp_infnan.o ABSOLUTE
    ../clib/printf.c                         0x00000000   Number         0  __printf_nopercent.o ABSOLUTE
    ../clib/printf_percent.s                 0x00000000   Number         0  _printf_u.o ABSOLUTE
    ../clib/printf_percent.s                 0x00000000   Number         0  _printf_f.o ABSOLUTE
    ../clib/printf_percent.s                 0x00000000   Number         0  _printf_percent.o ABSOLUTE
    ../clib/printf_percent.s                 0x00000000   Number         0  _printf_percent_end.o ABSOLUTE
    ../clib/signal.c                         0x00000000   Number         0  defsig_fpe_outer.o ABSOLUTE
    ../clib/signal.c                         0x00000000   Number         0  defsig_fpe_formal.o ABSOLUTE
    ../clib/signal.c                         0x00000000   Number         0  defsig_exit.o ABSOLUTE
    ../clib/signal.c                         0x00000000   Number         0  defsig_fpe_inner.o ABSOLUTE
    ../clib/signal.c                         0x00000000   Number         0  __raise.o ABSOLUTE
    ../clib/signal.c                         0x00000000   Number         0  defsig_general.o ABSOLUTE
    ../clib/signal.c                         0x00000000   Number         0  defsig_rtmem_outer.o ABSOLUTE
    ../clib/signal.c                         0x00000000   Number         0  defsig_rtmem_formal.o ABSOLUTE
    ../clib/signal.c                         0x00000000   Number         0  defsig_abrt_inner.o ABSOLUTE
    ../clib/signal.c                         0x00000000   Number         0  defsig_rtred_inner.o ABSOLUTE
    ../clib/signal.c                         0x00000000   Number         0  defsig_rtmem_inner.o ABSOLUTE
    ../clib/signal.c                         0x00000000   Number         0  defsig_stak_inner.o ABSOLUTE
    ../clib/signal.c                         0x00000000   Number         0  defsig_pvfn_inner.o ABSOLUTE
    ../clib/signal.c                         0x00000000   Number         0  defsig_cppl_inner.o ABSOLUTE
    ../clib/signal.c                         0x00000000   Number         0  defsig_segv_inner.o ABSOLUTE
    ../clib/signal.c                         0x00000000   Number         0  defsig_other.o ABSOLUTE
    ../clib/signal.s                         0x00000000   Number         0  defsig.o ABSOLUTE
    ../clib/stdlib.c                         0x00000000   Number         0  exit.o ABSOLUTE
    ../clib/string.c                         0x00000000   Number         0  strlen.o ABSOLUTE
    ../fplib/cfplib/d2f.c                    0x00000000   Number         0  d2f.o ABSOLUTE
    ../fplib/cfplib/ddiv.c                   0x00000000   Number         0  ddiv.o ABSOLUTE
    ../fplib/cfplib/f2d.c                    0x00000000   Number         0  f2d.o ABSOLUTE
    ../fplib/cfplib/fflt.c                   0x00000000   Number         0  dflti.o ABSOLUTE
    ../fplib/cfplib/fpinit.c                 0x00000000   Number         0  fpinit.o ABSOLUTE
    ../fplib/cfplib/ieee_status.c            0x00000000   Number         0  ieee_status.o ABSOLUTE
    ../fplib/printf1.s                       0x00000000   Number         0  printf1.o ABSOLUTE
    ../fplib/usenofp.s                       0x00000000   Number         0  usenofp.o ABSOLUTE
    ../mathlib/fpclassify.c                  0x00000000   Number         0  fpclassify.o ABSOLUTE
    dc.s                                     0x00000000   Number         0  dc.o ABSOLUTE
    main.c                                   0x00000000   Number         0  main.o ABSOLUTE
    startup_stm32l073xx.s                    0x00000000   Number         0  startup_stm32l073xx.o ABSOLUTE
    RESET                                    0x08000000   Section      192  startup_stm32l073xx.o(RESET)
    !!!main                                  0x080000c0   Section        8  __main.o(!!!main)
    !!!scatter                               0x080000c8   Section       84  __scatter.o(!!!scatter)
    !!handler_copy                           0x0800011c   Section       26  __scatter_copy.o(!!handler_copy)
    !!handler_null                           0x08000138   Section        2  __scatter.o(!!handler_null)
    !!handler_zi                             0x0800013c   Section       28  __scatter_zi.o(!!handler_zi)
    .ARM.Collect$$_printf_percent$$00000000  0x08000158   Section        2  _printf_percent.o(.ARM.Collect$$_printf_percent$$00000000)
    .ARM.Collect$$_printf_percent$$00000003  0x0800015a   Section       10  _printf_f.o(.ARM.Collect$$_printf_percent$$00000003)
    .ARM.Collect$$_printf_percent$$0000000A  0x08000164   Section       10  _printf_u.o(.ARM.Collect$$_printf_percent$$0000000A)
    .ARM.Collect$$_printf_percent$$00000017  0x0800016e   Section        4  _printf_percent_end.o(.ARM.Collect$$_printf_percent$$00000017)
    .ARM.Collect$$libinit$$00000000          0x08000172   Section        2  libinit.o(.ARM.Collect$$libinit$$00000000)
    .ARM.Collect$$libinit$$00000002          0x08000174   Section        0  libinit2.o(.ARM.Collect$$libinit$$00000002)
    .ARM.Collect$$libinit$$00000004          0x08000174   Section        0  libinit2.o(.ARM.Collect$$libinit$$00000004)
    .ARM.Collect$$libinit$$00000006          0x08000174   Section        0  libinit2.o(.ARM.Collect$$libinit$$00000006)
    .ARM.Collect$$libinit$$0000000C          0x08000174   Section        0  libinit2.o(.ARM.Collect$$libinit$$0000000C)
    .ARM.Collect$$libinit$$0000000E          0x08000174   Section        0  libinit2.o(.ARM.Collect$$libinit$$0000000E)
    .ARM.Collect$$libinit$$00000010          0x08000174   Section        0  libinit2.o(.ARM.Collect$$libinit$$00000010)
    .ARM.Collect$$libinit$$00000011          0x08000174   Section        6  libinit2.o(.ARM.Collect$$libinit$$00000011)
    .ARM.Collect$$libinit$$00000013          0x0800017a   Section        0  libinit2.o(.ARM.Collect$$libinit$$00000013)
    .ARM.Collect$$libinit$$00000015          0x0800017a   Section        0  libinit2.o(.ARM.Collect$$libinit$$00000015)
    .ARM.Collect$$libinit$$00000017          0x0800017a   Section        0  libinit2.o(.ARM.Collect$$libinit$$00000017)
    .ARM.Collect$$libinit$$00000018          0x0800017a   Section       10  libinit2.o(.ARM.Collect$$libinit$$00000018)
    .ARM.Collect$$libinit$$00000019          0x08000184   Section        0  libinit2.o(.ARM.Collect$$libinit$$00000019)
    .ARM.Collect$$libinit$$0000001B          0x08000184   Section        0  libinit2.o(.ARM.Collect$$libinit$$0000001B)
    .ARM.Collect$$libinit$$0000001D          0x08000184   Section        0  libinit2.o(.ARM.Collect$$libinit$$0000001D)
    .ARM.Collect$$libinit$$0000001F          0x08000184   Section        0  libinit2.o(.ARM.Collect$$libinit$$0000001F)
    .ARM.Collect$$libinit$$00000021          0x08000184   Section        0  libinit2.o(.ARM.Collect$$libinit$$00000021)
    .ARM.Collect$$libinit$$00000023          0x08000184   Section        0  libinit2.o(.ARM.Collect$$libinit$$00000023)
    .ARM.Collect$$libinit$$00000025          0x08000184   Section        0  libinit2.o(.ARM.Collect$$libinit$$00000025)
    .ARM.Collect$$libinit$$00000027          0x08000184   Section        0  libinit2.o(.ARM.Collect$$libinit$$00000027)
    .ARM.Collect$$libinit$$0000002E          0x08000184   Section        0  libinit2.o(.ARM.Collect$$libinit$$0000002E)
    .ARM.Collect$$libinit$$00000030          0x08000184   Section        0  libinit2.o(.ARM.Collect$$libinit$$00000030)
    .ARM.Collect$$libinit$$00000032          0x08000184   Section        0  libinit2.o(.ARM.Collect$$libinit$$00000032)
    .ARM.Collect$$libinit$$00000034          0x08000184   Section        0  libinit2.o(.ARM.Collect$$libinit$$00000034)
    .ARM.Collect$$libinit$$00000035          0x08000184   Section        2  libinit2.o(.ARM.Collect$$libinit$$00000035)
    .ARM.Collect$$libshutdown$$00000000      0x08000186   Section        2  libshutdown.o(.ARM.Collect$$libshutdown$$00000000)
    .ARM.Collect$$libshutdown$$00000002      0x08000188   Section        0  libshutdown2.o(.ARM.Collect$$libshutdown$$00000002)
    .ARM.Collect$$libshutdown$$00000004      0x08000188   Section        0  libshutdown2.o(.ARM.Collect$$libshutdown$$00000004)
    .ARM.Collect$$libshutdown$$00000007      0x08000188   Section        0  libshutdown2.o(.ARM.Collect$$libshutdown$$00000007)
    .ARM.Collect$$libshutdown$$0000000A      0x08000188   Section        0  libshutdown2.o(.ARM.Collect$$libshutdown$$0000000A)
    .ARM.Collect$$libshutdown$$0000000C      0x08000188   Section        0  libshutdown2.o(.ARM.Collect$$libshutdown$$0000000C)
    .ARM.Collect$$libshutdown$$0000000F      0x08000188   Section        0  libshutdown2.o(.ARM.Collect$$libshutdown$$0000000F)
    .ARM.Collect$$libshutdown$$00000010      0x08000188   Section        2  libshutdown2.o(.ARM.Collect$$libshutdown$$00000010)
    .ARM.Collect$$rtentry$$00000000          0x0800018a   Section        0  __rtentry.o(.ARM.Collect$$rtentry$$00000000)
    .ARM.Collect$$rtentry$$00000002          0x0800018a   Section        0  __rtentry2.o(.ARM.Collect$$rtentry$$00000002)
    .ARM.Collect$$rtentry$$00000004          0x0800018a   Section        6  __rtentry4.o(.ARM.Collect$$rtentry$$00000004)
    .ARM.Collect$$rtentry$$00000009          0x08000190   Section        0  __rtentry2.o(.ARM.Collect$$rtentry$$00000009)
    .ARM.Collect$$rtentry$$0000000A          0x08000190   Section        4  __rtentry2.o(.ARM.Collect$$rtentry$$0000000A)
    .ARM.Collect$$rtentry$$0000000C          0x08000194   Section        0  __rtentry2.o(.ARM.Collect$$rtentry$$0000000C)
    .ARM.Collect$$rtentry$$0000000D          0x08000194   Section        8  __rtentry2.o(.ARM.Collect$$rtentry$$0000000D)
    .ARM.Collect$$rtexit$$00000000           0x0800019c   Section        2  rtexit.o(.ARM.Collect$$rtexit$$00000000)
    .ARM.Collect$$rtexit$$00000002           0x0800019e   Section        0  rtexit2.o(.ARM.Collect$$rtexit$$00000002)
    .ARM.Collect$$rtexit$$00000003           0x0800019e   Section        4  rtexit2.o(.ARM.Collect$$rtexit$$00000003)
    .ARM.Collect$$rtexit$$00000004           0x080001a2   Section        6  rtexit2.o(.ARM.Collect$$rtexit$$00000004)
    .text                                    0x080001a8   Section       56  startup_stm32l073xx.o(.text)
    .text                                    0x080001e0   Section        0  noretval__2sprintf.o(.text)
    .text                                    0x08000208   Section        0  _printf_dec.o(.text)
    .text                                    0x08000274   Section        0  __printf_wp.o(.text)
    .text                                    0x08000384   Section        0  strlen.o(.text)
    .text                                    0x080003c8   Section      504  aeabi_sdivfast.o(.text)
    .text                                    0x080005c0   Section        0  heapauxi.o(.text)
    .text                                    0x080005c8   Section        0  d2f.o(.text)
    .text                                    0x08000644   Section        0  ddiv.o(.text)
    .text                                    0x08000a8c   Section        0  dflti.o(.text)
    .text                                    0x08000ae4   Section        0  f2d.o(.text)
    .text                                    0x08000b38   Section        0  _printf_intcommon.o(.text)
    _fp_digits                               0x08000be9   Thumb Code   412  _printf_fp_dec.o(.text)
    .text                                    0x08000be8   Section        0  _printf_fp_dec.o(.text)
    _printf_input_char                       0x08000ffd   Thumb Code    10  _printf_char_common.o(.text)
    .text                                    0x08000ffc   Section        0  _printf_char_common.o(.text)
    .text                                    0x0800102c   Section        0  _sputc.o(.text)
    .text                                    0x08001036   Section        0  rtudiv10.o(.text)
    .text                                    0x08001060   Section        8  rt_locale_intlibspace.o(.text)
    .text                                    0x08001068   Section        0  lludiv10.o(.text)
    .text                                    0x080010e4   Section        0  _printf_fp_infnan.o(.text)
    .text                                    0x0800116c   Section        0  bigflt0.o(.text)
    .text                                    0x08001244   Section        0  btod.o(.text)
    btod_internal_mul                        0x08001285   Thumb Code   492  btod.o(.text)
    btod_internal_div                        0x08001471   Thumb Code   520  btod.o(.text)
    .text                                    0x080017c4   Section        8  libspace.o(.text)
    .text                                    0x080017cc   Section       62  sys_stackheap_outer.o(.text)
    .text                                    0x0800180a   Section        0  exit.o(.text)
    .text                                    0x0800181c   Section      176  strcmpv6m.o(.text)
    .text                                    0x080018cc   Section        0  sys_exit.o(.text)
    .text                                    0x080018d8   Section        2  use_no_semi.o(.text)
    .text                                    0x080018da   Section        0  indicate_semi.o(.text)
    [Anonymous Symbol]                       0x080018dc   Section        0  main.o(.text.DHT22_Read)
    __arm_cp.12_0                            0x08001ba0   Number         4  main.o(.text.DHT22_Read)
    __arm_cp.12_1                            0x08001ba4   Number         4  main.o(.text.DHT22_Read)
    [Anonymous Symbol]                       0x08001ba8   Section        0  main.o(.text.SysTick_Handler)
    __arm_cp.1_0                             0x08001bb4   Number         4  main.o(.text.SysTick_Handler)
    [Anonymous Symbol]                       0x08001bb8   Section        0  main.o(.text.SystemInit)
    [Anonymous Symbol]                       0x08001bbc   Section        0  main.o(.text.USART1_IRQHandler)
    __arm_cp.18_0                            0x08001be4   Number         4  main.o(.text.USART1_IRQHandler)
    [Anonymous Symbol]                       0x08001be8   Section        0  main.o(.text.USART2_IRQHandler)
    __arm_cp.19_0                            0x08001c10   Number         4  main.o(.text.USART2_IRQHandler)
    __arm_cp.19_1                            0x08001c14   Number         4  main.o(.text.USART2_IRQHandler)
    __arm_cp.19_2                            0x08001c18   Number         4  main.o(.text.USART2_IRQHandler)
    __arm_cp.19_3                            0x08001c1c   Number         4  main.o(.text.USART2_IRQHandler)
    __arm_cp.19_4                            0x08001c20   Number         4  main.o(.text.USART2_IRQHandler)
    [Anonymous Symbol]                       0x08001c24   Section        0  main.o(.text.main)
    __arm_cp.17_16                           0x08001f58   Number         4  main.o(.text.main)
    __arm_cp.17_17                           0x08001f5c   Number         4  main.o(.text.main)
    __arm_cp.17_18                           0x08001f60   Number         4  main.o(.text.main)
    __arm_cp.17_19                           0x08001f64   Number         4  main.o(.text.main)
    __arm_cp.17_21                           0x08001f6c   Number         4  main.o(.text.main)
    __arm_cp.17_22                           0x08001f70   Number         4  main.o(.text.main)
    __arm_cp.17_23                           0x08001f74   Number         4  main.o(.text.main)
    __arm_cp.17_24                           0x08001f78   Number         4  main.o(.text.main)
    __arm_cp.17_25                           0x08001f7c   Number         4  main.o(.text.main)
    __arm_cp.17_26                           0x08001f80   Number         4  main.o(.text.main)
    __arm_cp.17_28                           0x08001f88   Number         4  main.o(.text.main)
    __arm_cp.17_4                            0x08002234   Number         4  main.o(.text.main)
    __arm_cp.17_11                           0x08002238   Number         4  main.o(.text.main)
    __arm_cp.17_13                           0x0800223c   Number         4  main.o(.text.main)
    __arm_cp.17_14                           0x08002240   Number         4  main.o(.text.main)
    .text_divfast                            0x08002264   Section      502  aeabi_sdivfast.o(.text_divfast)
    i.__ARM_common_ll_muluu                  0x0800245a   Section        0  btod.o(i.__ARM_common_ll_muluu)
    i.__ARM_fpclassify                       0x0800248c   Section        0  fpclassify.o(i.__ARM_fpclassify)
    i._is_digit                              0x080024b8   Section        0  __printf_wp.o(i._is_digit)
    locale$$code                             0x080024c8   Section       44  lc_numeric_c.o(locale$$code)
    x$fpl$printf1                            0x080024f4   Section       16  printf1.o(x$fpl$printf1)
    ddiv_reciptbl                            0x08002504   Data         128  ddiv.o(.constdata)
    .constdata                               0x08002504   Section      128  ddiv.o(.constdata)
    x$fpl$usenofp                            0x08002504   Section        0  usenofp.o(x$fpl$usenofp)
    tenpwrs_x                                0x08002584   Data          60  bigflt0.o(.constdata)
    .constdata                               0x08002584   Section      148  bigflt0.o(.constdata)
    tenpwrs_i                                0x080025c0   Data          64  bigflt0.o(.constdata)
    locale$$data                             0x08002638   Section       28  lc_numeric_c.o(locale$$data)
    __lcnum_c_name                           0x0800263c   Data           2  lc_numeric_c.o(locale$$data)
    __lcnum_c_start                          0x08002644   Data           0  lc_numeric_c.o(locale$$data)
    __lcnum_c_point                          0x08002650   Data           0  lc_numeric_c.o(locale$$data)
    __lcnum_c_thousands                      0x08002652   Data           0  lc_numeric_c.o(locale$$data)
    __lcnum_c_grouping                       0x08002653   Data           0  lc_numeric_c.o(locale$$data)
    __lcnum_c_end                            0x08002654   Data           0  lc_numeric_c.o(locale$$data)
    .bss                                     0x20000008   Section       96  libspace.o(.bss)
    [Anonymous Symbol]                       0x20000068   Section        0  main.o(.bss..L_MergedGlobals)
    Heap_Mem                                 0x20000088   Data         512  startup_stm32l073xx.o(HEAP)
    HEAP                                     0x20000088   Section      512  startup_stm32l073xx.o(HEAP)
    Stack_Mem                                0x20000288   Data        1024  startup_stm32l073xx.o(STACK)
    STACK                                    0x20000288   Section     1024  startup_stm32l073xx.o(STACK)
    __initial_sp                             0x20000688   Data           0  startup_stm32l073xx.o(STACK)

    Global Symbols

    Symbol Name                              Value     Ov Type        Size  Object(Section)

    BuildAttributes$$THM_ISAv3M$S$PE$A:L22$X:L11$S22$IEEE1$IW$~IW$USESV6$~STKCKD$USESV7$~SHL$OTIME$ROPI$IEEEJ$EBA8$UX$STANDARDLIB$REQ8$PRES8$EABIv2 0x00000000   Number         0  anon$$obj.o ABSOLUTE
    _printf_flags                            0x00000000   Number         0  printf_stubs.o ABSOLUTE
    _printf_return_value                     0x00000000   Number         0  printf_stubs.o ABSOLUTE
    _printf_sizespec                         0x00000000   Number         0  printf_stubs.o ABSOLUTE
    _printf_widthprec                        0x00000000   Number         0  printf_stubs.o ABSOLUTE
    __ARM_exceptions_init                     - Undefined Weak Reference
    __alloca_initialize                       - Undefined Weak Reference
    __arm_preinit_                            - Undefined Weak Reference
    __arm_relocate_pie_                       - Undefined Weak Reference
    __cpp_initialize__aeabi_                  - Undefined Weak Reference
    __cxa_finalize                            - Undefined Weak Reference
    __sigvec_lookup                           - Undefined Weak Reference
    _atexit_init                              - Undefined Weak Reference
    _call_atexit_fns                          - Undefined Weak Reference
    _clock_init                               - Undefined Weak Reference
    _fp_trap_init                             - Undefined Weak Reference
    _fp_trap_shutdown                         - Undefined Weak Reference
    _get_lc_collate                           - Undefined Weak Reference
    _get_lc_ctype                             - Undefined Weak Reference
    _get_lc_monetary                          - Undefined Weak Reference
    _get_lc_time                              - Undefined Weak Reference
    _getenv_init                              - Undefined Weak Reference
    _handle_redirection                       - Undefined Weak Reference
    _init_alloc                               - Undefined Weak Reference
    _init_user_alloc                          - Undefined Weak Reference
    _initio                                   - Undefined Weak Reference
    _printf_post_padding                      - Undefined Weak Reference
    _printf_pre_padding                       - Undefined Weak Reference
    _printf_truncate_signed                   - Undefined Weak Reference
    _printf_truncate_unsigned                 - Undefined Weak Reference
    _rand_init                                - Undefined Weak Reference
    _signal_finish                            - Undefined Weak Reference
    _signal_init                              - Undefined Weak Reference
    _terminate_alloc                          - Undefined Weak Reference
    _terminate_user_alloc                     - Undefined Weak Reference
    _terminateio                              - Undefined Weak Reference
    __Vectors_Size                           0x000000c0   Number         0  startup_stm32l073xx.o ABSOLUTE
    __Vectors                                0x08000000   Data           4  startup_stm32l073xx.o(RESET)
    __Vectors_End                            0x080000c0   Data           0  startup_stm32l073xx.o(RESET)
    __main                                   0x080000c1   Thumb Code     8  __main.o(!!!main)
    __scatterload                            0x080000c9   Thumb Code     0  __scatter.o(!!!scatter)
    __scatterload_rt2                        0x080000c9   Thumb Code    74  __scatter.o(!!!scatter)
    __scatterload_rt2_thumb_only             0x080000c9   Thumb Code     0  __scatter.o(!!!scatter)
    __scatterload_loop                       0x080000d3   Thumb Code     0  __scatter.o(!!!scatter)
    __scatterload_copy                       0x0800011d   Thumb Code    26  __scatter_copy.o(!!handler_copy)
    __scatterload_null                       0x08000139   Thumb Code     2  __scatter.o(!!handler_null)
    __scatterload_zeroinit                   0x0800013d   Thumb Code    28  __scatter_zi.o(!!handler_zi)
    _printf_percent                          0x08000159   Thumb Code     0  _printf_percent.o(.ARM.Collect$$_printf_percent$$00000000)
    _printf_f                                0x0800015b   Thumb Code     0  _printf_f.o(.ARM.Collect$$_printf_percent$$00000003)
    _printf_u                                0x08000165   Thumb Code     0  _printf_u.o(.ARM.Collect$$_printf_percent$$0000000A)
    _printf_percent_end                      0x0800016f   Thumb Code     0  _printf_percent_end.o(.ARM.Collect$$_printf_percent$$00000017)
    __rt_lib_init                            0x08000173   Thumb Code     0  libinit.o(.ARM.Collect$$libinit$$00000000)
    __rt_lib_init_fp_1                       0x08000175   Thumb Code     0  libinit2.o(.ARM.Collect$$libinit$$00000002)
    __rt_lib_init_heap_1                     0x08000175   Thumb Code     0  libinit2.o(.ARM.Collect$$libinit$$0000000C)
    __rt_lib_init_lc_common                  0x08000175   Thumb Code     0  libinit2.o(.ARM.Collect$$libinit$$00000011)
    __rt_lib_init_preinit_1                  0x08000175   Thumb Code     0  libinit2.o(.ARM.Collect$$libinit$$00000006)
    __rt_lib_init_rand_1                     0x08000175   Thumb Code     0  libinit2.o(.ARM.Collect$$libinit$$00000010)
    __rt_lib_init_relocate_pie_1             0x08000175   Thumb Code     0  libinit2.o(.ARM.Collect$$libinit$$00000004)
    __rt_lib_init_user_alloc_1               0x08000175   Thumb Code     0  libinit2.o(.ARM.Collect$$libinit$$0000000E)
    __rt_lib_init_lc_collate_1               0x0800017b   Thumb Code     0  libinit2.o(.ARM.Collect$$libinit$$00000013)
    __rt_lib_init_lc_ctype_1                 0x0800017b   Thumb Code     0  libinit2.o(.ARM.Collect$$libinit$$00000015)
    __rt_lib_init_lc_monetary_1              0x0800017b   Thumb Code     0  libinit2.o(.ARM.Collect$$libinit$$00000017)
    __rt_lib_init_lc_numeric_2               0x0800017b   Thumb Code     0  libinit2.o(.ARM.Collect$$libinit$$00000018)
    __rt_lib_init_alloca_1                   0x08000185   Thumb Code     0  libinit2.o(.ARM.Collect$$libinit$$00000030)
    __rt_lib_init_argv_1                     0x08000185   Thumb Code     0  libinit2.o(.ARM.Collect$$libinit$$0000002E)
    __rt_lib_init_atexit_1                   0x08000185   Thumb Code     0  libinit2.o(.ARM.Collect$$libinit$$0000001D)
    __rt_lib_init_clock_1                    0x08000185   Thumb Code     0  libinit2.o(.ARM.Collect$$libinit$$00000023)
    __rt_lib_init_cpp_1                      0x08000185   Thumb Code     0  libinit2.o(.ARM.Collect$$libinit$$00000034)
    __rt_lib_init_exceptions_1               0x08000185   Thumb Code     0  libinit2.o(.ARM.Collect$$libinit$$00000032)
    __rt_lib_init_fp_trap_1                  0x08000185   Thumb Code     0  libinit2.o(.ARM.Collect$$libinit$$00000021)
    __rt_lib_init_getenv_1                   0x08000185   Thumb Code     0  libinit2.o(.ARM.Collect$$libinit$$00000025)
    __rt_lib_init_lc_numeric_1               0x08000185   Thumb Code     0  libinit2.o(.ARM.Collect$$libinit$$00000019)
    __rt_lib_init_lc_time_1                  0x08000185   Thumb Code     0  libinit2.o(.ARM.Collect$$libinit$$0000001B)
    __rt_lib_init_return                     0x08000185   Thumb Code     0  libinit2.o(.ARM.Collect$$libinit$$00000035)
    __rt_lib_init_signal_1                   0x08000185   Thumb Code     0  libinit2.o(.ARM.Collect$$libinit$$0000001F)
    __rt_lib_init_stdio_1                    0x08000185   Thumb Code     0  libinit2.o(.ARM.Collect$$libinit$$00000027)
    __rt_lib_shutdown                        0x08000187   Thumb Code     0  libshutdown.o(.ARM.Collect$$libshutdown$$00000000)
    __rt_lib_shutdown_cpp_1                  0x08000189   Thumb Code     0  libshutdown2.o(.ARM.Collect$$libshutdown$$00000002)
    __rt_lib_shutdown_fp_trap_1              0x08000189   Thumb Code     0  libshutdown2.o(.ARM.Collect$$libshutdown$$00000007)
    __rt_lib_shutdown_heap_1                 0x08000189   Thumb Code     0  libshutdown2.o(.ARM.Collect$$libshutdown$$0000000F)
    __rt_lib_shutdown_return                 0x08000189   Thumb Code     0  libshutdown2.o(.ARM.Collect$$libshutdown$$00000010)
    __rt_lib_shutdown_signal_1               0x08000189   Thumb Code     0  libshutdown2.o(.ARM.Collect$$libshutdown$$0000000A)
    __rt_lib_shutdown_stdio_1                0x08000189   Thumb Code     0  libshutdown2.o(.ARM.Collect$$libshutdown$$00000004)
    __rt_lib_shutdown_user_alloc_1           0x08000189   Thumb Code     0  libshutdown2.o(.ARM.Collect$$libshutdown$$0000000C)
    __rt_entry                               0x0800018b   Thumb Code     0  __rtentry.o(.ARM.Collect$$rtentry$$00000000)
    __rt_entry_presh_1                       0x0800018b   Thumb Code     0  __rtentry2.o(.ARM.Collect$$rtentry$$00000002)
    __rt_entry_sh                            0x0800018b   Thumb Code     0  __rtentry4.o(.ARM.Collect$$rtentry$$00000004)
    __rt_entry_li                            0x08000191   Thumb Code     0  __rtentry2.o(.ARM.Collect$$rtentry$$0000000A)
    __rt_entry_postsh_1                      0x08000191   Thumb Code     0  __rtentry2.o(.ARM.Collect$$rtentry$$00000009)
    __rt_entry_main                          0x08000195   Thumb Code     0  __rtentry2.o(.ARM.Collect$$rtentry$$0000000D)
    __rt_entry_postli_1                      0x08000195   Thumb Code     0  __rtentry2.o(.ARM.Collect$$rtentry$$0000000C)
    __rt_exit                                0x0800019d   Thumb Code     0  rtexit.o(.ARM.Collect$$rtexit$$00000000)
    __rt_exit_ls                             0x0800019f   Thumb Code     0  rtexit2.o(.ARM.Collect$$rtexit$$00000003)
    __rt_exit_prels_1                        0x0800019f   Thumb Code     0  rtexit2.o(.ARM.Collect$$rtexit$$00000002)
    __rt_exit_exit                           0x080001a3   Thumb Code     0  rtexit2.o(.ARM.Collect$$rtexit$$00000004)
    Reset_Handler                            0x080001a9   Thumb Code     8  startup_stm32l073xx.o(.text)
    NMI_Handler                              0x080001b1   Thumb Code     2  startup_stm32l073xx.o(.text)
    HardFault_Handler                        0x080001b3   Thumb Code     2  startup_stm32l073xx.o(.text)
    SVC_Handler                              0x080001b5   Thumb Code     2  startup_stm32l073xx.o(.text)
    PendSV_Handler                           0x080001b7   Thumb Code     2  startup_stm32l073xx.o(.text)
    ADC1_COMP_IRQHandler                     0x080001bb   Thumb Code     0  startup_stm32l073xx.o(.text)
    DMA1_Channel1_IRQHandler                 0x080001bb   Thumb Code     0  startup_stm32l073xx.o(.text)
    DMA1_Channel2_3_IRQHandler               0x080001bb   Thumb Code     0  startup_stm32l073xx.o(.text)
    DMA1_Channel4_5_6_7_IRQHandler           0x080001bb   Thumb Code     0  startup_stm32l073xx.o(.text)
    EXTI0_1_IRQHandler                       0x080001bb   Thumb Code     0  startup_stm32l073xx.o(.text)
    EXTI2_3_IRQHandler                       0x080001bb   Thumb Code     0  startup_stm32l073xx.o(.text)
    EXTI4_15_IRQHandler                      0x080001bb   Thumb Code     0  startup_stm32l073xx.o(.text)
    FLASH_IRQHandler                         0x080001bb   Thumb Code     0  startup_stm32l073xx.o(.text)
    I2C1_IRQHandler                          0x080001bb   Thumb Code     0  startup_stm32l073xx.o(.text)
    I2C2_IRQHandler                          0x080001bb   Thumb Code     0  startup_stm32l073xx.o(.text)
    I2C3_IRQHandler                          0x080001bb   Thumb Code     0  startup_stm32l073xx.o(.text)
    LCD_IRQHandler                           0x080001bb   Thumb Code     0  startup_stm32l073xx.o(.text)
    LPTIM1_IRQHandler                        0x080001bb   Thumb Code     0  startup_stm32l073xx.o(.text)
    PVD_IRQHandler                           0x080001bb   Thumb Code     0  startup_stm32l073xx.o(.text)
    RCC_CRS_IRQHandler                       0x080001bb   Thumb Code     0  startup_stm32l073xx.o(.text)
    RNG_LPUART1_IRQHandler                   0x080001bb   Thumb Code     0  startup_stm32l073xx.o(.text)
    RTC_IRQHandler                           0x080001bb   Thumb Code     0  startup_stm32l073xx.o(.text)
    SPI1_IRQHandler                          0x080001bb   Thumb Code     0  startup_stm32l073xx.o(.text)
    SPI2_IRQHandler                          0x080001bb   Thumb Code     0  startup_stm32l073xx.o(.text)
    TIM21_IRQHandler                         0x080001bb   Thumb Code     0  startup_stm32l073xx.o(.text)
    TIM22_IRQHandler                         0x080001bb   Thumb Code     0  startup_stm32l073xx.o(.text)
    TIM2_IRQHandler                          0x080001bb   Thumb Code     0  startup_stm32l073xx.o(.text)
    TIM3_IRQHandler                          0x080001bb   Thumb Code     0  startup_stm32l073xx.o(.text)
    TIM6_DAC_IRQHandler                      0x080001bb   Thumb Code     0  startup_stm32l073xx.o(.text)
    TIM7_IRQHandler                          0x080001bb   Thumb Code     0  startup_stm32l073xx.o(.text)
    TSC_IRQHandler                           0x080001bb   Thumb Code     0  startup_stm32l073xx.o(.text)
    USART4_5_IRQHandler                      0x080001bb   Thumb Code     0  startup_stm32l073xx.o(.text)
    USB_IRQHandler                           0x080001bb   Thumb Code     0  startup_stm32l073xx.o(.text)
    WWDG_IRQHandler                          0x080001bb   Thumb Code     0  startup_stm32l073xx.o(.text)
    __user_initial_stackheap                 0x080001bd   Thumb Code     0  startup_stm32l073xx.o(.text)
    __2sprintf                               0x080001e1   Thumb Code    36  noretval__2sprintf.o(.text)
    _printf_int_dec                          0x08000209   Thumb Code    90  _printf_dec.o(.text)
    __printf                                 0x08000275   Thumb Code   270  __printf_wp.o(.text)
    strlen                                   0x08000385   Thumb Code    62  strlen.o(.text)
    __aeabi_uidivmod                         0x080003c9   Thumb Code    28  aeabi_sdivfast.o(.text)
    __aeabi_idivmod                          0x080003e5   Thumb Code   472  aeabi_sdivfast.o(.text)
    __use_two_region_memory                  0x080005c1   Thumb Code     2  heapauxi.o(.text)
    __rt_heap_escrow$2region                 0x080005c3   Thumb Code     2  heapauxi.o(.text)
    __rt_heap_expand$2region                 0x080005c5   Thumb Code     2  heapauxi.o(.text)
    __aeabi_d2f                              0x080005c9   Thumb Code     0  d2f.o(.text)
    __truncdfsf2                             0x080005c9   Thumb Code     0  d2f.o(.text)
    _d2f                                     0x080005c9   Thumb Code   120  d2f.o(.text)
    __aeabi_ddiv                             0x08000645   Thumb Code     0  ddiv.o(.text)
    __divdf3                                 0x08000645   Thumb Code     0  ddiv.o(.text)
    _ddiv                                    0x08000645   Thumb Code  1072  ddiv.o(.text)
    _drdiv                                   0x08000a75   Thumb Code    20  ddiv.o(.text)
    __aeabi_i2d_normalise                    0x08000a8d   Thumb Code    66  dflti.o(.text)
    __aeabi_i2d                              0x08000acf   Thumb Code    16  dflti.o(.text)
    _dflt                                    0x08000acf   Thumb Code     0  dflti.o(.text)
    __aeabi_ui2d                             0x08000adf   Thumb Code     6  dflti.o(.text)
    _dfltu                                   0x08000adf   Thumb Code     0  dflti.o(.text)
    __aeabi_f2d                              0x08000ae5   Thumb Code     0  f2d.o(.text)
    __extendsfdf2                            0x08000ae5   Thumb Code     0  f2d.o(.text)
    _f2d                                     0x08000ae5   Thumb Code    80  f2d.o(.text)
    _printf_int_common                       0x08000b39   Thumb Code   176  _printf_intcommon.o(.text)
    _printf_fp_dec_real                      0x08000d85   Thumb Code   620  _printf_fp_dec.o(.text)
    _printf_char_common                      0x08001007   Thumb Code    32  _printf_char_common.o(.text)
    _sputc                                   0x0800102d   Thumb Code    10  _sputc.o(.text)
    __rt_udiv10                              0x08001037   Thumb Code    40  rtudiv10.o(.text)
    __rt_locale                              0x08001061   Thumb Code     8  rt_locale_intlibspace.o(.text)
    _ll_udiv10                               0x08001069   Thumb Code   122  lludiv10.o(.text)
    _printf_fp_infnan                        0x080010e5   Thumb Code   120  _printf_fp_infnan.o(.text)
    _btod_etento                             0x0800116d   Thumb Code   210  bigflt0.o(.text)
    _btod_d2e                                0x08001245   Thumb Code    64  btod.o(.text)
    _btod_emul                               0x08001679   Thumb Code    28  btod.o(.text)
    _btod_emuld                              0x08001695   Thumb Code   144  btod.o(.text)
    _btod_ediv                               0x08001725   Thumb Code    26  btod.o(.text)
    _btod_edivd                              0x0800173f   Thumb Code   124  btod.o(.text)
    __user_libspace                          0x080017c5   Thumb Code     8  libspace.o(.text)
    __user_perproc_libspace                  0x080017c5   Thumb Code     0  libspace.o(.text)
    __user_perthread_libspace                0x080017c5   Thumb Code     0  libspace.o(.text)
    __user_setup_stackheap                   0x080017cd   Thumb Code    62  sys_stackheap_outer.o(.text)
    exit                                     0x0800180b   Thumb Code    16  exit.o(.text)
    strcmp                                   0x0800181d   Thumb Code   176  strcmpv6m.o(.text)
    _sys_exit                                0x080018cd   Thumb Code     8  sys_exit.o(.text)
    __I$use$semihosting                      0x080018d9   Thumb Code     0  use_no_semi.o(.text)
    __use_no_semihosting_swi                 0x080018d9   Thumb Code     2  use_no_semi.o(.text)
    __semihosting_library_function           0x080018db   Thumb Code     0  indicate_semi.o(.text)
    DHT22_Read                               0x080018dd   Thumb Code   708  main.o(.text.DHT22_Read)
    SysTick_Handler                          0x08001ba9   Thumb Code    12  main.o(.text.SysTick_Handler)
    SystemInit                               0x08001bb9   Thumb Code     2  main.o(.text.SystemInit)
    USART1_IRQHandler                        0x08001bbd   Thumb Code    40  main.o(.text.USART1_IRQHandler)
    USART2_IRQHandler                        0x08001be9   Thumb Code    40  main.o(.text.USART2_IRQHandler)
    main                                     0x08001c25   Thumb Code  1552  main.o(.text.main)
    __aeabi_uidiv                            0x08002265   Thumb Code    68  aeabi_sdivfast.o(.text_divfast)
    __aeabi_idiv                             0x080022a9   Thumb Code   434  aeabi_sdivfast.o(.text_divfast)
    __ARM_common_ll_muluu                    0x0800245b   Thumb Code    48  btod.o(i.__ARM_common_ll_muluu)
    __ARM_fpclassify                         0x0800248d   Thumb Code    40  fpclassify.o(i.__ARM_fpclassify)
    _is_digit                                0x080024b9   Thumb Code    14  __printf_wp.o(i._is_digit)
    _get_lc_numeric                          0x080024c9   Thumb Code    44  lc_numeric_c.o(locale$$code)
    _printf_fp_dec                           0x080024f5   Thumb Code    16  printf1.o(x$fpl$printf1)
    __I$use$fp                               0x08002504   Number         0  usenofp.o(x$fpl$usenofp)
    Region$$Table$$Base                      0x08002618   Number         0  anon$$obj.o(Region$$Table)
    Region$$Table$$Limit                     0x08002638   Number         0  anon$$obj.o(Region$$Table)
    SystemCoreClock                          0x20000000   Data           4  main.o(.data.SystemCoreClock)
    __libspace_start                         0x20000008   Data          96  libspace.o(.bss)
    Presence                                 0x20000068   Data           1  main.o(.bss..L_MergedGlobals)
    __temporary_stack_top$libspace           0x20000068   Data           0  libspace.o(.bss)
    Rh_byte1                                 0x20000069   Data           1  main.o(.bss..L_MergedGlobals)
    Rh_byte2                                 0x2000006a   Data           1  main.o(.bss..L_MergedGlobals)
    Temp_byte1                               0x2000006b   Data           1  main.o(.bss..L_MergedGlobals)
    Temp_byte2                               0x2000006c   Data           1  main.o(.bss..L_MergedGlobals)
    SUM                                      0x2000006e   Data           2  main.o(.bss..L_MergedGlobals)
    TEMP                                     0x20000070   Data           2  main.o(.bss..L_MergedGlobals)
    RH                                       0x20000072   Data           2  main.o(.bss..L_MergedGlobals)
    uwTick                                   0x20000074   Data           4  main.o(.bss..L_MergedGlobals)
    Temperature                              0x20000078   Data           4  main.o(.bss..L_MergedGlobals)
    Humidity                                 0x2000007c   Data           4  main.o(.bss..L_MergedGlobals)
    c                                        0x20000080   Data           1  main.o(.bss.c)



==============================================================================

Memory Map of the image

  Image Entry point : 0x080000c1

  Load Region LR_IROM1 (Base: 0x08000000, Size: 0x00002660, Max: 0x00030000, ABSOLUTE)

    Execution Region ER_IROM1 (Exec base: 0x08000000, Load base: 0x08000000, Size: 0x00002654, Max: 0x00030000, ABSOLUTE)

    Exec Addr    Load Addr    Size         Type   Attr      Idx    E Section Name        Object

    0x08000000   0x08000000   0x000000c0   Data   RO            3    RESET               startup_stm32l073xx.o
    0x080000c0   0x080000c0   0x00000008   Code   RO          113  * !!!main             c_p.l(__main.o)
    0x080000c8   0x080000c8   0x00000054   Code   RO          348    !!!scatter          c_p.l(__scatter.o)
    0x0800011c   0x0800011c   0x0000001a   Code   RO          352    !!handler_copy      c_p.l(__scatter_copy.o)
    0x08000136   0x08000136   0x00000002   PAD
    0x08000138   0x08000138   0x00000002   Code   RO          349    !!handler_null      c_p.l(__scatter.o)
    0x0800013a   0x0800013a   0x00000002   PAD
    0x0800013c   0x0800013c   0x0000001c   Code   RO          354    !!handler_zi        c_p.l(__scatter_zi.o)
    0x08000158   0x08000158   0x00000002   Code   RO          100    .ARM.Collect$$_printf_percent$$00000000  c_p.l(_printf_percent.o)
    0x0800015a   0x0800015a   0x0000000a   Code   RO           99    .ARM.Collect$$_printf_percent$$00000003  c_p.l(_printf_f.o)
    0x08000164   0x08000164   0x0000000a   Code   RO           98    .ARM.Collect$$_printf_percent$$0000000A  c_p.l(_printf_u.o)
    0x0800016e   0x0800016e   0x00000004   Code   RO          141    .ARM.Collect$$_printf_percent$$00000017  c_p.l(_printf_percent_end.o)
    0x08000172   0x08000172   0x00000002   Code   RO          210    .ARM.Collect$$libinit$$00000000  c_p.l(libinit.o)
    0x08000174   0x08000174   0x00000000   Code   RO          212    .ARM.Collect$$libinit$$00000002  c_p.l(libinit2.o)
    0x08000174   0x08000174   0x00000000   Code   RO          214    .ARM.Collect$$libinit$$00000004  c_p.l(libinit2.o)
    0x08000174   0x08000174   0x00000000   Code   RO          216    .ARM.Collect$$libinit$$00000006  c_p.l(libinit2.o)
    0x08000174   0x08000174   0x00000000   Code   RO          219    .ARM.Collect$$libinit$$0000000C  c_p.l(libinit2.o)
    0x08000174   0x08000174   0x00000000   Code   RO          221    .ARM.Collect$$libinit$$0000000E  c_p.l(libinit2.o)
    0x08000174   0x08000174   0x00000000   Code   RO          223    .ARM.Collect$$libinit$$00000010  c_p.l(libinit2.o)
    0x08000174   0x08000174   0x00000006   Code   RO          224    .ARM.Collect$$libinit$$00000011  c_p.l(libinit2.o)
    0x0800017a   0x0800017a   0x00000000   Code   RO          226    .ARM.Collect$$libinit$$00000013  c_p.l(libinit2.o)
    0x0800017a   0x0800017a   0x00000000   Code   RO          228    .ARM.Collect$$libinit$$00000015  c_p.l(libinit2.o)
    0x0800017a   0x0800017a   0x00000000   Code   RO          230    .ARM.Collect$$libinit$$00000017  c_p.l(libinit2.o)
    0x0800017a   0x0800017a   0x0000000a   Code   RO          231    .ARM.Collect$$libinit$$00000018  c_p.l(libinit2.o)
    0x08000184   0x08000184   0x00000000   Code   RO          232    .ARM.Collect$$libinit$$00000019  c_p.l(libinit2.o)
    0x08000184   0x08000184   0x00000000   Code   RO          234    .ARM.Collect$$libinit$$0000001B  c_p.l(libinit2.o)
    0x08000184   0x08000184   0x00000000   Code   RO          236    .ARM.Collect$$libinit$$0000001D  c_p.l(libinit2.o)
    0x08000184   0x08000184   0x00000000   Code   RO          238    .ARM.Collect$$libinit$$0000001F  c_p.l(libinit2.o)
    0x08000184   0x08000184   0x00000000   Code   RO          240    .ARM.Collect$$libinit$$00000021  c_p.l(libinit2.o)
    0x08000184   0x08000184   0x00000000   Code   RO          242    .ARM.Collect$$libinit$$00000023  c_p.l(libinit2.o)
    0x08000184   0x08000184   0x00000000   Code   RO          244    .ARM.Collect$$libinit$$00000025  c_p.l(libinit2.o)
    0x08000184   0x08000184   0x00000000   Code   RO          246    .ARM.Collect$$libinit$$00000027  c_p.l(libinit2.o)
    0x08000184   0x08000184   0x00000000   Code   RO          250    .ARM.Collect$$libinit$$0000002E  c_p.l(libinit2.o)
    0x08000184   0x08000184   0x00000000   Code   RO          252    .ARM.Collect$$libinit$$00000030  c_p.l(libinit2.o)
    0x08000184   0x08000184   0x00000000   Code   RO          254    .ARM.Collect$$libinit$$00000032  c_p.l(libinit2.o)
    0x08000184   0x08000184   0x00000000   Code   RO          256    .ARM.Collect$$libinit$$00000034  c_p.l(libinit2.o)
    0x08000184   0x08000184   0x00000002   Code   RO          257    .ARM.Collect$$libinit$$00000035  c_p.l(libinit2.o)
    0x08000186   0x08000186   0x00000002   Code   RO          313    .ARM.Collect$$libshutdown$$00000000  c_p.l(libshutdown.o)
    0x08000188   0x08000188   0x00000000   Code   RO          331    .ARM.Collect$$libshutdown$$00000002  c_p.l(libshutdown2.o)
    0x08000188   0x08000188   0x00000000   Code   RO          333    .ARM.Collect$$libshutdown$$00000004  c_p.l(libshutdown2.o)
    0x08000188   0x08000188   0x00000000   Code   RO          336    .ARM.Collect$$libshutdown$$00000007  c_p.l(libshutdown2.o)
    0x08000188   0x08000188   0x00000000   Code   RO          339    .ARM.Collect$$libshutdown$$0000000A  c_p.l(libshutdown2.o)
    0x08000188   0x08000188   0x00000000   Code   RO          341    .ARM.Collect$$libshutdown$$0000000C  c_p.l(libshutdown2.o)
    0x08000188   0x08000188   0x00000000   Code   RO          344    .ARM.Collect$$libshutdown$$0000000F  c_p.l(libshutdown2.o)
    0x08000188   0x08000188   0x00000002   Code   RO          345    .ARM.Collect$$libshutdown$$00000010  c_p.l(libshutdown2.o)
    0x0800018a   0x0800018a   0x00000000   Code   RO          126    .ARM.Collect$$rtentry$$00000000  c_p.l(__rtentry.o)
    0x0800018a   0x0800018a   0x00000000   Code   RO          146    .ARM.Collect$$rtentry$$00000002  c_p.l(__rtentry2.o)
    0x0800018a   0x0800018a   0x00000006   Code   RO          158    .ARM.Collect$$rtentry$$00000004  c_p.l(__rtentry4.o)
    0x08000190   0x08000190   0x00000000   Code   RO          148    .ARM.Collect$$rtentry$$00000009  c_p.l(__rtentry2.o)
    0x08000190   0x08000190   0x00000004   Code   RO          149    .ARM.Collect$$rtentry$$0000000A  c_p.l(__rtentry2.o)
    0x08000194   0x08000194   0x00000000   Code   RO          151    .ARM.Collect$$rtentry$$0000000C  c_p.l(__rtentry2.o)
    0x08000194   0x08000194   0x00000008   Code   RO          152    .ARM.Collect$$rtentry$$0000000D  c_p.l(__rtentry2.o)
    0x0800019c   0x0800019c   0x00000002   Code   RO          259    .ARM.Collect$$rtexit$$00000000  c_p.l(rtexit.o)
    0x0800019e   0x0800019e   0x00000000   Code   RO          278    .ARM.Collect$$rtexit$$00000002  c_p.l(rtexit2.o)
    0x0800019e   0x0800019e   0x00000004   Code   RO          279    .ARM.Collect$$rtexit$$00000003  c_p.l(rtexit2.o)
    0x080001a2   0x080001a2   0x00000006   Code   RO          280    .ARM.Collect$$rtexit$$00000004  c_p.l(rtexit2.o)
    0x080001a8   0x080001a8   0x00000038   Code   RO            4    .text               startup_stm32l073xx.o
    0x080001e0   0x080001e0   0x00000028   Code   RO           72    .text               c_p.l(noretval__2sprintf.o)
    0x08000208   0x08000208   0x0000006c   Code   RO           76    .text               c_p.l(_printf_dec.o)
    0x08000274   0x08000274   0x0000010e   Code   RO           86    .text               c_p.l(__printf_wp.o)
    0x08000382   0x08000382   0x00000002   PAD
    0x08000384   0x08000384   0x00000044   Code   RO          101    .text               c_p.l(strlen.o)
    0x080003c8   0x080003c8   0x000001f8   Code   RO          103    .text               c_p.l(aeabi_sdivfast.o)
    0x080005c0   0x080005c0   0x00000006   Code   RO          111    .text               c_p.l(heapauxi.o)
    0x080005c6   0x080005c6   0x00000002   PAD
    0x080005c8   0x080005c8   0x0000007c   Code   RO          115    .text               fz_ps.l(d2f.o)
    0x08000644   0x08000644   0x00000448   Code   RO          117    .text               fz_ps.l(ddiv.o)
    0x08000a8c   0x08000a8c   0x00000058   Code   RO          120    .text               fz_ps.l(dflti.o)
    0x08000ae4   0x08000ae4   0x00000054   Code   RO          122    .text               fz_ps.l(f2d.o)
    0x08000b38   0x08000b38   0x000000b0   Code   RO          131    .text               c_p.l(_printf_intcommon.o)
    0x08000be8   0x08000be8   0x00000414   Code   RO          133    .text               c_p.l(_printf_fp_dec.o)
    0x08000ffc   0x08000ffc   0x00000030   Code   RO          137    .text               c_p.l(_printf_char_common.o)
    0x0800102c   0x0800102c   0x0000000a   Code   RO          139    .text               c_p.l(_sputc.o)
    0x08001036   0x08001036   0x00000028   Code   RO          142    .text               c_p.l(rtudiv10.o)
    0x0800105e   0x0800105e   0x00000002   PAD
    0x08001060   0x08001060   0x00000008   Code   RO          165    .text               c_p.l(rt_locale_intlibspace.o)
    0x08001068   0x08001068   0x0000007a   Code   RO          167    .text               c_p.l(lludiv10.o)
    0x080010e2   0x080010e2   0x00000002   PAD
    0x080010e4   0x080010e4   0x00000088   Code   RO          169    .text               c_p.l(_printf_fp_infnan.o)
    0x0800116c   0x0800116c   0x000000d8   Code   RO          173    .text               c_p.l(bigflt0.o)
    0x08001244   0x08001244   0x00000580   Code   RO          176    .text               c_p.l(btod.o)
    0x080017c4   0x080017c4   0x00000008   Code   RO          189    .text               c_p.l(libspace.o)
    0x080017cc   0x080017cc   0x0000003e   Code   RO          192    .text               c_p.l(sys_stackheap_outer.o)
    0x0800180a   0x0800180a   0x00000010   Code   RO          197    .text               c_p.l(exit.o)
    0x0800181a   0x0800181a   0x00000002   PAD
    0x0800181c   0x0800181c   0x000000b0   Code   RO          203    .text               c_p.l(strcmpv6m.o)
    0x080018cc   0x080018cc   0x0000000c   Code   RO          273    .text               c_p.l(sys_exit.o)
    0x080018d8   0x080018d8   0x00000002   Code   RO          300    .text               c_p.l(use_no_semi.o)
    0x080018da   0x080018da   0x00000000   Code   RO          302    .text               c_p.l(indicate_semi.o)
    0x080018da   0x080018da   0x00000002   PAD
    0x080018dc   0x080018dc   0x000002cc   Code   RO           35    .text.DHT22_Read    main.o
    0x08001ba8   0x08001ba8   0x00000010   Code   RO           13    .text.SysTick_Handler  main.o
    0x08001bb8   0x08001bb8   0x00000002   Code   RO           11    .text.SystemInit    main.o
    0x08001bba   0x08001bba   0x00000002   PAD
    0x08001bbc   0x08001bbc   0x0000002c   Code   RO           47    .text.USART1_IRQHandler  main.o
    0x08001be8   0x08001be8   0x0000003c   Code   RO           49    .text.USART2_IRQHandler  main.o
    0x08001c24   0x08001c24   0x00000640   Code   RO           45    .text.main          main.o
    0x08002264   0x08002264   0x000001f6   Code   RO          104    .text_divfast       c_p.l(aeabi_sdivfast.o)
    0x0800245a   0x0800245a   0x00000030   Code   RO          178    i.__ARM_common_ll_muluu  c_p.l(btod.o)
    0x0800248a   0x0800248a   0x00000002   PAD
    0x0800248c   0x0800248c   0x0000002c   Code   RO          187    i.__ARM_fpclassify  m_ps.l(fpclassify.o)
    0x080024b8   0x080024b8   0x0000000e   Code   RO           88    i._is_digit         c_p.l(__printf_wp.o)
    0x080024c6   0x080024c6   0x00000002   PAD
    0x080024c8   0x080024c8   0x0000002c   Code   RO          183    locale$$code        c_p.l(lc_numeric_c.o)
    0x080024f4   0x080024f4   0x00000010   Code   RO          124    x$fpl$printf1       fz_ps.l(printf1.o)
    0x08002504   0x08002504   0x00000000   Code   RO          144    x$fpl$usenofp       fz_ps.l(usenofp.o)
    0x08002504   0x08002504   0x00000080   Data   RO          118    .constdata          fz_ps.l(ddiv.o)
    0x08002584   0x08002584   0x00000094   Data   RO          174    .constdata          c_p.l(bigflt0.o)
    0x08002618   0x08002618   0x00000020   Data   RO          347    Region$$Table       anon$$obj.o
    0x08002638   0x08002638   0x0000001c   Data   RO          182    locale$$data        c_p.l(lc_numeric_c.o)


    Execution Region RW_IRAM1 (Exec base: 0x20000000, Load base: 0x08002658, Size: 0x00000688, Max: 0x00005000, ABSOLUTE)

    Exec Addr    Load Addr    Size         Type   Attr      Idx    E Section Name        Object

    0x20000000   0x08002658   0x00000004   Data   RW           51    .data.SystemCoreClock  main.o
    0x20000004   0x0800265c   0x00000004   PAD
    0x20000008        -       0x00000060   Zero   RW          190    .bss                c_p.l(libspace.o)
    0x20000068        -       0x00000018   Zero   RW           60    .bss..L_MergedGlobals  main.o
    0x20000080        -       0x00000001   Zero   RW           57    .bss.c              main.o
    0x20000081   0x0800265c   0x00000007   PAD
    0x20000088        -       0x00000200   Zero   RW            2    HEAP                startup_stm32l073xx.o
    0x20000288        -       0x00000400   Zero   RW            1    STACK               startup_stm32l073xx.o


==============================================================================

Image component sizes


      Code (inc. data)   RO Data    RW Data    ZI Data      Debug   Object Name

      2438        136          0          4         25      17090   main.o
        56         26        192          0       1536        636   startup_stm32l073xx.o

    ----------------------------------------------------------------------
      2496        162        224          4       1572      17726   Object Totals
         0          0         32          0          0          0   (incl. Generated)
         2          0          0          0         11          0   (incl. Padding)

    ----------------------------------------------------------------------

      Code (inc. data)   RO Data    RW Data    ZI Data      Debug   Library Member Name

         8          0          0          0          0         68   __main.o
       284          0          0          0          0        136   __printf_wp.o
         0          0          0          0          0          0   __rtentry.o
        12          0          0          0          0          0   __rtentry2.o
         6          0          0          0          0          0   __rtentry4.o
        86         10          0          0          0          0   __scatter.o
        26          0          0          0          0          0   __scatter_copy.o
        28          0          0          0          0          0   __scatter_zi.o
        48          6          0          0          0         88   _printf_char_common.o
       108         18          0          0          0         76   _printf_dec.o
        10          0          0          0          0          0   _printf_f.o
      1044         12          0          0          0        116   _printf_fp_dec.o
       136         16          0          0          0         76   _printf_fp_infnan.o
       176          0          0          0          0         84   _printf_intcommon.o
         2          0          0          0          0          0   _printf_percent.o
         4          0          0          0          0          0   _printf_percent_end.o
        10          0          0          0          0          0   _printf_u.o
        10          0          0          0          0         60   _sputc.o
      1006          4          0          0          0        184   aeabi_sdivfast.o
       216          6        148          0          0         80   bigflt0.o
      1456         30          0          0          0        336   btod.o
        16          0          0          0          0         68   exit.o
         6          0          0          0          0        136   heapauxi.o
         0          0          0          0          0          0   indicate_semi.o
        44         10         28          0          0         76   lc_numeric_c.o
         2          0          0          0          0          0   libinit.o
        18          0          0          0          0          0   libinit2.o
         2          0          0          0          0          0   libshutdown.o
         2          0          0          0          0          0   libshutdown2.o
         8          4          0          0         96         68   libspace.o
       122          0          0          0          0         72   lludiv10.o
        40          4          0          0          0         84   noretval__2sprintf.o
         8          4          0          0          0         68   rt_locale_intlibspace.o
         2          0          0          0          0          0   rtexit.o
        10          0          0          0          0          0   rtexit2.o
        40          0          0          0          0         60   rtudiv10.o
       176          4          0          0          0         80   strcmpv6m.o
        68          6          0          0          0         72   strlen.o
        12          4          0          0          0         60   sys_exit.o
        62          0          0          0          0         80   sys_stackheap_outer.o
         2          0          0          0          0         68   use_no_semi.o
       124          4          0          0          0         72   d2f.o
      1096         26        128          0          0        112   ddiv.o
        88          0          0          0          0         92   dflti.o
        84          4          0          0          0         60   f2d.o
        16          4          0          0          0         76   printf1.o
         0          0          0          0          0          0   usenofp.o
        44          4          0          0          0         60   fpclassify.o

    ----------------------------------------------------------------------
      6788        180        304          0         96       2768   Library Totals
        20          0          0          0          0          0   (incl. Padding)

    ----------------------------------------------------------------------

      Code (inc. data)   RO Data    RW Data    ZI Data      Debug   Library Name

      5316        138        176          0         96       2296   c_p.l
      1408         38        128          0          0        412   fz_ps.l
        44          4          0          0          0         60   m_ps.l

    ----------------------------------------------------------------------
      6788        180        304          0         96       2768   Library Totals

    ----------------------------------------------------------------------

==============================================================================


      Code (inc. data)   RO Data    RW Data    ZI Data      Debug   

      9284        342        528          4       1668      19278   Grand Totals
      9284        342        528          4       1668      19278   ELF Image Totals
      9284        342        528          4          0          0   ROM Totals

==============================================================================

    Total RO  Size (Code + RO Data)                 9812 (   9.58kB)
    Total RW  Size (RW Data + ZI Data)              1672 (   1.63kB)
    Total ROM Size (Code + RO Data + RW Data)       9816 (   9.59kB)

==============================================================================

