Component: Arm Compiler for Embedded 6.24 Tool: armlink [5f371500]

==============================================================================

Section Cross References

    startup_stm32l073xx.o(STACK) refers (Special) to heapauxi.o(.text) for __use_two_region_memory
    startup_stm32l073xx.o(HEAP) refers (Special) to heapauxi.o(.text) for __use_two_region_memory
    startup_stm32l073xx.o(RESET) refers (Special) to heapauxi.o(.text) for __use_two_region_memory
    startup_stm32l073xx.o(RESET) refers to startup_stm32l073xx.o(STACK) for __initial_sp
    startup_stm32l073xx.o(RESET) refers to startup_stm32l073xx.o(.text) for Reset_Handler
    startup_stm32l073xx.o(RESET) refers to main.o(.text.SysTick_Handler) for SysTick_Handler
    startup_stm32l073xx.o(RESET) refers to main.o(.text.USART1_IRQHandler) for USART1_IRQHandler
    startup_stm32l073xx.o(RESET) refers to main.o(.text.USART2_IRQHandler) for USART2_IRQHandler
    startup_stm32l073xx.o(.text) refers (Special) to heapauxi.o(.text) for __use_two_region_memory
    startup_stm32l073xx.o(.text) refers to main.o(.text.SystemInit) for SystemInit
    startup_stm32l073xx.o(.text) refers to __main.o(!!!main) for __main
    startup_stm32l073xx.o(.text) refers to startup_stm32l073xx.o(HEAP) for Heap_Mem
    startup_stm32l073xx.o(.text) refers to startup_stm32l073xx.o(STACK) for Stack_Mem
    main.o(.text) refers (Special) to _printf_percent.o(.ARM.Collect$$_printf_percent$$00000000) for _printf_percent
    main.o(.text) refers (Special) to _printf_u.o(.ARM.Collect$$_printf_percent$$0000000A) for _printf_u
    main.o(.text) refers (Special) to _printf_f.o(.ARM.Collect$$_printf_percent$$00000003) for _printf_f
    main.o(.text) refers (Special) to _printf_dec.o(.text) for _printf_int_dec
    main.o(.text) refers (Special) to printf1.o(x$fpl$printf1) for _printf_fp_dec
    main.o(.text.SystemInit) refers (Special) to _printf_percent.o(.ARM.Collect$$_printf_percent$$00000000) for _printf_percent
    main.o(.text.SystemInit) refers (Special) to _printf_u.o(.ARM.Collect$$_printf_percent$$0000000A) for _printf_u
    main.o(.text.SystemInit) refers (Special) to _printf_f.o(.ARM.Collect$$_printf_percent$$00000003) for _printf_f
    main.o(.text.SystemInit) refers (Special) to _printf_dec.o(.text) for _printf_int_dec
    main.o(.text.SystemInit) refers (Special) to printf1.o(x$fpl$printf1) for _printf_fp_dec
    main.o(.ARM.exidx.text.SystemInit) refers (Special) to _printf_percent.o(.ARM.Collect$$_printf_percent$$00000000) for _printf_percent
    main.o(.ARM.exidx.text.SystemInit) refers (Special) to _printf_u.o(.ARM.Collect$$_printf_percent$$0000000A) for _printf_u
    main.o(.ARM.exidx.text.SystemInit) refers (Special) to _printf_f.o(.ARM.Collect$$_printf_percent$$00000003) for _printf_f
    main.o(.ARM.exidx.text.SystemInit) refers (Special) to _printf_dec.o(.text) for _printf_int_dec
    main.o(.ARM.exidx.text.SystemInit) refers (Special) to printf1.o(x$fpl$printf1) for _printf_fp_dec
    main.o(.ARM.exidx.text.SystemInit) refers to main.o(.text.SystemInit) for [Anonymous Symbol]
    main.o(.text.SysTick_Handler) refers (Special) to _printf_percent.o(.ARM.Collect$$_printf_percent$$00000000) for _printf_percent
    main.o(.text.SysTick_Handler) refers (Special) to _printf_u.o(.ARM.Collect$$_printf_percent$$0000000A) for _printf_u
    main.o(.text.SysTick_Handler) refers (Special) to _printf_f.o(.ARM.Collect$$_printf_percent$$00000003) for _printf_f
    main.o(.text.SysTick_Handler) refers (Special) to _printf_dec.o(.text) for _printf_int_dec
    main.o(.text.SysTick_Handler) refers (Special) to printf1.o(x$fpl$printf1) for _printf_fp_dec
    main.o(.text.SysTick_Handler) refers to main.o(.bss..L_MergedGlobals.1) for [Anonymous Symbol]
    main.o(.ARM.exidx.text.SysTick_Handler) refers (Special) to _printf_percent.o(.ARM.Collect$$_printf_percent$$00000000) for _printf_percent
    main.o(.ARM.exidx.text.SysTick_Handler) refers (Special) to _printf_u.o(.ARM.Collect$$_printf_percent$$0000000A) for _printf_u
    main.o(.ARM.exidx.text.SysTick_Handler) refers (Special) to _printf_f.o(.ARM.Collect$$_printf_percent$$00000003) for _printf_f
    main.o(.ARM.exidx.text.SysTick_Handler) refers (Special) to _printf_dec.o(.text) for _printf_int_dec
    main.o(.ARM.exidx.text.SysTick_Handler) refers (Special) to printf1.o(x$fpl$printf1) for _printf_fp_dec
    main.o(.ARM.exidx.text.SysTick_Handler) refers to main.o(.text.SysTick_Handler) for [Anonymous Symbol]
    main.o(.text.TIM2_us_init) refers (Special) to _printf_percent.o(.ARM.Collect$$_printf_percent$$00000000) for _printf_percent
    main.o(.text.TIM2_us_init) refers (Special) to _printf_u.o(.ARM.Collect$$_printf_percent$$0000000A) for _printf_u
    main.o(.text.TIM2_us_init) refers (Special) to _printf_f.o(.ARM.Collect$$_printf_percent$$00000003) for _printf_f
    main.o(.text.TIM2_us_init) refers (Special) to _printf_dec.o(.text) for _printf_int_dec
[...]
    libinit2.o(.ARM.Collect$$libinit$$00000018) refers to libinit2.o(.ARM.Collect$$libinit$$00000011) for .ARM.Collect$$libinit$$00000011
    libinit2.o(.ARM.Collect$$libinit$$00000018) refers (Weak) to lc_numeric_c.o(locale$$code) for _get_lc_numeric
    libinit2.o(.ARM.Collect$$libinit$$0000001A) refers to libinit2.o(.ARM.Collect$$libinit$$00000011) for .ARM.Collect$$libinit$$00000011
    libinit2.o(.ARM.Collect$$libinit$$00000028) refers to argv_veneer.o(.text) for __ARM_argv_veneer
    libinit2.o(.ARM.Collect$$libinit$$00000029) refers to argv_veneer.o(.text) for __ARM_argv_veneer
    cmpret.o(.text) refers (Special) to usenofp.o(x$fpl$usenofp) for __I$use$fp
    dcmpin.o(.text) refers (Special) to usenofp.o(x$fpl$usenofp) for __I$use$fp
    dcmpin.o(.text) refers to cmpret.o(.text) for __fpl_cmpreturn
    dcmpin.o(.text) refers to dnan2.o(.text) for __fpl_dcheck_NaN2
    fnan2.o(.text) refers (Special) to usenofp.o(x$fpl$usenofp) for __I$use$fp
    fnan2.o(.text) refers to retnan.o(.text) for __fpl_return_NaN
    rtexit.o(.ARM.Collect$$rtexit$$00000000) refers (Special) to rtexit2.o(.ARM.Collect$$rtexit$$00000004) for __rt_exit_exit
    rtexit.o(.ARM.Collect$$rtexit$$00000000) refers (Special) to rtexit2.o(.ARM.Collect$$rtexit$$00000003) for __rt_exit_ls
    rtexit.o(.ARM.Collect$$rtexit$$00000000) refers (Special) to rtexit2.o(.ARM.Collect$$rtexit$$00000002) for __rt_exit_prels_1
    rtexit.o(.ARM.exidx) refers (Special) to rtexit2.o(.ARM.Collect$$rtexit$$00000004) for __rt_exit_exit
    rtexit.o(.ARM.exidx) refers (Special) to rtexit2.o(.ARM.Collect$$rtexit$$00000003) for __rt_exit_ls
    rtexit.o(.ARM.exidx) refers (Special) to rtexit2.o(.ARM.Collect$$rtexit$$00000002) for __rt_exit_prels_1
    rtexit.o(.ARM.exidx) refers to rtexit.o(.ARM.Collect$$rtexit$$00000000) for .ARM.Collect$$rtexit$$00000000
    rt_raise.o(.text) refers to __raise.o(.text) for __raise
    rt_raise.o(.text) refers to sys_exit.o(.text) for _sys_exit
    defsig_exit.o(.text) refers to sys_exit.o(.text) for _sys_exit
    defsig_fpe_inner.o(.text) refers to defsig_general.o(.text) for __default_signal_display
    dnan2.o(.text) refers (Special) to usenofp.o(x$fpl$usenofp) for __I$use$fp
    dnan2.o(.text) refers to retnan.o(.text) for __fpl_return_NaN
    retnan.o(.text) refers (Special) to usenofp.o(x$fpl$usenofp) for __I$use$fp
    retnan.o(.text) refers to cmpret.o(.text) for __fpl_cmpreturn
    sys_exit.o(.text) refers (Special) to use_no_semi.o(.text) for __I$use$semihosting
    sys_exit.o(.text) refers (Special) to indicate_semi.o(.text) for __semihosting_library_function
    sys_exit_hlt.o(.text) refers (Special) to use_no_semi.o(.text) for __I$use$semihosting
    sys_exit_hlt.o(.text) refers (Special) to indicate_semi.o(.text) for __semihosting_library_function
    rtexit2.o(.ARM.Collect$$rtexit$$00000003) refers to libshutdown.o(.ARM.Collect$$libshutdown$$00000000) for __rt_lib_shutdown
    rtexit2.o(.ARM.Collect$$rtexit$$00000004) refers to sys_exit.o(.text) for _sys_exit
    rtexit2.o(.ARM.exidx) refers to rtexit2.o(.ARM.Collect$$rtexit$$00000001) for .ARM.Collect$$rtexit$$00000001
    rtexit2.o(.ARM.exidx) refers to rtexit2.o(.ARM.Collect$$rtexit$$00000003) for .ARM.Collect$$rtexit$$00000003
    rtexit2.o(.ARM.exidx) refers to rtexit2.o(.ARM.Collect$$rtexit$$00000004) for .ARM.Collect$$rtexit$$00000004
    __raise.o(.text) refers to defsig.o(CL$$defsig) for __default_signal_handler
    defsig_general.o(.text) refers to sys_wrch.o(.text) for _ttywrch
    _get_argv_nomalloc.o(.text) refers (Special) to hrguard.o(.text) for __heap_region$guard
    _get_argv_nomalloc.o(.text) refers to defsig_rtmem_outer.o(.text) for __rt_SIGRTMEM
    _get_argv_nomalloc.o(.text) refers to sys_command.o(.text) for _sys_command_string
    sys_wrch.o(.text) refers (Special) to use_no_semi.o(.text) for __I$use$semihosting
    sys_wrch.o(.text) refers (Special) to indicate_semi.o(.text) for __semihosting_library_function
    sys_command.o(.text) refers (Special) to use_no_semi.o(.text) for __I$use$semihosting
    sys_command.o(.text) refers (Special) to indicate_semi.o(.text) for __semihosting_library_function
    sys_wrch_hlt.o(.text) refers (Special) to use_no_semi.o(.text) for __I$use$semihosting
    sys_wrch_hlt.o(.text) refers (Special) to indicate_semi.o(.text) for __semihosting_library_function
    sys_command_hlt.o(.text) refers (Special) to use_no_semi.o(.text) for __I$use$semihosting
    sys_command_hlt.o(.text) refers (Special) to indicate_semi.o(.text) for __semihosting_library_function
    defsig_rtmem_outer.o(.text) refers to defsig_rtmem_inner.o(.text) for __rt_SIGRTMEM_inner
    defsig_rtmem_outer.o(.text) refers to defsig_exit.o(.text) for __sig_exit
    defsig_rtmem_formal.o(.text) refers to rt_raise.o(.text) for __rt_raise
    defsig.o(CL$$defsig) refers to defsig_fpe_inner.o(.text) for __rt_SIGFPE_inner
    defsig.o(CL$$defsig) refers to defsig_rtmem_inner.o(.text) for __rt_SIGRTMEM_inner
    libshutdown.o(.ARM.Collect$$libshutdown$$00000000) refers (Special) to libshutdown2.o(.ARM.Collect$$libshutdown$$00000002) for __rt_lib_shutdown_cpp_1
    libshutdown.o(.ARM.Collect$$libshutdown$$00000000) refers (Special) to libshutdown2.o(.ARM.Collect$$libshutdown$$00000007) for __rt_lib_shutdown_fp_trap_1
    libshutdown.o(.ARM.Collect$$libshutdown$$00000000) refers (Special) to libshutdown2.o(.ARM.Collect$$libshutdown$$0000000F) for __rt_lib_shutdown_heap_1
    libshutdown.o(.ARM.Collect$$libshutdown$$00000000) refers (Special) to libshutdown2.o(.ARM.Collect$$libshutdown$$00000010) for __rt_lib_shutdown_return
    libshutdown.o(.ARM.Collect$$libshutdown$$00000000) refers (Special) to libshutdown2.o(.ARM.Collect$$libshutdown$$0000000A) for __rt_lib_shutdown_signal_1
    libshutdown.o(.ARM.Collect$$libshutdown$$00000000) refers (Special) to libshutdown2.o(.ARM.Collect$$libshutdown$$00000004) for __rt_lib_shutdown_stdio_1
    libshutdown.o(.ARM.Collect$$libshutdown$$00000000) refers (Special) to libshutdown2.o(.ARM.Collect$$libshutdown$$0000000C) for __rt_lib_shutdown_user_alloc_1
    defsig_abrt_inner.o(.text) refers to defsig_general.o(.text) for __default_signal_display
    defsig_rtred_inner.o(.text) refers to defsig_general.o(.text) for __default_signal_display
    defsig_rtmem_inner.o(.text) refers to defsig_general.o(.text) for __default_signal_display
    defsig_stak_inner.o(.text) refers to defsig_general.o(.text) for __default_signal_display
    defsig_pvfn_inner.o(.text) refers to defsig_general.o(.text) for __default_signal_display
    defsig_cppl_inner.o(.text) refers to defsig_general.o(.text) for __default_signal_display
    defsig_segv_inner.o(.text) refers to defsig_general.o(.text) for __default_signal_display
    defsig_other.o(.text) refers to defsig_general.o(.text) for __default_signal_display


==============================================================================

Removing Unused input sections from the image.

    Removing main.o(.text), (0 bytes).
    Removing main.o(.ARM.exidx.text.SystemInit), (8 bytes).
    Removing main.o(.ARM.exidx.text.SysTick_Handler), (8 bytes).
    Removing main.o(.text.TIM2_us_init), (64 bytes).
    Removing main.o(.ARM.exidx.text.TIM2_us_init), (8 bytes).
    Removing main.o(.text.delay_us), (36 bytes).
    Removing main.o(.ARM.exidx.text.delay_us), (8 bytes).
    Removing main.o(.text.delayMicroseconds), (132 bytes).
    Removing main.o(.ARM.exidx.text.delayMicroseconds), (8 bytes).
    Removing main.o(.text.HAL_GPIO_ReadPin), (10 bytes).
    Removing main.o(.ARM.exidx.text.HAL_GPIO_ReadPin), (8 bytes).
    Removing main.o(.text.HAL_GPIO_Init), (396 bytes).
    Removing main.o(.ARM.exidx.text.HAL_GPIO_Init), (8 bytes).
    Removing main.o(.text.HAL_GPIO_WritePin), (16 bytes).
    Removing main.o(.ARM.exidx.text.HAL_GPIO_WritePin), (8 bytes).
    Removing main.o(.text.Set_Pin_Output), (28 bytes).
    Removing main.o(.ARM.exidx.text.Set_Pin_Output), (8 bytes).
    Removing main.o(.text.Set_Pin_Input), (26 bytes).
    Removing main.o(.ARM.exidx.text.Set_Pin_Input), (8 bytes).
    Removing main.o(.text.DHT22_Start), (120 bytes).
    Removing main.o(.ARM.exidx.text.DHT22_Start), (8 bytes).
    Removing main.o(.text.DHT22_Check_Response), (144 bytes).
    Removing main.o(.ARM.exidx.text.DHT22_Check_Response), (8 bytes).
    Removing main.o(.ARM.exidx.text.DHT22_Read), (8 bytes).
    Removing main.o(.text.ADC1_Init), (196 bytes).
    Removing main.o(.ARM.exidx.text.ADC1_Init), (8 bytes).
    Removing main.o(.text.ADC1_Read), (44 bytes).
    Removing main.o(.ARM.exidx.text.ADC1_Read), (8 bytes).
    Removing main.o(.text.PWM_Init), (168 bytes).
    Removing main.o(.ARM.exidx.text.PWM_Init), (8 bytes).
    Removing main.o(.text.Tanh_Init), (24 bytes).
    Removing main.o(.ARM.exidx.text.Tanh_Init), (8 bytes).
    Removing main.o(.text.Tanh_Compute), (216 bytes).
    Removing main.o(.ARM.exidx.text.Tanh_Compute), (8 bytes).
    Removing main.o(.text.LightControl_Init), (56 bytes).
    Removing main.o(.ARM.exidx.text.LightControl_Init), (8 bytes).
    Removing main.o(.text.ADC1_Read_EMA), (124 bytes).
    Removing main.o(.ARM.exidx.text.ADC1_Read_EMA), (8 bytes).
    Removing main.o(.text.TIM6_Init), (64 bytes).
    Removing main.o(.ARM.exidx.text.TIM6_Init), (8 bytes).
    Removing main.o(.ARM.exidx.text.main), (8 bytes).
    Removing main.o(.ARM.exidx.text.USART1_IRQHandler), (8 bytes).
    Removing main.o(.ARM.exidx.text.USART2_IRQHandler), (8 bytes).
    Removing main.o(.data.tx_buffer), (27 bytes).
    Removing main.o(.bss.rx_data), (8 bytes).
    Removing main.o(.data.str), (4 bytes).
    Removing main.o(.bss.rx_buffer), (100 bytes).
    Removing main.o(.data.cmd), (4 bytes).
    Removing main.o(.bss.rx_indx), (1 bytes).
    Removing main.o(.ARM.use_no_argv), (4 bytes).

50 unused section(s) (total 2204 bytes) removed from the image.

==============================================================================

Image Symbol Table

    Local Symbols

    Symbol Name                              Value     Ov Type        Size  Object(Section)

    ../clib/angel/boardlib.s                 0x00000000   Number         0  boardinit1.o ABSOLUTE
    ../clib/angel/boardlib.s                 0x00000000   Number         0  boardinit2.o ABSOLUTE
    ../clib/angel/boardlib.s                 0x00000000   Number         0  boardinit3.o ABSOLUTE
    ../clib/angel/boardlib.s                 0x00000000   Number         0  boardshut.o ABSOLUTE
    ../clib/angel/handlers.s                 0x00000000   Number         0  __scatter_copy.o ABSOLUTE
    ../clib/angel/handlers.s                 0x00000000   Number         0  __scatter_zi.o ABSOLUTE
    ../clib/angel/kernel.s                   0x00000000   Number         0  __rtentry.o ABSOLUTE
    ../clib/angel/kernel.s                   0x00000000   Number         0  __rtentry2.o ABSOLUTE
    ../clib/angel/kernel.s                   0x00000000   Number         0  __rtentry4.o ABSOLUTE
    ../clib/angel/kernel.s                   0x00000000   Number         0  rtexit.o ABSOLUTE
    ../clib/angel/kernel.s                   0x00000000   Number         0  rtexit2.o ABSOLUTE
    ../clib/angel/rt.s                       0x00000000   Number         0  aeabi_idiv0.o ABSOLUTE
    ../clib/angel/rt.s                       0x00000000   Number         0  aeabi_idiv0_sigfpe.o ABSOLUTE
    ../clib/angel/rt.s                       0x00000000   Number         0  rt_div0.o ABSOLUTE
    ../clib/angel/rt.s                       0x00000000   Number         0  rt_locale.o ABSOLUTE
    ../clib/angel/rt.s                       0x00000000   Number         0  rt_locale_intlibspace.o ABSOLUTE
    ../clib/angel/rt.s                       0x00000000   Number         0  rt_errno_addr.o ABSOLUTE
    ../clib/angel/rt.s                       0x00000000   Number         0  rt_errno_addr_intlibspace.o ABSOLUTE
    ../clib/angel/rt.s                       0x00000000   Number         0  rt_raise.o ABSOLUTE
    ../clib/angel/scatterp.s                 0x00000000   Number         0  __scatter.o ABSOLUTE
    ../clib/angel/startup.s                  0x00000000   Number         0  __main.o ABSOLUTE
    ../clib/angel/sys.s                      0x00000000   Number         0  libspace.o ABSOLUTE
    ../clib/angel/sys.s                      0x00000000   Number         0  sys_stackheap_outer.o ABSOLUTE
    ../clib/angel/sys.s                      0x00000000   Number         0  tempstk.o ABSOLUTE
    ../clib/angel/sys.s                      0x00000000   Number         0  use_no_semi.o ABSOLUTE
    ../clib/angel/sys.s                      0x00000000   Number         0  indicate_semi.o ABSOLUTE
    ../clib/angel/sysapp.c                   0x00000000   Number         0  sys_exit.o ABSOLUTE
    ../clib/angel/sysapp.c                   0x00000000   Number         0  sys_exit_hlt.o ABSOLUTE
    ../clib/angel/sysapp.c                   0x00000000   Number         0  sys_wrch.o ABSOLUTE
    ../clib/angel/sysapp.c                   0x00000000   Number         0  sys_command.o ABSOLUTE
    ../clib/angel/sysapp.c                   0x00000000   Number         0  sys_wrch_hlt.o ABSOLUTE
    ../clib/angel/sysapp.c                   0x00000000   Number         0  sys_command_hlt.o ABSOLUTE
    ../clib/armsys.c                         0x00000000   Number         0  argv_veneer.o ABSOLUTE
    ../clib/armsys.c                         0x00000000   Number         0  _get_argv_nomalloc.o ABSOLUTE
    ../clib/armsys.c                         0x00000000   Number         0  no_argv.o ABSOLUTE
    ../clib/bigflt.c                         0x00000000   Number         0  bigflt0.o ABSOLUTE
    ../clib/btod.c                           0x00000000   Number         0  btod.o ABSOLUTE
    ../clib/btod_accurate.c                  0x00000000   Number         0  btod_accurate.o ABSOLUTE
    ../clib/btod_accurate.c                  0x00000000   Number         0  btod_accurate_common.o ABSOLUTE
    ../clib/division.c                       0x00000000   Number         0  rtudiv10.o ABSOLUTE
    ../clib/division.c                       0x00000000   Number         0  lludiv10.o ABSOLUTE
    ../clib/division.s                       0x00000000   Number         0  aeabi_sdivfast.o ABSOLUTE
    ../clib/division.s                       0x00000000   Number         0  aeabi_sdivfast_div0.o ABSOLUTE
    ../clib/fenv.c                           0x00000000   Number         0  _rserrno.o ABSOLUTE
    ../clib/heapalloc.c                      0x00000000   Number         0  hrguard.o ABSOLUTE
    ../clib/heapaux.c                        0x00000000   Number         0  heapauxi.o ABSOLUTE
    ../clib/libinit.s                        0x00000000   Number         0  libinit.o ABSOLUTE
    ../clib/libinit.s                        0x00000000   Number         0  libinit2.o ABSOLUTE
    ../clib/libinit.s                        0x00000000   Number         0  libshutdown.o ABSOLUTE
    ../clib/libinit.s                        0x00000000   Number         0  libshutdown2.o ABSOLUTE
    ../clib/locale.s                         0x00000000   Number         0  lc_numeric_c.o ABSOLUTE
    ../clib/longlong.c                       0x00000000   Number         0  llushr.o ABSOLUTE
    ../clib/memcpset.s                       0x00000000   Number         0  strcmpv6m.o ABSOLUTE
    ../clib/misc.s                           0x00000000   Number         0  printf_stubs.o ABSOLUTE
    ../clib/printf.c                         0x00000000   Number         0  __2sprintf.o ABSOLUTE
    ../clib/printf.c                         0x00000000   Number         0  noretval__2sprintf.o ABSOLUTE
    ../clib/printf.c                         0x00000000   Number         0  __printf.o ABSOLUTE
    ../clib/printf.c                         0x00000000   Number         0  _printf_dec.o ABSOLUTE
    ../clib/printf.c                         0x00000000   Number         0  __printf_flags.o ABSOLUTE
    ../clib/printf.c                         0x00000000   Number         0  __printf_ss.o ABSOLUTE
    ../clib/printf.c                         0x00000000   Number         0  __printf_flags_ss.o ABSOLUTE
    ../clib/printf.c                         0x00000000   Number         0  __printf_wp.o ABSOLUTE
    ../clib/printf.c                         0x00000000   Number         0  __printf_flags_wp.o ABSOLUTE
    ../clib/printf.c                         0x00000000   Number         0  __printf_ss_wp.o ABSOLUTE
    ../clib/printf.c                         0x00000000   Number         0  __printf_flags_ss_wp.o ABSOLUTE
    ../clib/printf.c                         0x00000000   Number         0  _printf_intcommon.o ABSOLUTE
    ../clib/printf.c                         0x00000000   Number         0  _printf_fp_dec.o ABSOLUTE
    ../clib/printf.c                         0x00000000   Number         0  _printf_fp_dec_accurate.o ABSOLUTE
    ../clib/printf.c                         0x00000000   Number         0  _printf_char_common.o ABSOLUTE
    ../clib/printf.c                         0x00000000   Number         0  _sputc.o ABSOLUTE
    ../clib/printf.c                         0x00000000   Number         0  _printf_fp_infnan.o ABSOLUTE
    ../clib/printf.c                         0x00000000   Number         0  __printf_nopercent.o ABSOLUTE
    ../clib/printf_percent.s                 0x00000000   Number         0  _printf_u.o ABSOLUTE
    ../clib/printf_percent.s                 0x00000000   Number         0  _printf_f.o ABSOLUTE
    ../clib/printf_percent.s                 0x00000000   Number         0  _printf_percent.o ABSOLUTE
    ../clib/printf_percent.s                 0x00000000   Number         0  _printf_percent_end.o ABSOLUTE
    ../clib/signal.c                         0x00000000   Number         0  defsig_fpe_outer.o ABSOLUTE
    ../clib/signal.c                         0x00000000   Number         0  defsig_fpe_formal.o ABSOLUTE
    ../clib/signal.c                         0x00000000   Number         0  defsig_exit.o ABSOLUTE
    ../clib/signal.c                         0x00000000   Number         0  defsig_fpe_inner.o ABSOLUTE
    ../clib/signal.c                         0x00000000   Number         0  __raise.o ABSOLUTE
    ../clib/signal.c                         0x00000000   Number         0  defsig_general.o ABSOLUTE
    ../clib/signal.c                         0x00000000   Number         0  defsig_rtmem_outer.o ABSOLUTE
    ../clib/signal.c                         0x00000000   Number         0  defsig_rtmem_formal.o ABSOLUTE
    ../clib/signal.c                         0x00000000   Number         0  defsig_abrt_inner.o ABSOLUTE
    ../clib/signal.c                         0x00000000   Number         0  defsig_rtred_inner.o ABSOLUTE
    ../clib/signal.c                         0x00000000   Number         0  defsig_rtmem_inner.o ABSOLUTE
    ../clib/signal.c                         0x00000000   Number         0  defsig_stak_inner.o ABSOLUTE
    ../clib/signal.c                         0x00000000   Number         0  defsig_pvfn_inner.o ABSOLUTE
    ../clib/signal.c                         0x00000000   Number         0  defsig_cppl_inner.o ABSOLUTE
    ../clib/signal.c                         0x00000000   Number         0  defsig_segv_inner.o ABSOLUTE
    ../clib/signal.c                         0x00000000   Number         0  defsig_other.o ABSOLUTE
    ../clib/signal.s                         0x00000000   Number         0  defsig.o ABSOLUTE
    ../clib/stdlib.c                         0x00000000   Number         0  exit.o ABSOLUTE
    ../clib/string.c                         0x00000000   Number         0  strlen.o ABSOLUTE
    ../fplib/cfplib/cmp.c                    0x00000000   Number         0  fcmp.o ABSOLUTE
    ../fplib/cfplib/cmpret.c                 0x00000000   Number         0  cmpret.o ABSOLUTE
    ../fplib/cfplib/d2f.c                    0x00000000   Number         0  d2f.o ABSOLUTE
    ../fplib/cfplib/daddsub.c                0x00000000   Number         0  daddsub.o ABSOLUTE
    ../fplib/cfplib/dcmpin.c                 0x00000000   Number         0  dcmpin.o ABSOLUTE
    ../fplib/cfplib/ddiv.c                   0x00000000   Number         0  ddiv.o ABSOLUTE
    ../fplib/cfplib/dmul.c                   0x00000000   Number         0  dmul.o ABSOLUTE
    ../fplib/cfplib/f2d.c                    0x00000000   Number         0  f2d.o ABSOLUTE
    ../fplib/cfplib/fcmpin.c                 0x00000000   Number         0  fcmpin.o ABSOLUTE
    ../fplib/cfplib/ffix.c                   0x00000000   Number         0  ffixi.o ABSOLUTE
    ../fplib/cfplib/ffix.c                   0x00000000   Number         0  dfixi.o ABSOLUTE
    ../fplib/cfplib/fflt.c                   0x00000000   Number         0  dflti.o ABSOLUTE
    ../fplib/cfplib/fflt.c                   0x00000000   Number         0  fflti.o ABSOLUTE
    ../fplib/cfplib/fpinit.c                 0x00000000   Number         0  fpinit.o ABSOLUTE
    ../fplib/cfplib/ieee_status.c            0x00000000   Number         0  ieee_status.o ABSOLUTE
    ../fplib/cfplib/nan2.c                   0x00000000   Number         0  fnan2.o ABSOLUTE
    ../fplib/cfplib/nan2.c                   0x00000000   Number         0  dnan2.o ABSOLUTE
    ../fplib/cfplib/retnan.c                 0x00000000   Number         0  retnan.o ABSOLUTE
    ../fplib/cfplib/scalbn.c                 0x00000000   Number         0  dscalbn.o ABSOLUTE
    ../fplib/dleqf6m.s                       0x00000000   Number         0  dlef.o ABSOLUTE
    ../fplib/drleqf6m.s                      0x00000000   Number         0  drlef.o ABSOLUTE
    ../fplib/faddsub6m.s                     0x00000000   Number         0  faddsub.o ABSOLUTE
    ../fplib/feqf6m.s                        0x00000000   Number         0  feqf.o ABSOLUTE
    ../fplib/fgeqf6m.s                       0x00000000   Number         0  fgef.o ABSOLUTE
    ../fplib/fleqf6m.s                       0x00000000   Number         0  flef.o ABSOLUTE
    ../fplib/fmul6m.s                        0x00000000   Number         0  fmul.o ABSOLUTE
    ../fplib/printf1.s                       0x00000000   Number         0  printf1.o ABSOLUTE
    ../fplib/usenofp.s                       0x00000000   Number         0  usenofp.o ABSOLUTE
    ../mathlib/dunder.c                      0x00000000   Number         0  dunder.o ABSOLUTE
    ../mathlib/expm1_i.c                     0x00000000   Number         0  expm1_i.o ABSOLUTE
    ../mathlib/fpclassify.c                  0x00000000   Number         0  fpclassify.o ABSOLUTE
    ../mathlib/poly.c                        0x00000000   Number         0  poly.o ABSOLUTE
    ../mathlib/tanh.c                        0x00000000   Number         0  tanh.o ABSOLUTE
    dc.s                                     0x00000000   Number         0  dc.o ABSOLUTE
    main.c                                   0x00000000   Number         0  main.o ABSOLUTE
    startup_stm32l073xx.s                    0x00000000   Number         0  startup_stm32l073xx.o ABSOLUTE
    RESET                                    0x08000000   Section      192  startup_stm32l073xx.o(RESET)
    !!!main                                  0x080000c0   Section        8  __main.o(!!!main)
    !!!scatter                               0x080000c8   Section       84  __scatter.o(!!!scatter)
    !!handler_copy                           0x0800011c   Section       26  __scatter_copy.o(!!handler_copy)
    !!handler_null                           0x08000138   Section        2  __scatter.o(!!handler_null)
    !!handler_zi                             0x0800013c   Section       28  __scatter_zi.o(!!handler_zi)
    .ARM.Collect$$_printf_percent$$00000000  0x08000158   Section        2  _printf_percent.o(.ARM.Collect$$_printf_percent$$00000000)
    .ARM.Collect$$_printf_percent$$00000003  0x0800015a   Section       10  _printf_f.o(.ARM.Collect$$_printf_percent$$00000003)
    .ARM.Collect$$_printf_percent$$0000000A  0x08000164   Section       10  _printf_u.o(.ARM.Collect$$_printf_percent$$0000000A)
    .ARM.Collect$$_printf_percent$$00000017  0x0800016e   Section        4  _printf_percent_end.o(.ARM.Collect$$_printf_percent$$00000017)
    .ARM.Collect$$libinit$$00000000          0x08000172   Section        2  libinit.o(.ARM.Collect$$libinit$$00000000)
    .ARM.Collect$$libinit$$00000002          0x08000174   Section        0  libinit2.o(.ARM.Collect$$libinit$$00000002)
    .ARM.Collect$$libinit$$00000004          0x08000174   Section        0  libinit2.o(.ARM.Collect$$libinit$$00000004)
    .ARM.Collect$$libinit$$00000006          0x08000174   Section        0  libinit2.o(.ARM.Collect$$libinit$$00000006)
    .ARM.Collect$$libinit$$0000000C          0x08000174   Section        0  libinit2.o(.ARM.Collect$$libinit$$0000000C)
    .ARM.Collect$$libinit$$0000000E          0x08000174   Section        0  libinit2.o(.ARM.Collect$$libinit$$0000000E)
    .ARM.Collect$$libinit$$00000010          0x08000174   Section        0  libinit2.o(.ARM.Collect$$libinit$$00000010)
    .ARM.Collect$$libinit$$00000011          0x08000174   Section        6  libinit2.o(.ARM.Collect$$libinit$$00000011)
    .ARM.Collect$$libinit$$00000013          0x0800017a   Section        0  libinit2.o(.ARM.Collect$$libinit$$00000013)
    .ARM.Collect$$libinit$$00000015          0x0800017a   Section        0  libinit2.o(.ARM.Collect$$libinit$$00000015)
    .ARM.Collect$$libinit$$00000017          0x0800017a   Section        0  libinit2.o(.ARM.Collect$$libinit$$00000017)
    .ARM.Collect$$libinit$$00000018          0x0800017a   Section       10  libinit2.o(.ARM.Collect$$libinit$$00000018)
    .ARM.Collect$$libinit$$00000019          0x08000184   Section        0  libinit2.o(.ARM.Collect$$libinit$$00000019)
    .ARM.Collect$$libinit$$0000001B          0x08000184   Section        0  libinit2.o(.ARM.Collect$$libinit$$0000001B)
    .ARM.Collect$$libinit$$0000001D          0x08000184   Section        0  libinit2.o(.ARM.Collect$$libinit$$0000001D)
    .ARM.Collect$$libinit$$0000001F          0x08000184   Section        0  libinit2.o(.ARM.Collect$$libinit$$0000001F)
    .ARM.Collect$$libinit$$00000021          0x08000184   Section        0  libinit2.o(.ARM.Collect$$libinit$$00000021)
    .ARM.Collect$$libinit$$00000023          0x08000184   Section        0  libinit2.o(.ARM.Collect$$libinit$$00000023)
    .ARM.Collect$$libinit$$00000025          0x08000184   Section        0  libinit2.o(.ARM.Collect$$libinit$$00000025)
    .ARM.Collect$$libinit$$00000027          0x08000184   Section        0  libinit2.o(.ARM.Collect$$libinit$$00000027)
    .ARM.Collect$$libinit$$0000002E          0x08000184   Section        0  libinit2.o(.ARM.Collect$$libinit$$0000002E)
    .ARM.Collect$$libinit$$00000030          0x08000184   Section        0  libinit2.o(.ARM.Collect$$libinit$$00000030)
    .ARM.Collect$$libinit$$00000032          0x08000184   Section        0  libinit2.o(.ARM.Collect$$libinit$$00000032)
    .ARM.Collect$$libinit$$00000034          0x08000184   Section        0  libinit2.o(.ARM.Collect$$libinit$$00000034)
    .ARM.Collect$$libinit$$00000035          0x08000184   Section        2  libinit2.o(.ARM.Collect$$libinit$$00000035)
    .ARM.Collect$$libshutdown$$00000000      0x08000186   Section        2  libshutdown.o(.ARM.Collect$$libshutdown$$00000000)
    .ARM.Collect$$libshutdown$$00000002      0x08000188   Section        0  libshutdown2.o(.ARM.Collect$$libshutdown$$00000002)
    .ARM.Collect$$libshutdown$$00000004      0x08000188   Section        0  libshutdown2.o(.ARM.Collect$$libshutdown$$00000004)
    .ARM.Collect$$libshutdown$$00000007      0x08000188   Section        0  libshutdown2.o(.ARM.Collect$$libshutdown$$00000007)
    .ARM.Collect$$libshutdown$$0000000A      0x08000188   Section        0  libshutdown2.o(.ARM.Collect$$libshutdown$$0000000A)
    .ARM.Collect$$libshutdown$$0000000C      0x08000188   Section        0  libshutdown2.o(.ARM.Collect$$libshutdown$$0000000C)
    .ARM.Collect$$libshutdown$$0000000F      0x08000188   Section        0  libshutdown2.o(.ARM.Collect$$libshutdown$$0000000F)
    .ARM.Collect$$libshutdown$$00000010      0x08000188   Section        2  libshutdown2.o(.ARM.Collect$$libshutdown$$00000010)
    .ARM.Collect$$rtentry$$00000000          0x0800018a   Section        0  __rtentry.o(.ARM.Collect$$rtentry$$00000000)
    .ARM.Collect$$rtentry$$00000002          0x0800018a   Section        0  __rtentry2.o(.ARM.Collect$$rtentry$$00000002)
    .ARM.Collect$$rtentry$$00000004          0x0800018a   Section        6  __rtentry4.o(.ARM.Collect$$rtentry$$00000004)
    .ARM.Collect$$rtentry$$00000009          0x08000190   Section        0  __rtentry2.o(.ARM.Collect$$rtentry$$00000009)
    .ARM.Collect$$rtentry$$0000000A          0x08000190   Section        4  __rtentry2.o(.ARM.Collect$$rtentry$$0000000A)
    .ARM.Collect$$rtentry$$0000000C          0x08000194   Section        0  __rtentry2.o(.ARM.Collect$$rtentry$$0000000C)
    .ARM.Collect$$rtentry$$0000000D          0x08000194   Section        8  __rtentry2.o(.ARM.Collect$$rtentry$$0000000D)
    .ARM.Collect$$rtexit$$00000000           0x0800019c   Section        2  rtexit.o(.ARM.Collect$$rtexit$$00000000)
    .ARM.Collect$$rtexit$$00000002           0x0800019e   Section        0  rtexit2.o(.ARM.Collect$$rtexit$$00000002)
    .ARM.Collect$$rtexit$$00000003           0x0800019e   Section        4  rtexit2.o(.ARM.Collect$$rtexit$$00000003)
    .ARM.Collect$$rtexit$$00000004           0x080001a2   Section        6  rtexit2.o(.ARM.Collect$$rtexit$$00000004)
    .text                                    0x080001a8   Section       56  startup_stm32l073xx.o(.text)
    .text                                    0x080001e0   Section        0  noretval__2sprintf.o(.text)
    .text                                    0x08000208   Section        0  _printf_dec.o(.text)
    .text                                    0x08000274   Section        0  __printf_wp.o(.text)
    .text                                    0x08000384   Section        0  strlen.o(.text)
    .text                                    0x080003c8   Section      504  aeabi_sdivfast.o(.text)
    .text                                    0x080005c0   Section        0  heapauxi.o(.text)
    .text                                    0x080005c8   Section        0  d2f.o(.text)
    .text                                    0x08000644   Section        0  ddiv.o(.text)
    .text                                    0x08000a8c   Section        0  dflti.o(.text)
    .text                                    0x08000ae4   Section        0  f2d.o(.text)
    .text                                    0x08000b38   Section        0  ffixi.o(.text)
    .text                                    0x08000b84   Section        0  fflti.o(.text)
    .text                                    0x08000be2   Section        0  _printf_intcommon.o(.text)
    _fp_digits                               0x08000c95   Thumb Code   412  _printf_fp_dec.o(.text)
    .text                                    0x08000c94   Section        0  _printf_fp_dec.o(.text)
    _printf_input_char                       0x080010a9   Thumb Code    10  _printf_char_common.o(.text)
    .text                                    0x080010a8   Section        0  _printf_char_common.o(.text)
    .text                                    0x080010d8   Section        0  _sputc.o(.text)
    .text                                    0x080010e2   Section        0  rtudiv10.o(.text)
    _dadd1                                   0x0800110d   Thumb Code   290  daddsub.o(.text)
    .text                                    0x0800110c   Section        0  daddsub.o(.text)
    _dsub1                                   0x0800122f   Thumb Code   470  daddsub.o(.text)
    .text                                    0x08001464   Section        0  dmul.o(.text)
    .text                                    0x080016ac   Section        0  dscalbn.o(.text)
    .text                                    0x0800170c   Section        8  rt_locale_intlibspace.o(.text)
    .text                                    0x08001714   Section        0  lludiv10.o(.text)
    .text                                    0x0800178e   Section        0  _rserrno.o(.text)
    .text                                    0x080017a4   Section        0  _printf_fp_infnan.o(.text)
    .text                                    0x0800182c   Section        0  bigflt0.o(.text)
    .text                                    0x08001904   Section        0  btod.o(.text)
    btod_internal_mul                        0x08001945   Thumb Code   492  btod.o(.text)
    btod_internal_div                        0x08001b31   Thumb Code   520  btod.o(.text)
    .text                                    0x08001e84   Section        0  dfixi.o(.text)
    .text                                    0x08001ef0   Section        0  fcmpin.o(.text)
    .text                                    0x08001f54   Section        8  libspace.o(.text)
    .text                                    0x08001f5c   Section       62  sys_stackheap_outer.o(.text)
    .text                                    0x08001f9c   Section        8  rt_errno_addr_intlibspace.o(.text)
    .text                                    0x08001fa4   Section        0  exit.o(.text)
    .text                                    0x08001fb4   Section      176  strcmpv6m.o(.text)
    .text                                    0x08002064   Section        0  cmpret.o(.text)
    .text                                    0x08002094   Section        0  dcmpin.o(.text)
    .text                                    0x08002134   Section        0  fnan2.o(.text)
    .text                                    0x08002144   Section        0  dnan2.o(.text)
    .text                                    0x08002158   Section        0  retnan.o(.text)
    .text                                    0x080021b8   Section        0  sys_exit.o(.text)
    .text                                    0x080021c4   Section        2  use_no_semi.o(.text)
    .text                                    0x080021c6   Section        0  indicate_semi.o(.text)
    [Anonymous Symbol]                       0x080021c8   Section        0  main.o(.text.DHT22_Read)
    __arm_cp.12_0                            0x0800248c   Number         4  main.o(.text.DHT22_Read)
    __arm_cp.12_1                            0x08002490   Number         4  main.o(.text.DHT22_Read)
    [Anonymous Symbol]                       0x08002494   Section        0  main.o(.text.SysTick_Handler)
    __arm_cp.1_0                             0x080024a0   Number         4  main.o(.text.SysTick_Handler)
    [Anonymous Symbol]                       0x080024a4   Section        0  main.o(.text.SystemInit)
    [Anonymous Symbol]                       0x080024a8   Section        0  main.o(.text.USART1_IRQHandler)
    __arm_cp.22_0                            0x080024f0   Number         4  main.o(.text.USART1_IRQHandler)
    __arm_cp.22_4                            0x080024f4   Number         4  main.o(.text.USART1_IRQHandler)
    [Anonymous Symbol]                       0x080024f8   Section        0  main.o(.text.USART2_IRQHandler)
    __arm_cp.23_0                            0x08002520   Number         4  main.o(.text.USART2_IRQHandler)
    __arm_cp.23_1                            0x08002524   Number         4  main.o(.text.USART2_IRQHandler)
    __arm_cp.23_2                            0x08002528   Number         4  main.o(.text.USART2_IRQHandler)
    __arm_cp.23_3                            0x0800252c   Number         4  main.o(.text.USART2_IRQHandler)
    __arm_cp.23_4                            0x08002530   Number         4  main.o(.text.USART2_IRQHandler)
    [Anonymous Symbol]                       0x08002534   Section        0  main.o(.text.main)
    __arm_cp.21_24                           0x08002884   Number         4  main.o(.text.main)
    __arm_cp.21_26                           0x0800288c   Number         4  main.o(.text.main)
    __arm_cp.21_27                           0x08002890   Number         4  main.o(.text.main)
    __arm_cp.21_29                           0x08002898   Number         4  main.o(.text.main)
    __arm_cp.21_30                           0x0800289c   Number         4  main.o(.text.main)
    __arm_cp.21_31                           0x080028a0   Number         4  main.o(.text.main)
    __arm_cp.21_32                           0x080028a4   Number         4  main.o(.text.main)
    __arm_cp.21_33                           0x080028a8   Number         4  main.o(.text.main)
    __arm_cp.21_34                           0x080028ac   Number         4  main.o(.text.main)
    __arm_cp.21_36                           0x080028b4   Number         4  main.o(.text.main)
    __arm_cp.21_37                           0x080028b8   Number         4  main.o(.text.main)
    __arm_cp.21_39                           0x080028c0   Number         4  main.o(.text.main)
    __arm_cp.21_40                           0x080028c4   Number         4  main.o(.text.main)
    __arm_cp.21_41                           0x080028c8   Number         4  main.o(.text.main)
    __arm_cp.21_42                           0x080028cc   Number         4  main.o(.text.main)
    __arm_cp.21_43                           0x080028d0   Number         4  main.o(.text.main)
    __arm_cp.21_1                            0x08002c34   Number         4  main.o(.text.main)
    __arm_cp.21_4                            0x08002c38   Number         4  main.o(.text.main)
    __arm_cp.21_11                           0x08002c3c   Number         4  main.o(.text.main)
    __arm_cp.21_14                           0x08002c40   Number         4  main.o(.text.main)
    __arm_cp.21_20                           0x08002c44   Number         4  main.o(.text.main)
    __arm_cp.21_21                           0x08002c48   Number         4  main.o(.text.main)
    __arm_cp.21_22                           0x08002c4c   Number         4  main.o(.text.main)
    .text_divfast                            0x08002c70   Section      502  aeabi_sdivfast.o(.text_divfast)
    i.__ARM_common_ll_muluu                  0x08002e66   Section        0  btod.o(i.__ARM_common_ll_muluu)
    i.__ARM_fpclassify                       0x08002e98   Section        0  fpclassify.o(i.__ARM_fpclassify)
    i.__kernel_poly                          0x08002ec4   Section        0  poly.o(i.__kernel_poly)
    i.__mathlib_dbl_infnan                   0x08002f70   Section        0  dunder.o(i.__mathlib_dbl_infnan)
    i.__mathlib_dbl_overflow                 0x08002f7c   Section        0  dunder.o(i.__mathlib_dbl_overflow)
    i.__mathlib_dbl_underflow                0x08002f90   Section        0  dunder.o(i.__mathlib_dbl_underflow)
    i.__mathlib_expm1                        0x08002fa4   Section        0  expm1_i.o(i.__mathlib_expm1)
    i._fgeq                                  0x08003310   Section        0  fcmp.o(i._fgeq)
    i._fgr                                   0x08003326   Section        0  fcmp.o(i._fgr)
    i._fls                                   0x0800333c   Section        0  fcmp.o(i._fls)
    i._is_digit                              0x08003352   Section        0  __printf_wp.o(i._is_digit)
    i.tanh                                   0x08003360   Section        0  tanh.o(i.tanh)
    locale$$code                             0x08003430   Section       44  lc_numeric_c.o(locale$$code)
    x$fpl$dleqf                              0x0800345c   Section      100  dlef.o(x$fpl$dleqf)
    x$fpl$drleqf                             0x080034c0   Section      104  drlef.o(x$fpl$drleqf)
    x$fpl$fadd                               0x08003528   Section      140  faddsub.o(x$fpl$fadd)
    _fadd1                                   0x08003535   Thumb Code     0  faddsub.o(x$fpl$fadd)
    x$fpl$fgeqf                              0x080035b4   Section       84  fgef.o(x$fpl$fgeqf)
    x$fpl$fleqf                              0x08003608   Section       84  flef.o(x$fpl$fleqf)
    x$fpl$fmul                               0x0800365c   Section      176  fmul.o(x$fpl$fmul)
    x$fpl$fsub                               0x0800370c   Section      208  faddsub.o(x$fpl$fsub)
    _fsub1                                   0x08003719   Thumb Code     0  faddsub.o(x$fpl$fsub)
    x$fpl$printf1                            0x080037dc   Section       16  printf1.o(x$fpl$printf1)
    ddiv_reciptbl                            0x080037ec   Data         128  ddiv.o(.constdata)
    .constdata                               0x080037ec   Section      128  ddiv.o(.constdata)
    x$fpl$usenofp                            0x080037ec   Section        0  usenofp.o(x$fpl$usenofp)
    Q                                        0x08003870   Data          40  expm1_i.o(.constdata)
    .constdata                               0x08003870   Section       40  expm1_i.o(.constdata)
    tenpwrs_x                                0x08003898   Data          60  bigflt0.o(.constdata)
    .constdata                               0x08003898   Section      148  bigflt0.o(.constdata)
    tenpwrs_i                                0x080038d4   Data          64  bigflt0.o(.constdata)
    locale$$data                             0x0800394c   Section       28  lc_numeric_c.o(locale$$data)
    __lcnum_c_name                           0x08003950   Data           2  lc_numeric_c.o(locale$$data)
    __lcnum_c_start                          0x08003958   Data           0  lc_numeric_c.o(locale$$data)
    __lcnum_c_point                          0x08003964   Data           0  lc_numeric_c.o(locale$$data)
    __lcnum_c_thousands                      0x08003966   Data           0  lc_numeric_c.o(locale$$data)
    __lcnum_c_grouping                       0x08003967   Data           0  lc_numeric_c.o(locale$$data)
    __lcnum_c_end                            0x08003968   Data           0  lc_numeric_c.o(locale$$data)
    [Anonymous Symbol]                       0x20000000   Section        0  main.o(.data..L_MergedGlobals)
    .bss                                     0x20000008   Section       96  libspace.o(.bss)
    [Anonymous Symbol]                       0x20000068   Section        0  main.o(.bss..L_MergedGlobals.1)
    Heap_Mem                                 0x200000a8   Data         512  startup_stm32l073xx.o(HEAP)
    HEAP                                     0x200000a8   Section      512  startup_stm32l073xx.o(HEAP)
    Stack_Mem                                0x200002a8   Data        1024  startup_stm32l073xx.o(STACK)
    STACK                                    0x200002a8   Section     1024  startup_stm32l073xx.o(STACK)
    __initial_sp                             0x200006a8   Data           0  startup_stm32l073xx.o(STACK)

    Global Symbols

    Symbol Name                              Value     Ov Type        Size  Object(Section)

    BuildAttributes$$THM_ISAv3M$S$PE$A:L22$X:L11$S22$IEEE1$IW$~IW$USESV6$~STKCKD$USESV7$~SHL$OTIME$ROPI$IEEEX$EBA8$UX$STANDARDLIB$REQ8$PRES8$EABIv2 0x00000000   Number         0  anon$$obj.o ABSOLUTE
    _printf_flags                            0x00000000   Number         0  printf_stubs.o ABSOLUTE
    _printf_return_value                     0x00000000   Number         0  printf_stubs.o ABSOLUTE
    _printf_sizespec                         0x00000000   Number         0  printf_stubs.o ABSOLUTE
    _printf_widthprec                        0x00000000   Number         0  printf_stubs.o ABSOLUTE
    __ARM_exceptions_init                     - Undefined Weak Reference
    __alloca_initialize                       - Undefined Weak Reference
    __arm_preinit_                            - Undefined Weak Reference
    __arm_relocate_pie_                       - Undefined Weak Reference
    __cpp_initialize__aeabi_                  - Undefined Weak Reference
    __cxa_finalize                            - Undefined Weak Reference
    __sigvec_lookup                           - Undefined Weak Reference
    _atexit_init                              - Undefined Weak Reference
    _call_atexit_fns                          - Undefined Weak Reference
    _clock_init                               - Undefined Weak Reference
    _fp_trap_init                             - Undefined Weak Reference
    _fp_trap_shutdown                         - Undefined Weak Reference
    _get_lc_collate                           - Undefined Weak Reference
    _get_lc_ctype                             - Undefined Weak Reference
    _get_lc_monetary                          - Undefined Weak Reference
    _get_lc_time                              - Undefined Weak Reference
    _getenv_init                              - Undefined Weak Reference
    _handle_redirection                       - Undefined Weak Reference
    _init_alloc                               - Undefined Weak Reference
    _init_user_alloc                          - Undefined Weak Reference
    _initio                                   - Undefined Weak Reference
    _printf_post_padding                      - Undefined Weak Reference
    _printf_pre_padding                       - Undefined Weak Reference
    _printf_truncate_signed                   - Undefined Weak Reference
    _printf_truncate_unsigned                 - Undefined Weak Reference
    _rand_init                                - Undefined Weak Reference
    _signal_finish                            - Undefined Weak Reference
    _signal_init                              - Undefined Weak Reference
    _terminate_alloc                          - Undefined Weak Reference
    _terminate_user_alloc                     - Undefined Weak Reference
    _terminateio                              - Undefined Weak Reference
    __Vectors_Size                           0x000000c0   Number         0  startup_stm32l073xx.o ABSOLUTE
    __Vectors                                0x08000000   Data           4  startup_stm32l073xx.o(RESET)
    __Vectors_End                            0x080000c0   Data           0  startup_stm32l073xx.o(RESET)
    __main                                   0x080000c1   Thumb Code     8  __main.o(!!!main)
    __scatterload                            0x080000c9   Thumb Code     0  __scatter.o(!!!scatter)
    __scatterload_rt2                        0x080000c9   Thumb Code    74  __scatter.o(!!!scatter)
    __scatterload_rt2_thumb_only             0x080000c9   Thumb Code     0  __scatter.o(!!!scatter)
    __scatterload_loop                       0x080000d3   Thumb Code     0  __scatter.o(!!!scatter)
    __scatterload_copy                       0x0800011d   Thumb Code    26  __scatter_copy.o(!!handler_copy)
    __scatterload_null                       0x08000139   Thumb Code     2  __scatter.o(!!handler_null)
    __scatterload_zeroinit                   0x0800013d   Thumb Code    28  __scatter_zi.o(!!handler_zi)
    _printf_percent                          0x08000159   Thumb Code     0  _printf_percent.o(.ARM.Collect$$_printf_percent$$00000000)
    _printf_f                                0x0800015b   Thumb Code     0  _printf_f.o(.ARM.Collect$$_printf_percent$$00000003)
    _printf_u                                0x08000165   Thumb Code     0  _printf_u.o(.ARM.Collect$$_printf_percent$$0000000A)
    _printf_percent_end                      0x0800016f   Thumb Code     0  _printf_percent_end.o(.ARM.Collect$$_printf_percent$$00000017)
    __rt_lib_init                            0x08000173   Thumb Code     0  libinit.o(.ARM.Collect$$libinit$$00000000)
    __rt_lib_init_fp_1                       0x08000175   Thumb Code     0  libinit2.o(.ARM.Collect$$libinit$$00000002)
    __rt_lib_init_heap_1                     0x08000175   Thumb Code     0  libinit2.o(.ARM.Collect$$libinit$$0000000C)
    __rt_lib_init_lc_common                  0x08000175   Thumb Code     0  libinit2.o(.ARM.Collect$$libinit$$00000011)
    __rt_lib_init_preinit_1                  0x08000175   Thumb Code     0  libinit2.o(.ARM.Collect$$libinit$$00000006)
    __rt_lib_init_rand_1                     0x08000175   Thumb Code     0  libinit2.o(.ARM.Collect$$libinit$$00000010)
    __rt_lib_init_relocate_pie_1             0x08000175   Thumb Code     0  libinit2.o(.ARM.Collect$$libinit$$00000004)
    __rt_lib_init_user_alloc_1               0x08000175   Thumb Code     0  libinit2.o(.ARM.Collect$$libinit$$0000000E)
    __rt_lib_init_lc_collate_1               0x0800017b   Thumb Code     0  libinit2.o(.ARM.Collect$$libinit$$00000013)
    __rt_lib_init_lc_ctype_1                 0x0800017b   Thumb Code     0  libinit2.o(.ARM.Collect$$libinit$$00000015)
    __rt_lib_init_lc_monetary_1              0x0800017b   Thumb Code     0  libinit2.o(.ARM.Collect$$libinit$$00000017)
    __rt_lib_init_lc_numeric_2               0x0800017b   Thumb Code     0  libinit2.o(.ARM.Collect$$libinit$$00000018)
    __rt_lib_init_alloca_1                   0x08000185   Thumb Code     0  libinit2.o(.ARM.Collect$$libinit$$00000030)
    __rt_lib_init_argv_1                     0x08000185   Thumb Code     0  libinit2.o(.ARM.Collect$$libinit$$0000002E)
    __rt_lib_init_atexit_1                   0x08000185   Thumb Code     0  libinit2.o(.ARM.Collect$$libinit$$0000001D)
    __rt_lib_init_clock_1                    0x08000185   Thumb Code     0  libinit2.o(.ARM.Collect$$libinit$$00000023)
    __rt_lib_init_cpp_1                      0x08000185   Thumb Code     0  libinit2.o(.ARM.Collect$$libinit$$00000034)
    __rt_lib_init_exceptions_1               0x08000185   Thumb Code     0  libinit2.o(.ARM.Collect$$libinit$$00000032)
    __rt_lib_init_fp_trap_1                  0x08000185   Thumb Code     0  libinit2.o(.ARM.Collect$$libinit$$00000021)
    __rt_lib_init_getenv_1                   0x08000185   Thumb Code     0  libinit2.o(.ARM.Collect$$libinit$$00000025)
    __rt_lib_init_lc_numeric_1               0x08000185   Thumb Code     0  libinit2.o(.ARM.Collect$$libinit$$00000019)
    __rt_lib_init_lc_time_1                  0x08000185   Thumb Code     0  libinit2.o(.ARM.Collect$$libinit$$0000001B)
    __rt_lib_init_return                     0x08000185   Thumb Code     0  libinit2.o(.ARM.Collect$$libinit$$00000035)
    __rt_lib_init_signal_1                   0x08000185   Thumb Code     0  libinit2.o(.ARM.Collect$$libinit$$0000001F)
    __rt_lib_init_stdio_1                    0x08000185   Thumb Code     0  libinit2.o(.ARM.Collect$$libinit$$00000027)
    __rt_lib_shutdown                        0x08000187   Thumb Code     0  libshutdown.o(.ARM.Collect$$libshutdown$$00000000)
    __rt_lib_shutdown_cpp_1                  0x08000189   Thumb Code     0  libshutdown2.o(.ARM.Collect$$libshutdown$$00000002)
    __rt_lib_shutdown_fp_trap_1              0x08000189   Thumb Code     0  libshutdown2.o(.ARM.Collect$$libshutdown$$00000007)
    __rt_lib_shutdown_heap_1                 0x08000189   Thumb Code     0  libshutdown2.o(.ARM.Collect$$libshutdown$$0000000F)
    __rt_lib_shutdown_return                 0x08000189   Thumb Code     0  libshutdown2.o(.ARM.Collect$$libshutdown$$00000010)
    __rt_lib_shutdown_signal_1               0x08000189   Thumb Code     0  libshutdown2.o(.ARM.Collect$$libshutdown$$0000000A)
    __rt_lib_shutdown_stdio_1                0x08000189   Thumb Code     0  libshutdown2.o(.ARM.Collect$$libshutdown$$00000004)
    __rt_lib_shutdown_user_alloc_1           0x08000189   Thumb Code     0  libshutdown2.o(.ARM.Collect$$libshutdown$$0000000C)
    __rt_entry                               0x0800018b   Thumb Code     0  __rtentry.o(.ARM.Collect$$rtentry$$00000000)
    __rt_entry_presh_1                       0x0800018b   Thumb Code     0  __rtentry2.o(.ARM.Collect$$rtentry$$00000002)
    __rt_entry_sh                            0x0800018b   Thumb Code     0  __rtentry4.o(.ARM.Collect$$rtentry$$00000004)
    __rt_entry_li                            0x08000191   Thumb Code     0  __rtentry2.o(.ARM.Collect$$rtentry$$0000000A)
    __rt_entry_postsh_1                      0x08000191   Thumb Code     0  __rtentry2.o(.ARM.Collect$$rtentry$$00000009)
    __rt_entry_main                          0x08000195   Thumb Code     0  __rtentry2.o(.ARM.Collect$$rtentry$$0000000D)
    __rt_entry_postli_1                      0x08000195   Thumb Code     0  __rtentry2.o(.ARM.Collect$$rtentry$$0000000C)
    __rt_exit                                0x0800019d   Thumb Code     0  rtexit.o(.ARM.Collect$$rtexit$$00000000)
    __rt_exit_ls                             0x0800019f   Thumb Code     0  rtexit2.o(.ARM.Collect$$rtexit$$00000003)
    __rt_exit_prels_1                        0x0800019f   Thumb Code     0  rtexit2.o(.ARM.Collect$$rtexit$$00000002)
    __rt_exit_exit                           0x080001a3   Thumb Code     0  rtexit2.o(.ARM.Collect$$rtexit$$00000004)
    Reset_Handler                            0x080001a9   Thumb Code     8  startup_stm32l073xx.o(.text)
    NMI_Handler                              0x080001b1   Thumb Code     2  startup_stm32l073xx.o(.text)
    HardFault_Handler                        0x080001b3   Thumb Code     2  startup_stm32l073xx.o(.text)
    SVC_Handler                              0x080001b5   Thumb Code     2  startup_stm32l073xx.o(.text)
    PendSV_Handler                           0x080001b7   Thumb Code     2  startup_stm32l073xx.o(.text)
    ADC1_COMP_IRQHandler                     0x080001bb   Thumb Code     0  startup_stm32l073xx.o(.text)
    DMA1_Channel1_IRQHandler                 0x080001bb   Thumb Code     0  startup_stm32l073xx.o(.text)
    DMA1_Channel2_3_IRQHandler               0x080001bb   Thumb Code     0  startup_stm32l073xx.o(.text)
    DMA1_Channel4_5_6_7_IRQHandler           0x080001bb   Thumb Code     0  startup_stm32l073xx.o(.text)
    EXTI0_1_IRQHandler                       0x080001bb   Thumb Code     0  startup_stm32l073xx.o(.text)
    EXTI2_3_IRQHandler                       0x080001bb   Thumb Code     0  startup_stm32l073xx.o(.text)
    EXTI4_15_IRQHandler                      0x080001bb   Thumb Code     0  startup_stm32l073xx.o(.text)
    FLASH_IRQHandler                         0x080001bb   Thumb Code     0  startup_stm32l073xx.o(.text)
    I2C1_IRQHandler                          0x080001bb   Thumb Code     0  startup_stm32l073xx.o(.text)
    I2C2_IRQHandler                          0x080001bb   Thumb Code     0  startup_stm32l073xx.o(.text)
    I2C3_IRQHandler                          0x080001bb   Thumb Code     0  startup_stm32l073xx.o(.text)
    LCD_IRQHandler                           0x080001bb   Thumb Code     0  startup_stm32l073xx.o(.text)
    LPTIM1_IRQHandler                        0x080001bb   Thumb Code     0  startup_stm32l073xx.o(.text)
    PVD_IRQHandler                           0x080001bb   Thumb Code     0  startup_stm32l073xx.o(.text)
    RCC_CRS_IRQHandler                       0x080001bb   Thumb Code     0  startup_stm32l073xx.o(.text)
    RNG_LPUART1_IRQHandler                   0x080001bb   Thumb Code     0  startup_stm32l073xx.o(.text)
    RTC_IRQHandler                           0x080001bb   Thumb Code     0  startup_stm32l073xx.o(.text)
    SPI1_IRQHandler                          0x080001bb   Thumb Code     0  startup_stm32l073xx.o(.text)
    SPI2_IRQHandler                          0x080001bb   Thumb Code     0  startup_stm32l073xx.o(.text)
    TIM21_IRQHandler                         0x080001bb   Thumb Code     0  startup_stm32l073xx.o(.text)
    TIM22_IRQHandler                         0x080001bb   Thumb Code     0  startup_stm32l073xx.o(.text)
    TIM2_IRQHandler                          0x080001bb   Thumb Code     0  startup_stm32l073xx.o(.text)
    TIM3_IRQHandler                          0x080001bb   Thumb Code     0  startup_stm32l073xx.o(.text)
    TIM6_DAC_IRQHandler                      0x080001bb   Thumb Code     0  startup_stm32l073xx.o(.text)
    TIM7_IRQHandler                          0x080001bb   Thumb Code     0  startup_stm32l073xx.o(.text)
    TSC_IRQHandler                           0x080001bb   Thumb Code     0  startup_stm32l073xx.o(.text)
    USART4_5_IRQHandler                      0x080001bb   Thumb Code     0  startup_stm32l073xx.o(.text)
    USB_IRQHandler                           0x080001bb   Thumb Code     0  startup_stm32l073xx.o(.text)
    WWDG_IRQHandler                          0x080001bb   Thumb Code     0  startup_stm32l073xx.o(.text)
    __user_initial_stackheap                 0x080001bd   Thumb Code     0  startup_stm32l073xx.o(.text)
    __2sprintf                               0x080001e1   Thumb Code    36  noretval__2sprintf.o(.text)
    _printf_int_dec                          0x08000209   Thumb Code    90  _printf_dec.o(.text)
    __printf                                 0x08000275   Thumb Code   270  __printf_wp.o(.text)
    strlen                                   0x08000385   Thumb Code    62  strlen.o(.text)
    __aeabi_uidivmod                         0x080003c9   Thumb Code    28  aeabi_sdivfast.o(.text)
    __aeabi_idivmod                          0x080003e5   Thumb Code   472  aeabi_sdivfast.o(.text)
    __use_two_region_memory                  0x080005c1   Thumb Code     2  heapauxi.o(.text)
    __rt_heap_escrow$2region                 0x080005c3   Thumb Code     2  heapauxi.o(.text)
    __rt_heap_expand$2region                 0x080005c5   Thumb Code     2  heapauxi.o(.text)
    __aeabi_d2f                              0x080005c9   Thumb Code     0  d2f.o(.text)
    __truncdfsf2                             0x080005c9   Thumb Code     0  d2f.o(.text)
    _d2f                                     0x080005c9   Thumb Code   120  d2f.o(.text)
    __aeabi_ddiv                             0x08000645   Thumb Code     0  ddiv.o(.text)
    __divdf3                                 0x08000645   Thumb Code     0  ddiv.o(.text)
    _ddiv                                    0x08000645   Thumb Code  1072  ddiv.o(.text)
    _drdiv                                   0x08000a75   Thumb Code    20  ddiv.o(.text)
    __aeabi_i2d_normalise                    0x08000a8d   Thumb Code    66  dflti.o(.text)
    __aeabi_i2d                              0x08000acf   Thumb Code    16  dflti.o(.text)
    _dflt                                    0x08000acf   Thumb Code     0  dflti.o(.text)
    __aeabi_ui2d                             0x08000adf   Thumb Code     6  dflti.o(.text)
    _dfltu                                   0x08000adf   Thumb Code     0  dflti.o(.text)
    __aeabi_f2d                              0x08000ae5   Thumb Code     0  f2d.o(.text)
    __extendsfdf2                            0x08000ae5   Thumb Code     0  f2d.o(.text)
    _f2d                                     0x08000ae5   Thumb Code    80  f2d.o(.text)
    __aeabi_f2iz                             0x08000b39   Thumb Code     0  ffixi.o(.text)
    _ffix                                    0x08000b39   Thumb Code    76  ffixi.o(.text)
    __aeabi_i2f_normalise                    0x08000b85   Thumb Code    72  fflti.o(.text)
    __aeabi_i2f                              0x08000bcd   Thumb Code    16  fflti.o(.text)
    _fflt                                    0x08000bcd   Thumb Code     0  fflti.o(.text)
    __aeabi_ui2f                             0x08000bdd   Thumb Code     6  fflti.o(.text)
    _ffltu                                   0x08000bdd   Thumb Code     0  fflti.o(.text)
    _printf_int_common                       0x08000be3   Thumb Code   176  _printf_intcommon.o(.text)
    _printf_fp_dec_real                      0x08000e31   Thumb Code   620  _printf_fp_dec.o(.text)
    _printf_char_common                      0x080010b3   Thumb Code    32  _printf_char_common.o(.text)
    _sputc                                   0x080010d9   Thumb Code    10  _sputc.o(.text)
    __rt_udiv10                              0x080010e3   Thumb Code    40  rtudiv10.o(.text)
    __adddf3                                 0x08001405   Thumb Code     0  daddsub.o(.text)
    __aeabi_dadd                             0x08001405   Thumb Code     0  daddsub.o(.text)
    _dadd                                    0x08001405   Thumb Code    26  daddsub.o(.text)
    __aeabi_dsub                             0x0800141f   Thumb Code     0  daddsub.o(.text)
    __subdf3                                 0x0800141f   Thumb Code     0  daddsub.o(.text)
    _dsub                                    0x0800141f   Thumb Code    22  daddsub.o(.text)
    __aeabi_drsub                            0x08001435   Thumb Code     0  daddsub.o(.text)
    _drsb                                    0x08001435   Thumb Code    28  daddsub.o(.text)
    __aeabi_dmul                             0x08001465   Thumb Code     0  dmul.o(.text)
    __muldf3                                 0x08001465   Thumb Code     0  dmul.o(.text)
    _dmul                                    0x08001465   Thumb Code   558  dmul.o(.text)
    __ARM_scalbn                             0x080016ad   Thumb Code    84  dscalbn.o(.text)
    __rt_locale                              0x0800170d   Thumb Code     8  rt_locale_intlibspace.o(.text)
    _ll_udiv10                               0x08001715   Thumb Code   122  lludiv10.o(.text)
    __read_errno                             0x0800178f   Thumb Code    10  _rserrno.o(.text)
    __set_errno                              0x08001799   Thumb Code    12  _rserrno.o(.text)
    _printf_fp_infnan                        0x080017a5   Thumb Code   120  _printf_fp_infnan.o(.text)
    _btod_etento                             0x0800182d   Thumb Code   210  bigflt0.o(.text)
    _btod_d2e                                0x08001905   Thumb Code    64  btod.o(.text)
    _btod_emul                               0x08001d39   Thumb Code    28  btod.o(.text)
    _btod_emuld                              0x08001d55   Thumb Code   144  btod.o(.text)
    _btod_ediv                               0x08001de5   Thumb Code    26  btod.o(.text)
    _btod_edivd                              0x08001dff   Thumb Code   124  btod.o(.text)
    __aeabi_d2iz                             0x08001e85   Thumb Code     0  dfixi.o(.text)
    _dfix                                    0x08001e85   Thumb Code    98  dfixi.o(.text)
    __fpl_fcmp_InfNaN                        0x08001ef1   Thumb Code    96  fcmpin.o(.text)
    __user_libspace                          0x08001f55   Thumb Code     8  libspace.o(.text)
    __user_perproc_libspace                  0x08001f55   Thumb Code     0  libspace.o(.text)
    __user_perthread_libspace                0x08001f55   Thumb Code     0  libspace.o(.text)
    __user_setup_stackheap                   0x08001f5d   Thumb Code    62  sys_stackheap_outer.o(.text)
    __aeabi_errno_addr                       0x08001f9d   Thumb Code     8  rt_errno_addr_intlibspace.o(.text)
    __errno$intlibspace                      0x08001f9d   Thumb Code     0  rt_errno_addr_intlibspace.o(.text)
    __rt_errno_addr$intlibspace              0x08001f9d   Thumb Code     0  rt_errno_addr_intlibspace.o(.text)
    exit                                     0x08001fa5   Thumb Code    16  exit.o(.text)
    strcmp                                   0x08001fb5   Thumb Code   176  strcmpv6m.o(.text)
    __fpl_cmpreturn                          0x08002065   Thumb Code    46  cmpret.o(.text)
    __fpl_dcmp_InfNaN                        0x08002095   Thumb Code   154  dcmpin.o(.text)
    __fpl_fcheck_NaN2                        0x08002135   Thumb Code    10  fnan2.o(.text)
    __fpl_dcheck_NaN2                        0x08002145   Thumb Code    14  dnan2.o(.text)
    __fpl_return_NaN                         0x08002159   Thumb Code    94  retnan.o(.text)
    _sys_exit                                0x080021b9   Thumb Code     8  sys_exit.o(.text)
    __I$use$semihosting                      0x080021c5   Thumb Code     0  use_no_semi.o(.text)
    __use_no_semihosting_swi                 0x080021c5   Thumb Code     2  use_no_semi.o(.text)
    __semihosting_library_function           0x080021c7   Thumb Code     0  indicate_semi.o(.text)
    DHT22_Read                               0x080021c9   Thumb Code   708  main.o(.text.DHT22_Read)
    SysTick_Handler                          0x08002495   Thumb Code    12  main.o(.text.SysTick_Handler)
    SystemInit                               0x080024a5   Thumb Code     2  main.o(.text.SystemInit)
    USART1_IRQHandler                        0x080024a9   Thumb Code    72  main.o(.text.USART1_IRQHandler)
    USART2_IRQHandler                        0x080024f9   Thumb Code    40  main.o(.text.USART2_IRQHandler)
    main                                     0x08002535   Thumb Code  1792  main.o(.text.main)
    __aeabi_uidiv                            0x08002c71   Thumb Code    68  aeabi_sdivfast.o(.text_divfast)
    __aeabi_idiv                             0x08002cb5   Thumb Code   434  aeabi_sdivfast.o(.text_divfast)
    __ARM_common_ll_muluu                    0x08002e67   Thumb Code    48  btod.o(i.__ARM_common_ll_muluu)
    __ARM_fpclassify                         0x08002e99   Thumb Code    40  fpclassify.o(i.__ARM_fpclassify)
    __kernel_poly                            0x08002ec5   Thumb Code   172  poly.o(i.__kernel_poly)
    __mathlib_dbl_infnan                     0x08002f71   Thumb Code    10  dunder.o(i.__mathlib_dbl_infnan)
    __mathlib_dbl_overflow                   0x08002f7d   Thumb Code    16  dunder.o(i.__mathlib_dbl_overflow)
    __mathlib_dbl_underflow                  0x08002f91   Thumb Code    14  dunder.o(i.__mathlib_dbl_underflow)
    __mathlib_expm1                          0x08002fa5   Thumb Code   774  expm1_i.o(i.__mathlib_expm1)
    __aeabi_fcmpge                           0x08003311   Thumb Code     0  fcmp.o(i._fgeq)
    _fgeq                                    0x08003311   Thumb Code    22  fcmp.o(i._fgeq)
    __aeabi_fcmpgt                           0x08003327   Thumb Code     0  fcmp.o(i._fgr)
    _fgr                                     0x08003327   Thumb Code    22  fcmp.o(i._fgr)
    __aeabi_fcmplt                           0x0800333d   Thumb Code     0  fcmp.o(i._fls)
    _fls                                     0x0800333d   Thumb Code    22  fcmp.o(i._fls)
    _is_digit                                0x08003353   Thumb Code    14  __printf_wp.o(i._is_digit)
    tanh                                     0x08003361   Thumb Code   196  tanh.o(i.tanh)
    _get_lc_numeric                          0x08003431   Thumb Code    44  lc_numeric_c.o(locale$$code)
    __aeabi_cdcmple                          0x0800345d   Thumb Code     0  dlef.o(x$fpl$dleqf)
    _dcmple                                  0x0800345d   Thumb Code    94  dlef.o(x$fpl$dleqf)
    __aeabi_cdrcmple                         0x080034c1   Thumb Code     0  drlef.o(x$fpl$drleqf)
    _drcmple                                 0x080034c1   Thumb Code   100  drlef.o(x$fpl$drleqf)
    __aeabi_fadd                             0x08003529   Thumb Code     0  faddsub.o(x$fpl$fadd)
    _fadd                                    0x08003529   Thumb Code   134  faddsub.o(x$fpl$fadd)
    _fcmpge                                  0x080035b5   Thumb Code    78  fgef.o(x$fpl$fgeqf)
    __aeabi_cfcmple                          0x08003609   Thumb Code     0  flef.o(x$fpl$fleqf)
    _fcmple                                  0x08003609   Thumb Code    78  flef.o(x$fpl$fleqf)
    __aeabi_fmul                             0x0800365d   Thumb Code     0  fmul.o(x$fpl$fmul)
    _fmul                                    0x0800365d   Thumb Code   172  fmul.o(x$fpl$fmul)
    __aeabi_fsub                             0x0800370d   Thumb Code     0  faddsub.o(x$fpl$fsub)
    _fsub                                    0x0800370d   Thumb Code   204  faddsub.o(x$fpl$fsub)
    _printf_fp_dec                           0x080037dd   Thumb Code    16  printf1.o(x$fpl$printf1)
    __I$use$fp                               0x080037ec   Number         0  usenofp.o(x$fpl$usenofp)
    Region$$Table$$Base                      0x0800392c   Number         0  anon$$obj.o(Region$$Table)
    Region$$Table$$Limit                     0x0800394c   Number         0  anon$$obj.o(Region$$Table)
    mode                                     0x20000000   Data           1  main.o(.data..L_MergedGlobals)
    SystemCoreClock                          0x20000004   Data           4  main.o(.data..L_MergedGlobals)
    __libspace_start                         0x20000008   Data          96  libspace.o(.bss)
    __temporary_stack_top$libspace           0x20000068   Data           0  libspace.o(.bss)
    adc_initialized                          0x20000068   Data           1  main.o(.bss..L_MergedGlobals.1)
    Presence                                 0x20000069   Data           1  main.o(.bss..L_MergedGlobals.1)
    Rh_byte1                                 0x2000006a   Data           1  main.o(.bss..L_MergedGlobals.1)
    Rh_byte2                                 0x2000006b   Data           1  main.o(.bss..L_MergedGlobals.1)
    Temp_byte1                               0x2000006c   Data           1  main.o(.bss..L_MergedGlobals.1)
    Temp_byte2                               0x2000006d   Data           1  main.o(.bss..L_MergedGlobals.1)
    SUM                                      0x2000006e   Data           2  main.o(.bss..L_MergedGlobals.1)
    TEMP                                     0x20000070   Data           2  main.o(.bss..L_MergedGlobals.1)
    RH                                       0x20000072   Data           2  main.o(.bss..L_MergedGlobals.1)
    uwTick                                   0x20000074   Data           4  main.o(.bss..L_MergedGlobals.1)
    adc_filtered                             0x20000078   Data           4  main.o(.bss..L_MergedGlobals.1)
    Temperature                              0x2000007c   Data           4  main.o(.bss..L_MergedGlobals.1)
    Humidity                                 0x20000080   Data           4  main.o(.bss..L_MergedGlobals.1)
    light_tanh                               0x20000084   Data          32  main.o(.bss..L_MergedGlobals.1)
    c                                        0x200000a4   Data           1  main.o(.bss.c)



==============================================================================

Memory Map of the image

  Image Entry point : 0x080000c1

  Load Region LR_IROM1 (Base: 0x08000000, Size: 0x00003970, Max: 0x00030000, ABSOLUTE)

    Execution Region ER_IROM1 (Exec base: 0x08000000, Load base: 0x08000000, Size: 0x00003968, Max: 0x00030000, ABSOLUTE)

    Exec Addr    Load Addr    Size         Type   Attr      Idx    E Section Name        Object

    0x08000000   0x08000000   0x000000c0   Data   RO            3    RESET               startup_stm32l073xx.o
    0x080000c0   0x080000c0   0x00000008   Code   RO          121  * !!!main             c_p.l(__main.o)
    0x080000c8   0x080000c8   0x00000054   Code   RO          452    !!!scatter          c_p.l(__scatter.o)
    0x0800011c   0x0800011c   0x0000001a   Code   RO          456    !!handler_copy      c_p.l(__scatter_copy.o)
    0x08000136   0x08000136   0x00000002   PAD
    0x08000138   0x08000138   0x00000002   Code   RO          453    !!handler_null      c_p.l(__scatter.o)
    0x0800013a   0x0800013a   0x00000002   PAD
    0x0800013c   0x0800013c   0x0000001c   Code   RO          458    !!handler_zi        c_p.l(__scatter_zi.o)
    0x08000158   0x08000158   0x00000002   Code   RO          108    .ARM.Collect$$_printf_percent$$00000000  c_p.l(_printf_percent.o)
    0x0800015a   0x0800015a   0x0000000a   Code   RO          107    .ARM.Collect$$_printf_percent$$00000003  c_p.l(_printf_f.o)
    0x08000164   0x08000164   0x0000000a   Code   RO          106    .ARM.Collect$$_printf_percent$$0000000A  c_p.l(_printf_u.o)
    0x0800016e   0x0800016e   0x00000004   Code   RO          189    .ARM.Collect$$_printf_percent$$00000017  c_p.l(_printf_percent_end.o)
    0x08000172   0x08000172   0x00000002   Code   RO          304    .ARM.Collect$$libinit$$00000000  c_p.l(libinit.o)
    0x08000174   0x08000174   0x00000000   Code   RO          306    .ARM.Collect$$libinit$$00000002  c_p.l(libinit2.o)
    0x08000174   0x08000174   0x00000000   Code   RO          308    .ARM.Collect$$libinit$$00000004  c_p.l(libinit2.o)
    0x08000174   0x08000174   0x00000000   Code   RO          310    .ARM.Collect$$libinit$$00000006  c_p.l(libinit2.o)
    0x08000174   0x08000174   0x00000000   Code   RO          313    .ARM.Collect$$libinit$$0000000C  c_p.l(libinit2.o)
    0x08000174   0x08000174   0x00000000   Code   RO          315    .ARM.Collect$$libinit$$0000000E  c_p.l(libinit2.o)
    0x08000174   0x08000174   0x00000000   Code   RO          317    .ARM.Collect$$libinit$$00000010  c_p.l(libinit2.o)
    0x08000174   0x08000174   0x00000006   Code   RO          318    .ARM.Collect$$libinit$$00000011  c_p.l(libinit2.o)
    0x0800017a   0x0800017a   0x00000000   Code   RO          320    .ARM.Collect$$libinit$$00000013  c_p.l(libinit2.o)
    0x0800017a   0x0800017a   0x00000000   Code   RO          322    .ARM.Collect$$libinit$$00000015  c_p.l(libinit2.o)
    0x0800017a   0x0800017a   0x00000000   Code   RO          324    .ARM.Collect$$libinit$$00000017  c_p.l(libinit2.o)
    0x0800017a   0x0800017a   0x0000000a   Code   RO          325    .ARM.Collect$$libinit$$00000018  c_p.l(libinit2.o)
    0x08000184   0x08000184   0x00000000   Code   RO          326    .ARM.Collect$$libinit$$00000019  c_p.l(libinit2.o)
    0x08000184   0x08000184   0x00000000   Code   RO          328    .ARM.Collect$$libinit$$0000001B  c_p.l(libinit2.o)
    0x08000184   0x08000184   0x00000000   Code   RO          330    .ARM.Collect$$libinit$$0000001D  c_p.l(libinit2.o)
    0x08000184   0x08000184   0x00000000   Code   RO          332    .ARM.Collect$$libinit$$0000001F  c_p.l(libinit2.o)
    0x08000184   0x08000184   0x00000000   Code   RO          334    .ARM.Collect$$libinit$$00000021  c_p.l(libinit2.o)
    0x08000184   0x08000184   0x00000000   Code   RO          336    .ARM.Collect$$libinit$$00000023  c_p.l(libinit2.o)
    0x08000184   0x08000184   0x00000000   Code   RO          338    .ARM.Collect$$libinit$$00000025  c_p.l(libinit2.o)
    0x08000184   0x08000184   0x00000000   Code   RO          340    .ARM.Collect$$libinit$$00000027  c_p.l(libinit2.o)
    0x08000184   0x08000184   0x00000000   Code   RO          344    .ARM.Collect$$libinit$$0000002E  c_p.l(libinit2.o)
    0x08000184   0x08000184   0x00000000   Code   RO          346    .ARM.Collect$$libinit$$00000030  c_p.l(libinit2.o)
    0x08000184   0x08000184   0x00000000   Code   RO          348    .ARM.Collect$$libinit$$00000032  c_p.l(libinit2.o)
    0x08000184   0x08000184   0x00000000   Code   RO          350    .ARM.Collect$$libinit$$00000034  c_p.l(libinit2.o)
    0x08000184   0x08000184   0x00000002   Code   RO          351    .ARM.Collect$$libinit$$00000035  c_p.l(libinit2.o)
    0x08000186   0x08000186   0x00000002   Code   RO          417    .ARM.Collect$$libshutdown$$00000000  c_p.l(libshutdown.o)
    0x08000188   0x08000188   0x00000000   Code   RO          435    .ARM.Collect$$libshutdown$$00000002  c_p.l(libshutdown2.o)
    0x08000188   0x08000188   0x00000000   Code   RO          437    .ARM.Collect$$libshutdown$$00000004  c_p.l(libshutdown2.o)
    0x08000188   0x08000188   0x00000000   Code   RO          440    .ARM.Collect$$libshutdown$$00000007  c_p.l(libshutdown2.o)
    0x08000188   0x08000188   0x00000000   Code   RO          443    .ARM.Collect$$libshutdown$$0000000A  c_p.l(libshutdown2.o)
    0x08000188   0x08000188   0x00000000   Code   RO          445    .ARM.Collect$$libshutdown$$0000000C  c_p.l(libshutdown2.o)
    0x08000188   0x08000188   0x00000000   Code   RO          448    .ARM.Collect$$libshutdown$$0000000F  c_p.l(libshutdown2.o)
    0x08000188   0x08000188   0x00000002   Code   RO          449    .ARM.Collect$$libshutdown$$00000010  c_p.l(libshutdown2.o)
    0x0800018a   0x0800018a   0x00000000   Code   RO          174    .ARM.Collect$$rtentry$$00000000  c_p.l(__rtentry.o)
    0x0800018a   0x0800018a   0x00000000   Code   RO          225    .ARM.Collect$$rtentry$$00000002  c_p.l(__rtentry2.o)
    0x0800018a   0x0800018a   0x00000006   Code   RO          237    .ARM.Collect$$rtentry$$00000004  c_p.l(__rtentry4.o)
    0x08000190   0x08000190   0x00000000   Code   RO          227    .ARM.Collect$$rtentry$$00000009  c_p.l(__rtentry2.o)
    0x08000190   0x08000190   0x00000004   Code   RO          228    .ARM.Collect$$rtentry$$0000000A  c_p.l(__rtentry2.o)
    0x08000194   0x08000194   0x00000000   Code   RO          230    .ARM.Collect$$rtentry$$0000000C  c_p.l(__rtentry2.o)
    0x08000194   0x08000194   0x00000008   Code   RO          231    .ARM.Collect$$rtentry$$0000000D  c_p.l(__rtentry2.o)
    0x0800019c   0x0800019c   0x00000002   Code   RO          359    .ARM.Collect$$rtexit$$00000000  c_p.l(rtexit.o)
    0x0800019e   0x0800019e   0x00000000   Code   RO          382    .ARM.Collect$$rtexit$$00000002  c_p.l(rtexit2.o)
    0x0800019e   0x0800019e   0x00000004   Code   RO          383    .ARM.Collect$$rtexit$$00000003  c_p.l(rtexit2.o)
    0x080001a2   0x080001a2   0x00000006   Code   RO          384    .ARM.Collect$$rtexit$$00000004  c_p.l(rtexit2.o)
    0x080001a8   0x080001a8   0x00000038   Code   RO            4    .text               startup_stm32l073xx.o
    0x080001e0   0x080001e0   0x00000028   Code   RO           80    .text               c_p.l(noretval__2sprintf.o)
    0x08000208   0x08000208   0x0000006c   Code   RO           84    .text               c_p.l(_printf_dec.o)
    0x08000274   0x08000274   0x0000010e   Code   RO           94    .text               c_p.l(__printf_wp.o)
    0x08000382   0x08000382   0x00000002   PAD
    0x08000384   0x08000384   0x00000044   Code   RO          109    .text               c_p.l(strlen.o)
    0x080003c8   0x080003c8   0x000001f8   Code   RO          111    .text               c_p.l(aeabi_sdivfast.o)
    0x080005c0   0x080005c0   0x00000006   Code   RO          119    .text               c_p.l(heapauxi.o)
    0x080005c6   0x080005c6   0x00000002   PAD
    0x080005c8   0x080005c8   0x0000007c   Code   RO          123    .text               fz_ps.l(d2f.o)
    0x08000644   0x08000644   0x00000448   Code   RO          125    .text               fz_ps.l(ddiv.o)
    0x08000a8c   0x08000a8c   0x00000058   Code   RO          128    .text               fz_ps.l(dflti.o)
    0x08000ae4   0x08000ae4   0x00000054   Code   RO          130    .text               fz_ps.l(f2d.o)
    0x08000b38   0x08000b38   0x0000004c   Code   RO          162    .text               fz_ps.l(ffixi.o)
    0x08000b84   0x08000b84   0x0000005e   Code   RO          164    .text               fz_ps.l(fflti.o)
    0x08000be2   0x08000be2   0x000000b0   Code   RO          179    .text               c_p.l(_printf_intcommon.o)
    0x08000c92   0x08000c92   0x00000002   PAD
    0x08000c94   0x08000c94   0x00000414   Code   RO          181    .text               c_p.l(_printf_fp_dec.o)
    0x080010a8   0x080010a8   0x00000030   Code   RO          185    .text               c_p.l(_printf_char_common.o)
    0x080010d8   0x080010d8   0x0000000a   Code   RO          187    .text               c_p.l(_sputc.o)
    0x080010e2   0x080010e2   0x00000028   Code   RO          190    .text               c_p.l(rtudiv10.o)
    0x0800110a   0x0800110a   0x00000002   PAD
    0x0800110c   0x0800110c   0x00000358   Code   RO          192    .text               fz_ps.l(daddsub.o)
    0x08001464   0x08001464   0x00000248   Code   RO          194    .text               fz_ps.l(dmul.o)
    0x080016ac   0x080016ac   0x00000060   Code   RO          196    .text               fz_ps.l(dscalbn.o)
    0x0800170c   0x0800170c   0x00000008   Code   RO          244    .text               c_p.l(rt_locale_intlibspace.o)
    0x08001714   0x08001714   0x0000007a   Code   RO          246    .text               c_p.l(lludiv10.o)
    0x0800178e   0x0800178e   0x00000016   Code   RO          248    .text               c_p.l(_rserrno.o)
    0x080017a4   0x080017a4   0x00000088   Code   RO          250    .text               c_p.l(_printf_fp_infnan.o)
    0x0800182c   0x0800182c   0x000000d8   Code   RO          254    .text               c_p.l(bigflt0.o)
    0x08001904   0x08001904   0x00000580   Code   RO          257    .text               c_p.l(btod.o)
    0x08001e84   0x08001e84   0x0000006c   Code   RO          266    .text               fz_ps.l(dfixi.o)
    0x08001ef0   0x08001ef0   0x00000064   Code   RO          272    .text               fz_ps.l(fcmpin.o)
    0x08001f54   0x08001f54   0x00000008   Code   RO          278    .text               c_p.l(libspace.o)
    0x08001f5c   0x08001f5c   0x0000003e   Code   RO          281    .text               c_p.l(sys_stackheap_outer.o)
    0x08001f9a   0x08001f9a   0x00000002   PAD
    0x08001f9c   0x08001f9c   0x00000008   Code   RO          287    .text               c_p.l(rt_errno_addr_intlibspace.o)
    0x08001fa4   0x08001fa4   0x00000010   Code   RO          291    .text               c_p.l(exit.o)
    0x08001fb4   0x08001fb4   0x000000b0   Code   RO          297    .text               c_p.l(strcmpv6m.o)
    0x08002064   0x08002064   0x0000002e   Code   RO          352    .text               fz_ps.l(cmpret.o)
    0x08002092   0x08002092   0x00000002   PAD
    0x08002094   0x08002094   0x000000a0   Code   RO          354    .text               fz_ps.l(dcmpin.o)
    0x08002134   0x08002134   0x00000010   Code   RO          356    .text               fz_ps.l(fnan2.o)
    0x08002144   0x08002144   0x00000014   Code   RO          371    .text               fz_ps.l(dnan2.o)
    0x08002158   0x08002158   0x0000005e   Code   RO          375    .text               fz_ps.l(retnan.o)
    0x080021b6   0x080021b6   0x00000002   PAD
    0x080021b8   0x080021b8   0x0000000c   Code   RO          377    .text               c_p.l(sys_exit.o)
    0x080021c4   0x080021c4   0x00000002   Code   RO          404    .text               c_p.l(use_no_semi.o)
    0x080021c6   0x080021c6   0x00000000   Code   RO          406    .text               c_p.l(indicate_semi.o)
    0x080021c6   0x080021c6   0x00000002   PAD
    0x080021c8   0x080021c8   0x000002cc   Code   RO           35    .text.DHT22_Read    main.o
    0x08002494   0x08002494   0x00000010   Code   RO           13    .text.SysTick_Handler  main.o
    0x080024a4   0x080024a4   0x00000002   Code   RO           11    .text.SystemInit    main.o
    0x080024a6   0x080024a6   0x00000002   PAD
    0x080024a8   0x080024a8   0x00000050   Code   RO           55    .text.USART1_IRQHandler  main.o
    0x080024f8   0x080024f8   0x0000003c   Code   RO           57    .text.USART2_IRQHandler  main.o
    0x08002534   0x08002534   0x0000073c   Code   RO           53    .text.main          main.o
    0x08002c70   0x08002c70   0x000001f6   Code   RO          112    .text_divfast       c_p.l(aeabi_sdivfast.o)
    0x08002e66   0x08002e66   0x00000030   Code   RO          259    i.__ARM_common_ll_muluu  c_p.l(btod.o)
    0x08002e96   0x08002e96   0x00000002   PAD
    0x08002e98   0x08002e98   0x0000002c   Code   RO          222    i.__ARM_fpclassify  m_ps.l(fpclassify.o)
    0x08002ec4   0x08002ec4   0x000000ac   Code   RO          276    i.__kernel_poly     m_ps.l(poly.o)
    0x08002f70   0x08002f70   0x0000000a   Code   RO          206    i.__mathlib_dbl_infnan  m_ps.l(dunder.o)
    0x08002f7a   0x08002f7a   0x00000002   PAD
    0x08002f7c   0x08002f7c   0x00000014   Code   RO          209    i.__mathlib_dbl_overflow  m_ps.l(dunder.o)
    0x08002f90   0x08002f90   0x00000014   Code   RO          211    i.__mathlib_dbl_underflow  m_ps.l(dunder.o)
    0x08002fa4   0x08002fa4   0x0000036c   Code   RO          219    i.__mathlib_expm1   m_ps.l(expm1_i.o)
    0x08003310   0x08003310   0x00000016   Code   RO          145    i._fgeq             fz_ps.l(fcmp.o)
    0x08003326   0x08003326   0x00000016   Code   RO          146    i._fgr              fz_ps.l(fcmp.o)
    0x0800333c   0x0800333c   0x00000016   Code   RO          148    i._fls              fz_ps.l(fcmp.o)
    0x08003352   0x08003352   0x0000000e   Code   RO           96    i._is_digit         c_p.l(__printf_wp.o)
    0x08003360   0x08003360   0x000000d0   Code   RO          171    i.tanh              m_ps.l(tanh.o)
    0x08003430   0x08003430   0x0000002c   Code   RO          264    locale$$code        c_p.l(lc_numeric_c.o)
    0x0800345c   0x0800345c   0x00000064   Code   RO          268    x$fpl$dleqf         fz_ps.l(dlef.o)
    0x080034c0   0x080034c0   0x00000068   Code   RO          270    x$fpl$drleqf        fz_ps.l(drlef.o)
    0x08003528   0x08003528   0x0000008c   Code   RO          132    x$fpl$fadd          fz_ps.l(faddsub.o)
    0x080035b4   0x080035b4   0x00000054   Code   RO          200    x$fpl$fgeqf         fz_ps.l(fgef.o)
    0x08003608   0x08003608   0x00000054   Code   RO          202    x$fpl$fleqf         fz_ps.l(flef.o)
    0x0800365c   0x0800365c   0x000000b0   Code   RO          166    x$fpl$fmul          fz_ps.l(fmul.o)
    0x0800370c   0x0800370c   0x000000d0   Code   RO          134    x$fpl$fsub          fz_ps.l(faddsub.o)
    0x080037dc   0x080037dc   0x00000010   Code   RO          168    x$fpl$printf1       fz_ps.l(printf1.o)
    0x080037ec   0x080037ec   0x00000000   Code   RO          204    x$fpl$usenofp       fz_ps.l(usenofp.o)
    0x080037ec   0x080037ec   0x00000080   Data   RO          126    .constdata          fz_ps.l(ddiv.o)
    0x0800386c   0x0800386c   0x00000004   PAD
    0x08003870   0x08003870   0x00000028   Data   RO          220    .constdata          m_ps.l(expm1_i.o)
    0x08003898   0x08003898   0x00000094   Data   RO          255    .constdata          c_p.l(bigflt0.o)
    0x0800392c   0x0800392c   0x00000020   Data   RO          451    Region$$Table       anon$$obj.o
    0x0800394c   0x0800394c   0x0000001c   Data   RO          263    locale$$data        c_p.l(lc_numeric_c.o)


    Execution Region RW_IRAM1 (Exec base: 0x20000000, Load base: 0x08003968, Size: 0x000006a8, Max: 0x00005000, ABSOLUTE)

    Exec Addr    Load Addr    Size         Type   Attr      Idx    E Section Name        Object

    0x20000000   0x08003968   0x00000008   Data   RW           67    .data..L_MergedGlobals  main.o
    0x20000008        -       0x00000060   Zero   RW          279    .bss                c_p.l(libspace.o)
    0x20000068        -       0x0000003c   Zero   RW           68    .bss..L_MergedGlobals.1  main.o
    0x200000a4        -       0x00000001   Zero   RW           64    .bss.c              main.o
    0x200000a5   0x08003970   0x00000003   PAD
    0x200000a8        -       0x00000200   Zero   RW            2    HEAP                startup_stm32l073xx.o
    0x200002a8        -       0x00000400   Zero   RW            1    STACK               startup_stm32l073xx.o


==============================================================================

Image component sizes


      Code (inc. data)   RO Data    RW Data    ZI Data      Debug   Object Name

      2726        180          0          8         61      19506   main.o
        56         26        192          0       1536        640   startup_stm32l073xx.o

    ----------------------------------------------------------------------
      2784        206        224          8       1600      20146   Object Totals
         0          0         32          0          0          0   (incl. Generated)
         2          0          0          0          3          0   (incl. Padding)

    ----------------------------------------------------------------------

      Code (inc. data)   RO Data    RW Data    ZI Data      Debug   Library Member Name

         8          0          0          0          0         68   __main.o
       284          0          0          0          0        136   __printf_wp.o
         0          0          0          0          0          0   __rtentry.o
        12          0          0          0          0          0   __rtentry2.o
         6          0          0          0          0          0   __rtentry4.o
        86         10          0          0          0          0   __scatter.o
        26          0          0          0          0          0   __scatter_copy.o
        28          0          0          0          0          0   __scatter_zi.o
        48          6          0          0          0         88   _printf_char_common.o
       108         18          0          0          0         76   _printf_dec.o
        10          0          0          0          0          0   _printf_f.o
      1044         12          0          0          0        116   _printf_fp_dec.o
       136         16          0          0          0         76   _printf_fp_infnan.o
       176          0          0          0          0         84   _printf_intcommon.o
         2          0          0          0          0          0   _printf_percent.o
         4          0          0          0          0          0   _printf_percent_end.o
        10          0          0          0          0          0   _printf_u.o
        22          0          0          0          0         92   _rserrno.o
        10          0          0          0          0         60   _sputc.o
      1006          4          0          0          0        184   aeabi_sdivfast.o
       216          6        148          0          0         80   bigflt0.o
      1456         30          0          0          0        336   btod.o
        16          0          0          0          0         68   exit.o
         6          0          0          0          0        136   heapauxi.o
         0          0          0          0          0          0   indicate_semi.o
        44         10         28          0          0         76   lc_numeric_c.o
         2          0          0          0          0          0   libinit.o
        18          0          0          0          0          0   libinit2.o
         2          0          0          0          0          0   libshutdown.o
         2          0          0          0          0          0   libshutdown2.o
         8          4          0          0         96         68   libspace.o
       122          0          0          0          0         72   lludiv10.o
        40          4          0          0          0         84   noretval__2sprintf.o
         8          4          0          0          0         68   rt_errno_addr_intlibspace.o
         8          4          0          0          0         68   rt_locale_intlibspace.o
         2          0          0          0          0          0   rtexit.o
        10          0          0          0          0          0   rtexit2.o
        40          0          0          0          0         60   rtudiv10.o
       176          4          0          0          0         80   strcmpv6m.o
        68          6          0          0          0         72   strlen.o
        12          4          0          0          0         60   sys_exit.o
        62          0          0          0          0         80   sys_stackheap_outer.o
         2          0          0          0          0         68   use_no_semi.o
        46          0          0          0          0         60   cmpret.o
       124          4          0          0          0         72   d2f.o
       856         20          0          0          0        208   daddsub.o
       160          6          0          0          0         76   dcmpin.o
      1096         26        128          0          0        112   ddiv.o
       108         10          0          0          0         72   dfixi.o
        88          0          0          0          0         92   dflti.o
       100          4          0          0          0         92   dlef.o
       584         26          0          0          0         84   dmul.o
        20          6          0          0          0         68   dnan2.o
       104          4          0          0          0        104   drlef.o
        96         12          0          0          0         72   dscalbn.o
        84          4          0          0          0         60   f2d.o
       348          8          0          0          0        160   faddsub.o
        66          0          0          0          0        204   fcmp.o
       100          4          0          0          0         68   fcmpin.o
        76          0          0          0          0         68   ffixi.o
        94          0          0          0          0         92   fflti.o
        84          4          0          0          0         76   fgef.o
        84          4          0          0          0         76   flef.o
       176          4          0          0          0         80   fmul.o
        16          6          0          0          0         68   fnan2.o
        16          4          0          0          0         76   printf1.o
        94          0          0          0          0         68   retnan.o
         0          0          0          0          0          0   usenofp.o
        50         10          0          0          0        204   dunder.o
       876        102         40          0          0        136   expm1_i.o
        44          4          0          0          0         60   fpclassify.o
       172          0          0          0          0         76   poly.o
       208         12          0          0          0         76   tanh.o

    ----------------------------------------------------------------------
     11340        426        348          0         96       5216   Library Totals
        24          0          4          0          0          0   (incl. Padding)

    ----------------------------------------------------------------------

      Code (inc. data)   RO Data    RW Data    ZI Data      Debug   Library Name

      5346        142        176          0         96       2456   c_p.l
      4620        156        128          0          0       2208   fz_ps.l
      1350        128         40          0          0        552   m_ps.l

    ----------------------------------------------------------------------
     11340        426        348          0         96       5216   Library Totals

    ----------------------------------------------------------------------

==============================================================================


      Code (inc. data)   RO Data    RW Data    ZI Data      Debug   

     14124        632        572          8       1696      22762   Grand Totals
     14124        632        572          8       1696      22762   ELF Image Totals
     14124        632        572          8          0          0   ROM Totals

==============================================================================

    Total RO  Size (Code + RO Data)                14696 (  14.35kB)
    Total RW  Size (RW Data + ZI Data)              1704 (   1.66kB)
    Total ROM Size (Code + RO Data + RW Data)      14704 (  14.36kB)

==============================================================================

